<?xml version="1.0" encoding="ISO-8859-1" ?>
<link_info>
   <banner>MSP430 Linker PC v21.6.1.LTS</banner>
   <copyright>Copyright (c) 2003-2018 Texas Instruments Incorporated</copyright>
   <link_time>0x66794d4c</link_time>
   <link_errors>0x0</link_errors>
   <output_file>rover deployment software system.out</output_file>
   <entry_point>
      <name>_c_int00_noargs_mpu</name>
      <address>0x48fc</address>
   </entry_point>
   <input_file_list>
      <input_file id="fl-2">
         <path>.\src\lander_communication\</path>
         <kind>object</kind>
         <file>lander_communication.obj</file>
         <name>lander_communication.obj</name>
      </input_file>
      <input_file id="fl-3">
         <path>.\src\lander_communication\</path>
         <kind>object</kind>
         <file>lander_communication_protocol.obj</file>
         <name>lander_communication_protocol.obj</name>
      </input_file>
      <input_file id="fl-4">
         <path>.\src\lander_communication\</path>
         <kind>object</kind>
         <file>uart_communication.obj</file>
         <name>uart_communication.obj</name>
      </input_file>
      <input_file id="fl-5">
         <path>.\src\lander_communication\learning to use UART\</path>
         <kind>object</kind>
         <file>PinHigh.obj</file>
         <name>PinHigh.obj</name>
      </input_file>
      <input_file id="fl-6">
         <path>.\src\lander_communication\learning to use UART\</path>
         <kind>object</kind>
         <file>SLIP encoding.obj</file>
         <name>SLIP encoding.obj</name>
      </input_file>
      <input_file id="fl-7">
         <path>.\src\lander_communication\learning to use UART\</path>
         <kind>object</kind>
         <file>SLIP retransmission.obj</file>
         <name>SLIP retransmission.obj</name>
      </input_file>
      <input_file id="fl-8">
         <path>.\src\lander_communication\learning to use UART\</path>
         <kind>object</kind>
         <file>UART transmission using buffer.obj</file>
         <name>UART transmission using buffer.obj</name>
      </input_file>
      <input_file id="fl-9">
         <path>.\src\lander_communication\learning to use UART\</path>
         <kind>object</kind>
         <file>UART transmit pin test.obj</file>
         <name>UART transmit pin test.obj</name>
      </input_file>
      <input_file id="fl-a">
         <path>.\src\</path>
         <kind>object</kind>
         <file>main.obj</file>
         <name>main.obj</name>
      </input_file>
      <input_file id="fl-b">
         <path>.\src\system_health\</path>
         <kind>object</kind>
         <file>ECCS.obj</file>
         <name>ECCS.obj</name>
      </input_file>
      <input_file id="fl-c">
         <path>.\src\system_health\</path>
         <kind>object</kind>
         <file>NEA_readout.obj</file>
         <name>NEA_readout.obj</name>
      </input_file>
      <input_file id="fl-d">
         <path>.\src\system_health\</path>
         <kind>object</kind>
         <file>bus_current_readout.obj</file>
         <name>bus_current_readout.obj</name>
      </input_file>
      <input_file id="fl-e">
         <path>.\src\system_health\</path>
         <kind>object</kind>
         <file>heat_resistor_control.obj</file>
         <name>heat_resistor_control.obj</name>
      </input_file>
      <input_file id="fl-f">
         <path>.\src\system_health\</path>
         <kind>object</kind>
         <file>main_system_init.obj</file>
         <name>main_system_init.obj</name>
      </input_file>
      <input_file id="fl-10">
         <path>.\src\system_health\</path>
         <kind>object</kind>
         <file>supercap_readout.obj</file>
         <name>supercap_readout.obj</name>
      </input_file>
      <input_file id="fl-11">
         <path>.\src\system_health\</path>
         <kind>object</kind>
         <file>temp_sensors.obj</file>
         <name>temp_sensors.obj</name>
      </input_file>
      <input_file id="fl-12">
         <path>.\src\system_health\</path>
         <kind>object</kind>
         <file>umbilical_cord.obj</file>
         <name>umbilical_cord.obj</name>
      </input_file>
      <input_file id="fl-13">
         <path>.\src\transit_modes\</path>
         <kind>object</kind>
         <file>deployment_mode.obj</file>
         <name>deployment_mode.obj</name>
      </input_file>
      <input_file id="fl-14">
         <path>.\src\transit_modes\</path>
         <kind>object</kind>
         <file>general_startup.obj</file>
         <name>general_startup.obj</name>
      </input_file>
      <input_file id="fl-15">
         <path>.\src\transit_modes\</path>
         <kind>object</kind>
         <file>launch_mode.obj</file>
         <name>launch_mode.obj</name>
      </input_file>
      <input_file id="fl-16">
         <path>.\src\transit_modes\</path>
         <kind>object</kind>
         <file>pre_deployment_mode.obj</file>
         <name>pre_deployment_mode.obj</name>
      </input_file>
      <input_file id="fl-17">
         <path>.\src\transit_modes\</path>
         <kind>object</kind>
         <file>transit_mode.obj</file>
         <name>transit_mode.obj</name>
      </input_file>
      <input_file id="fl-1e">
         <kind>object</kind>
         <file>&lt;internal&gt;</file>
         <name>&lt;internal&gt;</name>
      </input_file>
      <input_file id="fl-3e">
         <path>C:\ti\ccs1271\ccs\tools\compiler\ti-cgt-msp430_21.6.1.LTS\lib\</path>
         <kind>archive</kind>
         <file>rts430x_lc_rd_eabi.lib</file>
         <name>new.cpp.obj</name>
      </input_file>
      <input_file id="fl-3f">
         <path>C:\ti\ccs1271\ccs\tools\compiler\ti-cgt-msp430_21.6.1.LTS\lib\</path>
         <kind>archive</kind>
         <file>rts430x_lc_rd_eabi.lib</file>
         <name>copy_decompress_lzss.c.obj</name>
      </input_file>
      <input_file id="fl-40">
         <path>C:\ti\ccs1271\ccs\tools\compiler\ti-cgt-msp430_21.6.1.LTS\lib\</path>
         <kind>archive</kind>
         <file>rts430x_lc_rd_eabi.lib</file>
         <name>copy_decompress_none.c.obj</name>
      </input_file>
      <input_file id="fl-41">
         <path>C:\ti\ccs1271\ccs\tools\compiler\ti-cgt-msp430_21.6.1.LTS\lib\</path>
         <kind>archive</kind>
         <file>rts430x_lc_rd_eabi.lib</file>
         <name>int30.asm.obj</name>
      </input_file>
      <input_file id="fl-42">
         <path>C:\ti\ccs1271\ccs\tools\compiler\ti-cgt-msp430_21.6.1.LTS\lib\</path>
         <kind>archive</kind>
         <file>rts430x_lc_rd_eabi.lib</file>
         <name>isr_trap.asm.obj</name>
      </input_file>
      <input_file id="fl-43">
         <path>C:\ti\ccs1271\ccs\tools\compiler\ti-cgt-msp430_21.6.1.LTS\lib\</path>
         <kind>archive</kind>
         <file>rts430x_lc_rd_eabi.lib</file>
         <name>int31.asm.obj</name>
      </input_file>
      <input_file id="fl-44">
         <path>C:\ti\ccs1271\ccs\tools\compiler\ti-cgt-msp430_21.6.1.LTS\lib\</path>
         <kind>archive</kind>
         <file>rts430x_lc_rd_eabi.lib</file>
         <name>int32.asm.obj</name>
      </input_file>
      <input_file id="fl-45">
         <path>C:\ti\ccs1271\ccs\tools\compiler\ti-cgt-msp430_21.6.1.LTS\lib\</path>
         <kind>archive</kind>
         <file>rts430x_lc_rd_eabi.lib</file>
         <name>int33.asm.obj</name>
      </input_file>
      <input_file id="fl-46">
         <path>C:\ti\ccs1271\ccs\tools\compiler\ti-cgt-msp430_21.6.1.LTS\lib\</path>
         <kind>archive</kind>
         <file>rts430x_lc_rd_eabi.lib</file>
         <name>int34.asm.obj</name>
      </input_file>
      <input_file id="fl-47">
         <path>C:\ti\ccs1271\ccs\tools\compiler\ti-cgt-msp430_21.6.1.LTS\lib\</path>
         <kind>archive</kind>
         <file>rts430x_lc_rd_eabi.lib</file>
         <name>int36.asm.obj</name>
      </input_file>
      <input_file id="fl-48">
         <path>C:\ti\ccs1271\ccs\tools\compiler\ti-cgt-msp430_21.6.1.LTS\lib\</path>
         <kind>archive</kind>
         <file>rts430x_lc_rd_eabi.lib</file>
         <name>int37.asm.obj</name>
      </input_file>
      <input_file id="fl-49">
         <path>C:\ti\ccs1271\ccs\tools\compiler\ti-cgt-msp430_21.6.1.LTS\lib\</path>
         <kind>archive</kind>
         <file>rts430x_lc_rd_eabi.lib</file>
         <name>int39.asm.obj</name>
      </input_file>
      <input_file id="fl-4a">
         <path>C:\ti\ccs1271\ccs\tools\compiler\ti-cgt-msp430_21.6.1.LTS\lib\</path>
         <kind>archive</kind>
         <file>rts430x_lc_rd_eabi.lib</file>
         <name>int40.asm.obj</name>
      </input_file>
      <input_file id="fl-4b">
         <path>C:\ti\ccs1271\ccs\tools\compiler\ti-cgt-msp430_21.6.1.LTS\lib\</path>
         <kind>archive</kind>
         <file>rts430x_lc_rd_eabi.lib</file>
         <name>int41.asm.obj</name>
      </input_file>
      <input_file id="fl-4c">
         <path>C:\ti\ccs1271\ccs\tools\compiler\ti-cgt-msp430_21.6.1.LTS\lib\</path>
         <kind>archive</kind>
         <file>rts430x_lc_rd_eabi.lib</file>
         <name>int42.asm.obj</name>
      </input_file>
      <input_file id="fl-4d">
         <path>C:\ti\ccs1271\ccs\tools\compiler\ti-cgt-msp430_21.6.1.LTS\lib\</path>
         <kind>archive</kind>
         <file>rts430x_lc_rd_eabi.lib</file>
         <name>int44.asm.obj</name>
      </input_file>
      <input_file id="fl-4e">
         <path>C:\ti\ccs1271\ccs\tools\compiler\ti-cgt-msp430_21.6.1.LTS\lib\</path>
         <kind>archive</kind>
         <file>rts430x_lc_rd_eabi.lib</file>
         <name>int45.asm.obj</name>
      </input_file>
      <input_file id="fl-4f">
         <path>C:\ti\ccs1271\ccs\tools\compiler\ti-cgt-msp430_21.6.1.LTS\lib\</path>
         <kind>archive</kind>
         <file>rts430x_lc_rd_eabi.lib</file>
         <name>int46.asm.obj</name>
      </input_file>
      <input_file id="fl-50">
         <path>C:\ti\ccs1271\ccs\tools\compiler\ti-cgt-msp430_21.6.1.LTS\lib\</path>
         <kind>archive</kind>
         <file>rts430x_lc_rd_eabi.lib</file>
         <name>int47.asm.obj</name>
      </input_file>
      <input_file id="fl-51">
         <path>C:\ti\ccs1271\ccs\tools\compiler\ti-cgt-msp430_21.6.1.LTS\lib\</path>
         <kind>archive</kind>
         <file>rts430x_lc_rd_eabi.lib</file>
         <name>int48.asm.obj</name>
      </input_file>
      <input_file id="fl-52">
         <path>C:\ti\ccs1271\ccs\tools\compiler\ti-cgt-msp430_21.6.1.LTS\lib\</path>
         <kind>archive</kind>
         <file>rts430x_lc_rd_eabi.lib</file>
         <name>int49.asm.obj</name>
      </input_file>
      <input_file id="fl-53">
         <path>C:\ti\ccs1271\ccs\tools\compiler\ti-cgt-msp430_21.6.1.LTS\lib\</path>
         <kind>archive</kind>
         <file>rts430x_lc_rd_eabi.lib</file>
         <name>int50.asm.obj</name>
      </input_file>
      <input_file id="fl-54">
         <path>C:\ti\ccs1271\ccs\tools\compiler\ti-cgt-msp430_21.6.1.LTS\lib\</path>
         <kind>archive</kind>
         <file>rts430x_lc_rd_eabi.lib</file>
         <name>int51.asm.obj</name>
      </input_file>
      <input_file id="fl-55">
         <path>C:\ti\ccs1271\ccs\tools\compiler\ti-cgt-msp430_21.6.1.LTS\lib\</path>
         <kind>archive</kind>
         <file>rts430x_lc_rd_eabi.lib</file>
         <name>int52.asm.obj</name>
      </input_file>
      <input_file id="fl-56">
         <path>C:\ti\ccs1271\ccs\tools\compiler\ti-cgt-msp430_21.6.1.LTS\lib\</path>
         <kind>archive</kind>
         <file>rts430x_lc_rd_eabi.lib</file>
         <name>int53.asm.obj</name>
      </input_file>
      <input_file id="fl-57">
         <path>C:\ti\ccs1271\ccs\tools\compiler\ti-cgt-msp430_21.6.1.LTS\lib\</path>
         <kind>archive</kind>
         <file>rts430x_lc_rd_eabi.lib</file>
         <name>int54.asm.obj</name>
      </input_file>
      <input_file id="fl-58">
         <path>C:\ti\ccs1271\ccs\tools\compiler\ti-cgt-msp430_21.6.1.LTS\lib\</path>
         <kind>archive</kind>
         <file>rts430x_lc_rd_eabi.lib</file>
         <name>copy_zero_init.c.obj</name>
      </input_file>
      <input_file id="fl-59">
         <path>C:\ti\ccs1271\ccs\tools\compiler\ti-cgt-msp430_21.6.1.LTS\lib\</path>
         <kind>archive</kind>
         <file>rts430x_lc_rd_eabi.lib</file>
         <name>fs_cmp.asm.obj</name>
      </input_file>
      <input_file id="fl-5a">
         <path>C:\ti\ccs1271\ccs\tools\compiler\ti-cgt-msp430_21.6.1.LTS\lib\</path>
         <kind>archive</kind>
         <file>rts430x_lc_rd_eabi.lib</file>
         <name>cvtdf.c.obj</name>
      </input_file>
      <input_file id="fl-5b">
         <path>C:\ti\ccs1271\ccs\tools\compiler\ti-cgt-msp430_21.6.1.LTS\lib\</path>
         <kind>archive</kind>
         <file>rts430x_lc_rd_eabi.lib</file>
         <name>cvtfd.c.obj</name>
      </input_file>
      <input_file id="fl-5c">
         <path>C:\ti\ccs1271\ccs\tools\compiler\ti-cgt-msp430_21.6.1.LTS\lib\</path>
         <kind>archive</kind>
         <file>rts430x_lc_rd_eabi.lib</file>
         <name>divd.c.obj</name>
      </input_file>
      <input_file id="fl-5d">
         <path>C:\ti\ccs1271\ccs\tools\compiler\ti-cgt-msp430_21.6.1.LTS\lib\</path>
         <kind>archive</kind>
         <file>rts430x_lc_rd_eabi.lib</file>
         <name>frcdivd.c.obj</name>
      </input_file>
      <input_file id="fl-5e">
         <path>C:\ti\ccs1271\ccs\tools\compiler\ti-cgt-msp430_21.6.1.LTS\lib\</path>
         <kind>archive</kind>
         <file>rts430x_lc_rd_eabi.lib</file>
         <name>fs_div.asm.obj</name>
      </input_file>
      <input_file id="fl-5f">
         <path>C:\ti\ccs1271\ccs\tools\compiler\ti-cgt-msp430_21.6.1.LTS\lib\</path>
         <kind>archive</kind>
         <file>rts430x_lc_rd_eabi.lib</file>
         <name>div16s.asm.obj</name>
      </input_file>
      <input_file id="fl-60">
         <path>C:\ti\ccs1271\ccs\tools\compiler\ti-cgt-msp430_21.6.1.LTS\lib\</path>
         <kind>archive</kind>
         <file>rts430x_lc_rd_eabi.lib</file>
         <name>div16u.asm.obj</name>
      </input_file>
      <input_file id="fl-61">
         <path>C:\ti\ccs1271\ccs\tools\compiler\ti-cgt-msp430_21.6.1.LTS\lib\</path>
         <kind>archive</kind>
         <file>rts430x_lc_rd_eabi.lib</file>
         <name>fs_toi.asm.obj</name>
      </input_file>
      <input_file id="fl-62">
         <path>C:\ti\ccs1271\ccs\tools\compiler\ti-cgt-msp430_21.6.1.LTS\lib\</path>
         <kind>archive</kind>
         <file>rts430x_lc_rd_eabi.lib</file>
         <name>fs_tou.asm.obj</name>
      </input_file>
      <input_file id="fl-63">
         <path>C:\ti\ccs1271\ccs\tools\compiler\ti-cgt-msp430_21.6.1.LTS\lib\</path>
         <kind>archive</kind>
         <file>rts430x_lc_rd_eabi.lib</file>
         <name>fs_itof.asm.obj</name>
      </input_file>
      <input_file id="fl-64">
         <path>C:\ti\ccs1271\ccs\tools\compiler\ti-cgt-msp430_21.6.1.LTS\lib\</path>
         <kind>archive</kind>
         <file>rts430x_lc_rd_eabi.lib</file>
         <name>fs_ltof.asm.obj</name>
      </input_file>
      <input_file id="fl-65">
         <path>C:\ti\ccs1271\ccs\tools\compiler\ti-cgt-msp430_21.6.1.LTS\lib\</path>
         <kind>archive</kind>
         <file>rts430x_lc_rd_eabi.lib</file>
         <name>fs_utof.asm.obj</name>
      </input_file>
      <input_file id="fl-66">
         <path>C:\ti\ccs1271\ccs\tools\compiler\ti-cgt-msp430_21.6.1.LTS\lib\</path>
         <kind>archive</kind>
         <file>rts430x_lc_rd_eabi.lib</file>
         <name>mpyd.c.obj</name>
      </input_file>
      <input_file id="fl-67">
         <path>C:\ti\ccs1271\ccs\tools\compiler\ti-cgt-msp430_21.6.1.LTS\lib\</path>
         <kind>archive</kind>
         <file>rts430x_lc_rd_eabi.lib</file>
         <name>frcmpyd.c.obj</name>
      </input_file>
      <input_file id="fl-68">
         <path>C:\ti\ccs1271\ccs\tools\compiler\ti-cgt-msp430_21.6.1.LTS\lib\</path>
         <kind>archive</kind>
         <file>rts430x_lc_rd_eabi.lib</file>
         <name>fs_mpy.asm.obj</name>
      </input_file>
      <input_file id="fl-69">
         <path>C:\ti\ccs1271\ccs\tools\compiler\ti-cgt-msp430_21.6.1.LTS\lib\</path>
         <kind>archive</kind>
         <file>rts430x_lc_rd_eabi.lib</file>
         <name>mult16.asm.obj</name>
      </input_file>
      <input_file id="fl-6a">
         <path>C:\ti\ccs1271\ccs\tools\compiler\ti-cgt-msp430_21.6.1.LTS\lib\</path>
         <kind>archive</kind>
         <file>rts430x_lc_rd_eabi.lib</file>
         <name>mult16_f5hw.asm.obj</name>
      </input_file>
      <input_file id="fl-6b">
         <path>C:\ti\ccs1271\ccs\tools\compiler\ti-cgt-msp430_21.6.1.LTS\lib\</path>
         <kind>archive</kind>
         <file>rts430x_lc_rd_eabi.lib</file>
         <name>mult32.asm.obj</name>
      </input_file>
      <input_file id="fl-6c">
         <path>C:\ti\ccs1271\ccs\tools\compiler\ti-cgt-msp430_21.6.1.LTS\lib\</path>
         <kind>archive</kind>
         <file>rts430x_lc_rd_eabi.lib</file>
         <name>mult32_f5hw.asm.obj</name>
      </input_file>
      <input_file id="fl-6d">
         <path>C:\ti\ccs1271\ccs\tools\compiler\ti-cgt-msp430_21.6.1.LTS\lib\</path>
         <kind>archive</kind>
         <file>rts430x_lc_rd_eabi.lib</file>
         <name>mult64.asm.obj</name>
      </input_file>
      <input_file id="fl-6e">
         <path>C:\ti\ccs1271\ccs\tools\compiler\ti-cgt-msp430_21.6.1.LTS\lib\</path>
         <kind>archive</kind>
         <file>rts430x_lc_rd_eabi.lib</file>
         <name>mult64_f5hw.asm.obj</name>
      </input_file>
      <input_file id="fl-6f">
         <path>C:\ti\ccs1271\ccs\tools\compiler\ti-cgt-msp430_21.6.1.LTS\lib\</path>
         <kind>archive</kind>
         <file>rts430x_lc_rd_eabi.lib</file>
         <name>mult1632_f5hw.asm.obj</name>
      </input_file>
      <input_file id="fl-70">
         <path>C:\ti\ccs1271\ccs\tools\compiler\ti-cgt-msp430_21.6.1.LTS\lib\</path>
         <kind>archive</kind>
         <file>rts430x_lc_rd_eabi.lib</file>
         <name>mult3264_f5hw.asm.obj</name>
      </input_file>
      <input_file id="fl-71">
         <path>C:\ti\ccs1271\ccs\tools\compiler\ti-cgt-msp430_21.6.1.LTS\lib\</path>
         <kind>archive</kind>
         <file>rts430x_lc_rd_eabi.lib</file>
         <name>mult1632.asm.obj</name>
      </input_file>
      <input_file id="fl-72">
         <path>C:\ti\ccs1271\ccs\tools\compiler\ti-cgt-msp430_21.6.1.LTS\lib\</path>
         <kind>archive</kind>
         <file>rts430x_lc_rd_eabi.lib</file>
         <name>mult3264.asm.obj</name>
      </input_file>
      <input_file id="fl-73">
         <path>C:\ti\ccs1271\ccs\tools\compiler\ti-cgt-msp430_21.6.1.LTS\lib\</path>
         <kind>archive</kind>
         <file>rts430x_lc_rd_eabi.lib</file>
         <name>lsl32.asm.obj</name>
      </input_file>
      <input_file id="fl-74">
         <path>C:\ti\ccs1271\ccs\tools\compiler\ti-cgt-msp430_21.6.1.LTS\lib\</path>
         <kind>archive</kind>
         <file>rts430x_lc_rd_eabi.lib</file>
         <name>lsl64.c.obj</name>
      </input_file>
      <input_file id="fl-75">
         <path>C:\ti\ccs1271\ccs\tools\compiler\ti-cgt-msp430_21.6.1.LTS\lib\</path>
         <kind>archive</kind>
         <file>rts430x_lc_rd_eabi.lib</file>
         <name>asr32.asm.obj</name>
      </input_file>
      <input_file id="fl-76">
         <path>C:\ti\ccs1271\ccs\tools\compiler\ti-cgt-msp430_21.6.1.LTS\lib\</path>
         <kind>archive</kind>
         <file>rts430x_lc_rd_eabi.lib</file>
         <name>lsr32.asm.obj</name>
      </input_file>
      <input_file id="fl-77">
         <path>C:\ti\ccs1271\ccs\tools\compiler\ti-cgt-msp430_21.6.1.LTS\lib\</path>
         <kind>archive</kind>
         <file>rts430x_lc_rd_eabi.lib</file>
         <name>lsr64.c.obj</name>
      </input_file>
      <input_file id="fl-78">
         <path>C:\ti\ccs1271\ccs\tools\compiler\ti-cgt-msp430_21.6.1.LTS\lib\</path>
         <kind>archive</kind>
         <file>rts430x_lc_rd_eabi.lib</file>
         <name>subd.c.obj</name>
      </input_file>
      <input_file id="fl-79">
         <path>C:\ti\ccs1271\ccs\tools\compiler\ti-cgt-msp430_21.6.1.LTS\lib\</path>
         <kind>archive</kind>
         <file>rts430x_lc_rd_eabi.lib</file>
         <name>addd.c.obj</name>
      </input_file>
      <input_file id="fl-7a">
         <path>C:\ti\ccs1271\ccs\tools\compiler\ti-cgt-msp430_21.6.1.LTS\lib\</path>
         <kind>archive</kind>
         <file>rts430x_lc_rd_eabi.lib</file>
         <name>asr64.c.obj</name>
      </input_file>
      <input_file id="fl-7b">
         <path>C:\ti\ccs1271\ccs\tools\compiler\ti-cgt-msp430_21.6.1.LTS\lib\</path>
         <kind>archive</kind>
         <file>rts430x_lc_rd_eabi.lib</file>
         <name>fs_add.asm.obj</name>
      </input_file>
      <input_file id="fl-7c">
         <path>C:\ti\ccs1271\ccs\tools\compiler\ti-cgt-msp430_21.6.1.LTS\lib\</path>
         <kind>archive</kind>
         <file>rts430x_lc_rd_eabi.lib</file>
         <name>boot.c.obj</name>
      </input_file>
      <input_file id="fl-7d">
         <path>C:\ti\ccs1271\ccs\ccs_base\msp430\lib\FR59xx\</path>
         <kind>archive</kind>
         <file>MSPMPU_INIT_LIB_CCS_msp430_large_code_restricted_data.lib</file>
         <name>mpu_init.o</name>
      </input_file>
      <input_file id="fl-7e">
         <path>C:\ti\ccs1271\ccs\tools\compiler\ti-cgt-msp430_21.6.1.LTS\lib\</path>
         <kind>archive</kind>
         <file>rts430x_lc_rd_eabi.lib</file>
         <name>args_main.c.obj</name>
      </input_file>
      <input_file id="fl-7f">
         <path>C:\ti\ccs1271\ccs\tools\compiler\ti-cgt-msp430_21.6.1.LTS\lib\</path>
         <kind>archive</kind>
         <file>rts430x_lc_rd_eabi.lib</file>
         <name>autoinit.c.obj</name>
      </input_file>
      <input_file id="fl-80">
         <path>C:\ti\ccs1271\ccs\tools\compiler\ti-cgt-msp430_21.6.1.LTS\lib\</path>
         <kind>archive</kind>
         <file>rts430x_lc_rd_eabi.lib</file>
         <name>startup.c.obj</name>
      </input_file>
      <input_file id="fl-81">
         <path>C:\ti\ccs1271\ccs\tools\compiler\ti-cgt-msp430_21.6.1.LTS\lib\</path>
         <kind>archive</kind>
         <file>rts430x_lc_rd_eabi.lib</file>
         <name>pre_init.c.obj</name>
      </input_file>
      <input_file id="fl-82">
         <path>C:\ti\ccs1271\ccs\tools\compiler\ti-cgt-msp430_21.6.1.LTS\lib\</path>
         <kind>archive</kind>
         <file>rts430x_lc_rd_eabi.lib</file>
         <name>exit.c.obj</name>
      </input_file>
      <input_file id="fl-83">
         <path>C:\ti\ccs1271\ccs\tools\compiler\ti-cgt-msp430_21.6.1.LTS\lib\</path>
         <kind>archive</kind>
         <file>rts430x_lc_rd_eabi.lib</file>
         <name>exit_gvars.c.obj</name>
      </input_file>
      <input_file id="fl-84">
         <path>C:\ti\ccs1271\ccs\tools\compiler\ti-cgt-msp430_21.6.1.LTS\lib\</path>
         <kind>archive</kind>
         <file>rts430x_lc_rd_eabi.lib</file>
         <name>_lock.c.obj</name>
      </input_file>
      <input_file id="fl-85">
         <path>C:\ti\ccs1271\ccs\tools\compiler\ti-cgt-msp430_21.6.1.LTS\lib\</path>
         <kind>archive</kind>
         <file>rts430x_lc_rd_eabi.lib</file>
         <name>cpy_tbl.c.obj</name>
      </input_file>
      <input_file id="fl-86">
         <path>C:\ti\ccs1271\ccs\tools\compiler\ti-cgt-msp430_21.6.1.LTS\lib\</path>
         <kind>archive</kind>
         <file>rts430x_lc_rd_eabi.lib</file>
         <name>memory.c.obj</name>
      </input_file>
      <input_file id="fl-87">
         <path>C:\ti\ccs1271\ccs\tools\compiler\ti-cgt-msp430_21.6.1.LTS\lib\</path>
         <kind>archive</kind>
         <file>rts430x_lc_rd_eabi.lib</file>
         <name>memcpy.c.obj</name>
      </input_file>
      <input_file id="fl-88">
         <path>C:\ti\ccs1271\ccs\tools\compiler\ti-cgt-msp430_21.6.1.LTS\lib\</path>
         <kind>archive</kind>
         <file>rts430x_lc_rd_eabi.lib</file>
         <name>memset.c.obj</name>
      </input_file>
   </input_file_list>
   <object_component_list>
      <object_component id="oc-3b5">
         <name>.sysmem</name>
         <uninitialized>true</uninitialized>
         <run_address>0x4400</run_address>
         <size>0x8</size>
         <input_file_ref idref="fl-86"/>
      </object_component>
      <object_component id="oc-a65">
         <name>.sysmem</name>
         <uninitialized>true</uninitialized>
         <run_address>0x4400</run_address>
         <size>0x0</size>
      </object_component>
      <object_component id="oc-a63">
         <name>.cinit..data.load</name>
         <load_address>0x4e42</load_address>
         <run_address>0x4e42</run_address>
         <size>0x14</size>
      </object_component>
      <object_component id="oc-a60">
         <name>__TI_handler_table</name>
         <load_address>0x4e56</load_address>
         <run_address>0x4e56</run_address>
         <size>0xc</size>
      </object_component>
      <object_component id="oc-a62">
         <name>.cinit..bss.load</name>
         <load_address>0x4e62</load_address>
         <run_address>0x4e62</run_address>
         <size>0x6</size>
      </object_component>
      <object_component id="oc-a61">
         <name>__TI_cinit_table</name>
         <load_address>0x4e68</load_address>
         <run_address>0x4e68</run_address>
         <size>0x10</size>
      </object_component>
      <object_component id="oc-9f1">
         <name>.binit</name>
         <load_address>0x4400</load_address>
         <run_address>0x4400</run_address>
         <size>0x0</size>
      </object_component>
      <object_component id="oc-879">
         <name>.const:.string:$P$T0$1</name>
         <load_address>0x4944</load_address>
         <run_address>0x4944</run_address>
         <size>0x2d</size>
         <input_file_ref idref="fl-e"/>
      </object_component>
      <object_component id="oc-87c">
         <name>.const:.string:$P$T1$2</name>
         <load_address>0x4972</load_address>
         <run_address>0x4972</run_address>
         <size>0x2d</size>
         <input_file_ref idref="fl-e"/>
      </object_component>
      <object_component id="oc-6fa">
         <name>.const:.string:$P$T1$2</name>
         <load_address>0x49a0</load_address>
         <run_address>0x49a0</run_address>
         <size>0x26</size>
         <input_file_ref idref="fl-b"/>
      </object_component>
      <object_component id="oc-706">
         <name>.const:.string:PAYLOAD_SUPERCAP_VOLTAGE_ERROR</name>
         <load_address>0x49c6</load_address>
         <run_address>0x49c6</run_address>
         <size>0x24</size>
         <input_file_ref idref="fl-b"/>
      </object_component>
      <object_component id="oc-712">
         <name>.const:.string:PAYLOAD_BUS_SENSE_BROKEN</name>
         <load_address>0x49ea</load_address>
         <run_address>0x49ea</run_address>
         <size>0x23</size>
         <input_file_ref idref="fl-b"/>
      </object_component>
      <object_component id="oc-5d5">
         <name>.const:.string:PAYLOAD_POWER_ROVER_OFF</name>
         <load_address>0x4a0e</load_address>
         <run_address>0x4a0e</run_address>
         <size>0x23</size>
         <input_file_ref idref="fl-13"/>
      </object_component>
      <object_component id="oc-70f">
         <name>.const:.string:$P$T0$1</name>
         <load_address>0x4a32</load_address>
         <run_address>0x4a32</run_address>
         <size>0x21</size>
         <input_file_ref idref="fl-b"/>
      </object_component>
      <object_component id="oc-888">
         <name>.const:.string:PAYLOAD_TEMP_SENSOR_1_BROKEN</name>
         <load_address>0x4a54</load_address>
         <run_address>0x4a54</run_address>
         <size>0x1f</size>
         <input_file_ref idref="fl-e"/>
      </object_component>
      <object_component id="oc-87f">
         <name>.const:.string:PAYLOAD_TEMP_SENSOR_2_BROKEN</name>
         <load_address>0x4a74</load_address>
         <run_address>0x4a74</run_address>
         <size>0x1f</size>
         <input_file_ref idref="fl-e"/>
      </object_component>
      <object_component id="oc-79d">
         <name>.const:.string:PAYLOAD_SUPERCAP1_NOT_READY</name>
         <load_address>0x4a94</load_address>
         <run_address>0x4a94</run_address>
         <size>0x1e</size>
         <input_file_ref idref="fl-10"/>
      </object_component>
      <object_component id="oc-7a9">
         <name>.const:.string:PAYLOAD_SUPERCAP2_NOT_READY</name>
         <load_address>0x4ab2</load_address>
         <run_address>0x4ab2</run_address>
         <size>0x1e</size>
         <input_file_ref idref="fl-10"/>
      </object_component>
      <object_component id="oc-7a3">
         <name>.const:.string:PAYLOAD_SUPERCAP3_NOT_READY</name>
         <load_address>0x4ad0</load_address>
         <run_address>0x4ad0</run_address>
         <size>0x1e</size>
         <input_file_ref idref="fl-10"/>
      </object_component>
      <object_component id="oc-715">
         <name>.const:.string:PAYLOAD_UMBILICAL_NOT_CONNECTED</name>
         <load_address>0x4aee</load_address>
         <run_address>0x4aee</run_address>
         <size>0x1d</size>
         <input_file_ref idref="fl-b"/>
      </object_component>
      <object_component id="oc-56c">
         <name>.const:.string:PAYLOAD_UMBILICAL_NOT_CONNECTED</name>
         <load_address>0x4b0c</load_address>
         <run_address>0x4b0c</run_address>
         <size>0x1d</size>
         <input_file_ref idref="fl-14"/>
      </object_component>
      <object_component id="oc-5ff">
         <name>.const:.string:PAYLOAD_UMBILICAL_NOT_CONNECTED</name>
         <load_address>0x4b2a</load_address>
         <run_address>0x4b2a</run_address>
         <size>0x1d</size>
         <input_file_ref idref="fl-15"/>
      </object_component>
      <object_component id="oc-781">
         <name>.const:.string:PAYLOAD_UMBILICAL_NOT_CONNECTED</name>
         <load_address>0x4b48</load_address>
         <run_address>0x4b48</run_address>
         <size>0x1d</size>
         <input_file_ref idref="fl-12"/>
      </object_component>
      <object_component id="oc-703">
         <name>.const:.string:PAYLOAD_SUPERCAP_VOLTAGE_ZERO</name>
         <load_address>0x4b66</load_address>
         <run_address>0x4b66</run_address>
         <size>0x1b</size>
         <input_file_ref idref="fl-b"/>
      </object_component>
      <object_component id="oc-7a0">
         <name>.const:.string:PAYLOAD_SUPERCAP1_READY</name>
         <load_address>0x4b82</load_address>
         <run_address>0x4b82</run_address>
         <size>0x1a</size>
         <input_file_ref idref="fl-10"/>
      </object_component>
      <object_component id="oc-7ac">
         <name>.const:.string:PAYLOAD_SUPERCAP2_READY</name>
         <load_address>0x4b9c</load_address>
         <run_address>0x4b9c</run_address>
         <size>0x1a</size>
         <input_file_ref idref="fl-10"/>
      </object_component>
      <object_component id="oc-7a6">
         <name>.const:.string:PAYLOAD_SUPERCAP3_READY</name>
         <load_address>0x4bb6</load_address>
         <run_address>0x4bb6</run_address>
         <size>0x1a</size>
         <input_file_ref idref="fl-10"/>
      </object_component>
      <object_component id="oc-718">
         <name>.const:.string:PAYLOAD_UMBILICAL_CONNECTED</name>
         <load_address>0x4bd0</load_address>
         <run_address>0x4bd0</run_address>
         <size>0x19</size>
         <input_file_ref idref="fl-b"/>
      </object_component>
      <object_component id="oc-56f">
         <name>.const:.string:PAYLOAD_UMBILICAL_CONNECTED</name>
         <load_address>0x4bea</load_address>
         <run_address>0x4bea</run_address>
         <size>0x19</size>
         <input_file_ref idref="fl-14"/>
      </object_component>
      <object_component id="oc-602">
         <name>.const:.string:PAYLOAD_UMBILICAL_CONNECTED</name>
         <load_address>0x4c04</load_address>
         <run_address>0x4c04</run_address>
         <size>0x19</size>
         <input_file_ref idref="fl-15"/>
      </object_component>
      <object_component id="oc-784">
         <name>.const:.string:PAYLOAD_UMBILICAL_CONNECTED</name>
         <load_address>0x4c1e</load_address>
         <run_address>0x4c1e</run_address>
         <size>0x19</size>
         <input_file_ref idref="fl-12"/>
      </object_component>
      <object_component id="oc-6ec">
         <name>.const:.string:PAYLOAD_ALL_NEA_READY</name>
         <load_address>0x4c38</load_address>
         <run_address>0x4c38</run_address>
         <size>0x17</size>
         <input_file_ref idref="fl-b"/>
      </object_component>
      <object_component id="oc-5bd">
         <name>.const:.string:PAYLOAD_ALL_NEA_READY</name>
         <load_address>0x4c50</load_address>
         <run_address>0x4c50</run_address>
         <size>0x17</size>
         <input_file_ref idref="fl-13"/>
      </object_component>
      <object_component id="oc-5c0">
         <name>.const:.string:PAYLOAD_DEPLOYMENT_COMPLETE</name>
         <load_address>0x4c68</load_address>
         <run_address>0x4c68</run_address>
         <size>0x17</size>
         <input_file_ref idref="fl-13"/>
      </object_component>
      <object_component id="oc-4e7">
         <name>.const:.string:PAYLOAD_LAUNCH_INTEGRATION</name>
         <load_address>0x4c80</load_address>
         <run_address>0x4c80</run_address>
         <size>0x13</size>
         <input_file_ref idref="fl-a"/>
      </object_component>
      <object_component id="oc-6d4">
         <name>.const:.string:PAYLOAD_NEA1_NOT_READY</name>
         <load_address>0x4c94</load_address>
         <run_address>0x4c94</run_address>
         <size>0x13</size>
         <input_file_ref idref="fl-b"/>
      </object_component>
      <object_component id="oc-5a5">
         <name>.const:.string:PAYLOAD_NEA1_NOT_READY</name>
         <load_address>0x4ca8</load_address>
         <run_address>0x4ca8</run_address>
         <size>0x13</size>
         <input_file_ref idref="fl-13"/>
      </object_component>
      <object_component id="oc-6da">
         <name>.const:.string:PAYLOAD_NEA2_NOT_READY</name>
         <load_address>0x4cbc</load_address>
         <run_address>0x4cbc</run_address>
         <size>0x13</size>
         <input_file_ref idref="fl-b"/>
      </object_component>
      <object_component id="oc-5ab">
         <name>.const:.string:PAYLOAD_NEA2_NOT_READY</name>
         <load_address>0x4cd0</load_address>
         <run_address>0x4cd0</run_address>
         <size>0x13</size>
         <input_file_ref idref="fl-13"/>
      </object_component>
      <object_component id="oc-6e0">
         <name>.const:.string:PAYLOAD_NEA3_NOT_READY</name>
         <load_address>0x4ce4</load_address>
         <run_address>0x4ce4</run_address>
         <size>0x13</size>
         <input_file_ref idref="fl-b"/>
      </object_component>
      <object_component id="oc-5b1">
         <name>.const:.string:PAYLOAD_NEA3_NOT_READY</name>
         <load_address>0x4cf8</load_address>
         <run_address>0x4cf8</run_address>
         <size>0x13</size>
         <input_file_ref idref="fl-13"/>
      </object_component>
      <object_component id="oc-6e6">
         <name>.const:.string:PAYLOAD_NEA4_NOT_READY</name>
         <load_address>0x4d0c</load_address>
         <run_address>0x4d0c</run_address>
         <size>0x13</size>
         <input_file_ref idref="fl-b"/>
      </object_component>
      <object_component id="oc-5b7">
         <name>.const:.string:PAYLOAD_NEA4_NOT_READY</name>
         <load_address>0x4d20</load_address>
         <run_address>0x4d20</run_address>
         <size>0x13</size>
         <input_file_ref idref="fl-13"/>
      </object_component>
      <object_component id="oc-556">
         <name>.const:.string:PAYLOAD_TOO_LARGE</name>
         <load_address>0x4d34</load_address>
         <run_address>0x4d34</run_address>
         <size>0x12</size>
         <input_file_ref idref="fl-2"/>
      </object_component>
      <object_component id="oc-80a">
         <name>.const:.string:PAYLOAD_INVALID_CHECKSUM</name>
         <load_address>0x4d46</load_address>
         <run_address>0x4d46</run_address>
         <size>0x11</size>
         <input_file_ref idref="fl-3"/>
      </object_component>
      <object_component id="oc-4f4">
         <name>.const:.string:PAYLOAD_GENERAL_STARTUP</name>
         <load_address>0x4d58</load_address>
         <run_address>0x4d58</run_address>
         <size>0x10</size>
         <input_file_ref idref="fl-a"/>
      </object_component>
      <object_component id="oc-80d">
         <name>.const:.string:PAYLOAD_INVALID_MESSAGE</name>
         <load_address>0x4d68</load_address>
         <run_address>0x4d68</run_address>
         <size>0x10</size>
         <input_file_ref idref="fl-3"/>
      </object_component>
      <object_component id="oc-6a8">
         <name>.const:.string:PAYLOAD_INVALID_MESSAGE</name>
         <load_address>0x4d78</load_address>
         <run_address>0x4d78</run_address>
         <size>0x10</size>
         <input_file_ref idref="fl-4"/>
      </object_component>
      <object_component id="oc-6d7">
         <name>.const:.string:PAYLOAD_NEA1_READY</name>
         <load_address>0x4d88</load_address>
         <run_address>0x4d88</run_address>
         <size>0xf</size>
         <input_file_ref idref="fl-b"/>
      </object_component>
      <object_component id="oc-5a8">
         <name>.const:.string:PAYLOAD_NEA1_READY</name>
         <load_address>0x4d98</load_address>
         <run_address>0x4d98</run_address>
         <size>0xf</size>
         <input_file_ref idref="fl-13"/>
      </object_component>
      <object_component id="oc-6dd">
         <name>.const:.string:PAYLOAD_NEA2_READY</name>
         <load_address>0x4da8</load_address>
         <run_address>0x4da8</run_address>
         <size>0xf</size>
         <input_file_ref idref="fl-b"/>
      </object_component>
      <object_component id="oc-5ae">
         <name>.const:.string:PAYLOAD_NEA2_READY</name>
         <load_address>0x4db8</load_address>
         <run_address>0x4db8</run_address>
         <size>0xf</size>
         <input_file_ref idref="fl-13"/>
      </object_component>
      <object_component id="oc-6e3">
         <name>.const:.string:PAYLOAD_NEA3_READY</name>
         <load_address>0x4dc8</load_address>
         <run_address>0x4dc8</run_address>
         <size>0xf</size>
         <input_file_ref idref="fl-b"/>
      </object_component>
      <object_component id="oc-5b4">
         <name>.const:.string:PAYLOAD_NEA3_READY</name>
         <load_address>0x4dd8</load_address>
         <run_address>0x4dd8</run_address>
         <size>0xf</size>
         <input_file_ref idref="fl-13"/>
      </object_component>
      <object_component id="oc-6e9">
         <name>.const:.string:PAYLOAD_NEA4_READY</name>
         <load_address>0x4de8</load_address>
         <run_address>0x4de8</run_address>
         <size>0xf</size>
         <input_file_ref idref="fl-b"/>
      </object_component>
      <object_component id="oc-5ba">
         <name>.const:.string:PAYLOAD_NEA4_READY</name>
         <load_address>0x4df8</load_address>
         <run_address>0x4df8</run_address>
         <size>0xf</size>
         <input_file_ref idref="fl-13"/>
      </object_component>
      <object_component id="oc-4d5">
         <name>.const:.string:PAYLOAD_PRE_DEPLOYMENT</name>
         <load_address>0x4e08</load_address>
         <run_address>0x4e08</run_address>
         <size>0xf</size>
         <input_file_ref idref="fl-a"/>
      </object_component>
      <object_component id="oc-4c6">
         <name>.const:.string:PAYLOAD_DEPLOYMENT</name>
         <load_address>0x4e18</load_address>
         <run_address>0x4e18</run_address>
         <size>0xb</size>
         <input_file_ref idref="fl-a"/>
      </object_component>
      <object_component id="oc-4de">
         <name>.const:.string:PAYLOAD_TRANSIT</name>
         <load_address>0x4e24</load_address>
         <run_address>0x4e24</run_address>
         <size>0x8</size>
         <input_file_ref idref="fl-a"/>
      </object_component>
      <object_component id="oc-560">
         <name>.const:.string:PAYLOAD_INIT</name>
         <load_address>0x4e2c</load_address>
         <run_address>0x4e2c</run_address>
         <size>0x5</size>
         <input_file_ref idref="fl-14"/>
      </object_component>
      <object_component id="oc-5f9">
         <name>.const:.string:PAYLOAD_INIT</name>
         <load_address>0x4e32</load_address>
         <run_address>0x4e32</run_address>
         <size>0x5</size>
         <input_file_ref idref="fl-15"/>
      </object_component>
      <object_component id="oc-807">
         <name>.const:.string:PAYLOAD_ACK</name>
         <load_address>0x4e38</load_address>
         <run_address>0x4e38</run_address>
         <size>0x4</size>
         <input_file_ref idref="fl-3"/>
      </object_component>
      <object_component id="oc-730">
         <name>.const:.string:PAYLOAD_TRANSIT_MODE</name>
         <load_address>0x4e3c</load_address>
         <run_address>0x4e3c</run_address>
         <size>0x3</size>
         <input_file_ref idref="fl-14"/>
      </object_component>
      <object_component id="oc-553">
         <name>.const:.string:PAYLOAD_EMPTY</name>
         <load_address>0x4e40</load_address>
         <run_address>0x4e40</run_address>
         <size>0x1</size>
         <input_file_ref idref="fl-2"/>
      </object_component>
      <object_component id="oc-3e1">
         <name>.text:_isr:_Z11USCI_A1_ISRv</name>
         <load_address>0x4800</load_address>
         <run_address>0x4800</run_address>
         <size>0xfc</size>
         <input_file_ref idref="fl-4"/>
      </object_component>
      <object_component id="oc-411">
         <name>.text:_isr:_c_int00_noargs_mpu</name>
         <load_address>0x48fc</load_address>
         <run_address>0x48fc</run_address>
         <size>0x20</size>
         <input_file_ref idref="fl-7c"/>
      </object_component>
      <object_component id="oc-3db">
         <name>.text:_isr:_Z12Timer_A2_ISRv</name>
         <load_address>0x491c</load_address>
         <run_address>0x491c</run_address>
         <size>0x10</size>
         <input_file_ref idref="fl-f"/>
      </object_component>
      <object_component id="oc-3d5">
         <name>.text:_isr:_Z13Timer3_A0_ISRv</name>
         <load_address>0x492c</load_address>
         <run_address>0x492c</run_address>
         <size>0x10</size>
         <input_file_ref idref="fl-4"/>
      </object_component>
      <object_component id="oc-3d0">
         <name>.text:_isr:__TI_ISR_TRAP</name>
         <load_address>0x493c</load_address>
         <run_address>0x493c</run_address>
         <size>0x8</size>
         <input_file_ref idref="fl-42"/>
      </object_component>
      <object_component id="oc-9aa">
         <name>.text:__mspabi_addd</name>
         <load_address>0x10000</load_address>
         <run_address>0x10000</run_address>
         <size>0x72a</size>
         <input_file_ref idref="fl-79"/>
      </object_component>
      <object_component id="oc-99b">
         <name>.text:__TI_frcdivd</name>
         <load_address>0x1072a</load_address>
         <run_address>0x1072a</run_address>
         <size>0x468</size>
         <input_file_ref idref="fl-5d"/>
      </object_component>
      <object_component id="oc-962">
         <name>.text:__mspabi_mpyd</name>
         <load_address>0x10b92</load_address>
         <run_address>0x10b92</run_address>
         <size>0x292</size>
         <input_file_ref idref="fl-66"/>
      </object_component>
      <object_component id="oc-572">
         <name>.text:_Z28RDS_electronics_status_checkv</name>
         <load_address>0x10e24</load_address>
         <run_address>0x10e24</run_address>
         <size>0x28e</size>
         <input_file_ref idref="fl-b"/>
      </object_component>
      <object_component id="oc-968">
         <name>.text:__mspabi_divd</name>
         <load_address>0x110b2</load_address>
         <run_address>0x110b2</run_address>
         <size>0x21c</size>
         <input_file_ref idref="fl-5c"/>
      </object_component>
      <object_component id="oc-4cf">
         <name>.text:_Z15deployment_modev</name>
         <load_address>0x112ce</load_address>
         <run_address>0x112ce</run_address>
         <size>0x1a4</size>
         <input_file_ref idref="fl-13"/>
      </object_component>
      <object_component id="oc-88e">
         <name>.text:_Z28readout_temperature_sensor_nPVjS0_</name>
         <load_address>0x11472</load_address>
         <run_address>0x11472</run_address>
         <size>0x170</size>
         <input_file_ref idref="fl-11"/>
      </object_component>
      <object_component id="oc-98e">
         <name>.text:__TI_frcmpyd</name>
         <load_address>0x115e2</load_address>
         <run_address>0x115e2</run_address>
         <size>0x164</size>
         <input_file_ref idref="fl-67"/>
      </object_component>
      <object_component id="oc-71b">
         <name>.text:_Z21heat_resistor_controlff</name>
         <load_address>0x11746</load_address>
         <run_address>0x11746</run_address>
         <size>0x144</size>
         <input_file_ref idref="fl-e"/>
      </object_component>
      <object_component id="oc-854">
         <name>.text</name>
         <load_address>0x1188a</load_address>
         <run_address>0x1188a</run_address>
         <size>0x132</size>
         <input_file_ref idref="fl-7b"/>
      </object_component>
      <object_component id="oc-8ce">
         <name>.text:free</name>
         <load_address>0x119bc</load_address>
         <run_address>0x119bc</run_address>
         <size>0xe2</size>
         <input_file_ref idref="fl-86"/>
      </object_component>
      <object_component id="oc-5d8">
         <name>.text:_Z28check_supercap_functionalityv</name>
         <load_address>0x11a9e</load_address>
         <run_address>0x11a9e</run_address>
         <size>0xdc</size>
         <input_file_ref idref="fl-10"/>
      </object_component>
      <object_component id="oc-6ab">
         <name>.text:_Z14handle_messagePK7Message</name>
         <load_address>0x11b7a</load_address>
         <run_address>0x11b7a</run_address>
         <size>0xd6</size>
         <input_file_ref idref="fl-3"/>
      </object_component>
      <object_component id="oc-74a">
         <name>.text:_Z11slip_encodePKhjPhPj</name>
         <load_address>0x11c50</load_address>
         <run_address>0x11c50</run_address>
         <size>0xc8</size>
         <input_file_ref idref="fl-2"/>
      </object_component>
      <object_component id="oc-934">
         <name>.text:_Z24frequency_to_temperaturef</name>
         <load_address>0x11d18</load_address>
         <run_address>0x11d18</run_address>
         <size>0xbe</size>
         <input_file_ref idref="fl-11"/>
      </object_component>
      <object_component id="oc-859">
         <name>.text</name>
         <load_address>0x11dd6</load_address>
         <run_address>0x11dd6</run_address>
         <size>0xb8</size>
         <input_file_ref idref="fl-68"/>
      </object_component>
      <object_component id="oc-559">
         <name>.text:_Z14read_RX_bufferjj</name>
         <load_address>0x11e8e</load_address>
         <run_address>0x11e8e</run_address>
         <size>0xb6</size>
         <input_file_ref idref="fl-4"/>
      </object_component>
      <object_component id="oc-96e">
         <name>.text:__mspabi_cvtdf</name>
         <load_address>0x11f44</load_address>
         <run_address>0x11f44</run_address>
         <size>0xb2</size>
         <input_file_ref idref="fl-5a"/>
      </object_component>
      <object_component id="oc-743">
         <name>.text:_Z24convert_message_to_arrayPK7MessagePhS2_</name>
         <load_address>0x11ff6</load_address>
         <run_address>0x11ff6</run_address>
         <size>0xa8</size>
         <input_file_ref idref="fl-2"/>
      </object_component>
      <object_component id="oc-45a">
         <name>.text:main</name>
         <load_address>0x1209e</load_address>
         <run_address>0x1209e</run_address>
         <size>0xa8</size>
         <input_file_ref idref="fl-a"/>
      </object_component>
      <object_component id="oc-4c0">
         <name>.text:_Z15general_startupv</name>
         <load_address>0x12146</load_address>
         <run_address>0x12146</run_address>
         <size>0xa4</size>
         <input_file_ref idref="fl-14"/>
      </object_component>
      <object_component id="oc-6a2">
         <name>.text:_Z24convert_array_to_messagePKhjP7Message</name>
         <load_address>0x121ea</load_address>
         <run_address>0x121ea</run_address>
         <size>0xa2</size>
         <input_file_ref idref="fl-2"/>
      </object_component>
      <object_component id="oc-4ea">
         <name>.text:_Z11launch_modev</name>
         <load_address>0x1228c</load_address>
         <run_address>0x1228c</run_address>
         <size>0x96</size>
         <input_file_ref idref="fl-15"/>
      </object_component>
      <object_component id="oc-8e7">
         <name>.text</name>
         <load_address>0x12322</load_address>
         <run_address>0x12322</run_address>
         <size>0x90</size>
         <input_file_ref idref="fl-5e"/>
      </object_component>
      <object_component id="oc-69c">
         <name>.text:_Z11slip_decodePKhjPhPj</name>
         <load_address>0x123b2</load_address>
         <run_address>0x123b2</run_address>
         <size>0x88</size>
         <input_file_ref idref="fl-2"/>
      </object_component>
      <object_component id="oc-4ba">
         <name>.text:_Z21process_received_datav</name>
         <load_address>0x1243a</load_address>
         <run_address>0x1243a</run_address>
         <size>0x7e</size>
         <input_file_ref idref="fl-2"/>
      </object_component>
      <object_component id="oc-76">
         <name>.text:decompress:lzss:__TI_decompress_lzss</name>
         <load_address>0x124b8</load_address>
         <run_address>0x124b8</run_address>
         <size>0x76</size>
         <input_file_ref idref="fl-3f"/>
      </object_component>
      <object_component id="oc-6fd">
         <name>.text:_Z20float_to_uint8_arrayfPhj</name>
         <load_address>0x1252e</load_address>
         <run_address>0x1252e</run_address>
         <size>0x74</size>
         <input_file_ref idref="fl-d"/>
      </object_component>
      <object_component id="oc-873">
         <name>.text:_Z33heat_resistor_control_two_sensorsff</name>
         <load_address>0x125a2</load_address>
         <run_address>0x125a2</run_address>
         <size>0x6a</size>
         <input_file_ref idref="fl-e"/>
      </object_component>
      <object_component id="oc-84a">
         <name>.text</name>
         <load_address>0x1260c</load_address>
         <run_address>0x1260c</run_address>
         <size>0x68</size>
         <input_file_ref idref="fl-61"/>
      </object_component>
      <object_component id="oc-95c">
         <name>.text:__mspabi_cvtfd</name>
         <load_address>0x12674</load_address>
         <run_address>0x12674</run_address>
         <size>0x64</size>
         <input_file_ref idref="fl-5b"/>
      </object_component>
      <object_component id="oc-9ba">
         <name>.text:__mpyll</name>
         <load_address>0x126d8</load_address>
         <run_address>0x126d8</run_address>
         <size>0x5c</size>
         <input_file_ref idref="fl-6e"/>
      </object_component>
      <object_component id="oc-58f">
         <name>.text:_Z14create_messagehPKhh</name>
         <load_address>0x12734</load_address>
         <run_address>0x12734</run_address>
         <size>0x5a</size>
         <input_file_ref idref="fl-3"/>
      </object_component>
      <object_component id="oc-51c">
         <name>.text:__TI_auto_init_nobinit_nopinit_hold_wdt:__TI_auto_init_nobinit_nopinit_hold_wdt</name>
         <load_address>0x1278e</load_address>
         <run_address>0x1278e</run_address>
         <size>0x54</size>
         <input_file_ref idref="fl-7f"/>
      </object_component>
      <object_component id="oc-5c9">
         <name>.text:_Z20detach_umbilicalcordv</name>
         <load_address>0x127e2</load_address>
         <run_address>0x127e2</run_address>
         <size>0x4e</size>
         <input_file_ref idref="fl-12"/>
      </object_component>
      <object_component id="oc-6f5">
         <name>.text</name>
         <load_address>0x12830</load_address>
         <run_address>0x12830</run_address>
         <size>0x4a</size>
         <input_file_ref idref="fl-59"/>
      </object_component>
      <object_component id="oc-924">
         <name>.text</name>
         <load_address>0x1287a</load_address>
         <run_address>0x1287a</run_address>
         <size>0x4a</size>
         <input_file_ref idref="fl-64"/>
      </object_component>
      <object_component id="oc-4d8">
         <name>.text:_Z19pre_deployment_modev</name>
         <load_address>0x128c4</load_address>
         <run_address>0x128c4</run_address>
         <size>0x48</size>
         <input_file_ref idref="fl-16"/>
      </object_component>
      <object_component id="oc-563">
         <name>.text:_Z37send_message_and_wait_for_ACK_3_timeshPKhh</name>
         <load_address>0x1290c</load_address>
         <run_address>0x1290c</run_address>
         <size>0x48</size>
         <input_file_ref idref="fl-2"/>
      </object_component>
      <object_component id="oc-929">
         <name>.text</name>
         <load_address>0x12954</load_address>
         <run_address>0x12954</run_address>
         <size>0x46</size>
         <input_file_ref idref="fl-62"/>
      </object_component>
      <object_component id="oc-4e1">
         <name>.text:_Z12transit_modev</name>
         <load_address>0x1299a</load_address>
         <run_address>0x1299a</run_address>
         <size>0x44</size>
         <input_file_ref idref="fl-17"/>
      </object_component>
      <object_component id="oc-9de">
         <name>.text:__mspabi_srall</name>
         <load_address>0x129de</load_address>
         <run_address>0x129de</run_address>
         <size>0x40</size>
         <input_file_ref idref="fl-7a"/>
      </object_component>
      <object_component id="oc-667">
         <name>.text:_Z27initialize_temperature_pinsv</name>
         <load_address>0x12a1e</load_address>
         <run_address>0x12a1e</run_address>
         <size>0x3e</size>
         <input_file_ref idref="fl-11"/>
      </object_component>
      <object_component id="oc-882">
         <name>.text:_Z32heat_resistor_control_one_sensorf</name>
         <load_address>0x12a5c</load_address>
         <run_address>0x12a5c</run_address>
         <size>0x3e</size>
         <input_file_ref idref="fl-e"/>
      </object_component>
      <object_component id="oc-983">
         <name>.text:l_asr_const</name>
         <load_address>0x12a9a</load_address>
         <run_address>0x12a9a</run_address>
         <size>0x3e</size>
         <input_file_ref idref="fl-75"/>
      </object_component>
      <object_component id="oc-9a3">
         <name>.text:l_lsl_const</name>
         <load_address>0x12ad8</load_address>
         <run_address>0x12ad8</run_address>
         <size>0x3e</size>
         <input_file_ref idref="fl-73"/>
      </object_component>
      <object_component id="oc-9cd">
         <name>.text:l_lsr_const</name>
         <load_address>0x12b16</load_address>
         <run_address>0x12b16</run_address>
         <size>0x3e</size>
         <input_file_ref idref="fl-76"/>
      </object_component>
      <object_component id="oc-54c">
         <name>.text:_Z30initialize_all_electronic_pinsv</name>
         <load_address>0x12b54</load_address>
         <run_address>0x12b54</run_address>
         <size>0x3a</size>
         <input_file_ref idref="fl-b"/>
      </object_component>
      <object_component id="oc-9b4">
         <name>.text:__mspabi_sllll</name>
         <load_address>0x12b8e</load_address>
         <run_address>0x12b8e</run_address>
         <size>0x3a</size>
         <input_file_ref idref="fl-74"/>
      </object_component>
      <object_component id="oc-9c4">
         <name>.text:__mspabi_srlll</name>
         <load_address>0x12bc8</load_address>
         <run_address>0x12bc8</run_address>
         <size>0x3a</size>
         <input_file_ref idref="fl-77"/>
      </object_component>
      <object_component id="oc-685">
         <name>.text:_Z23initialize_all_nea_pinsv</name>
         <load_address>0x12c02</load_address>
         <run_address>0x12c02</run_address>
         <size>0x38</size>
         <input_file_ref idref="fl-c"/>
      </object_component>
      <object_component id="oc-595">
         <name>.text:_Z19send_message_structPK7Message</name>
         <load_address>0x12c3a</load_address>
         <run_address>0x12c3a</run_address>
         <size>0x36</size>
         <input_file_ref idref="fl-2"/>
      </object_component>
      <object_component id="oc-84f">
         <name>.text</name>
         <load_address>0x12c70</load_address>
         <run_address>0x12c70</run_address>
         <size>0x36</size>
         <input_file_ref idref="fl-63"/>
      </object_component>
      <object_component id="oc-673">
         <name>.text:_Z27initialize_charge_cap_flagsv</name>
         <load_address>0x12ca6</load_address>
         <run_address>0x12ca6</run_address>
         <size>0x32</size>
         <input_file_ref idref="fl-10"/>
      </object_component>
      <object_component id="oc-642">
         <name>.text:_Z9uart_initv</name>
         <load_address>0x12cd8</load_address>
         <run_address>0x12cd8</run_address>
         <size>0x32</size>
         <input_file_ref idref="fl-4"/>
      </object_component>
      <object_component id="oc-974">
         <name>.text:__mspabi_subd</name>
         <load_address>0x12d0a</load_address>
         <run_address>0x12d0a</run_address>
         <size>0x32</size>
         <input_file_ref idref="fl-78"/>
      </object_component>
      <object_component id="oc-92e">
         <name>.text:_Z18calculateFrequencyf</name>
         <load_address>0x12d3c</load_address>
         <run_address>0x12d3c</run_address>
         <size>0x2c</size>
         <input_file_ref idref="fl-11"/>
      </object_component>
      <object_component id="oc-46c">
         <name>.text:__mpu_init</name>
         <load_address>0x12d68</load_address>
         <run_address>0x12d68</run_address>
         <size>0x2c</size>
         <input_file_ref idref="fl-7d"/>
      </object_component>
      <object_component id="oc-9bf">
         <name>.text:__mpyull</name>
         <load_address>0x12d94</load_address>
         <run_address>0x12d94</run_address>
         <size>0x2c</size>
         <input_file_ref idref="fl-70"/>
      </object_component>
      <object_component id="oc-94b">
         <name>.text:free_list_insert</name>
         <load_address>0x12dc0</load_address>
         <run_address>0x12dc0</run_address>
         <size>0x2c</size>
         <input_file_ref idref="fl-86"/>
      </object_component>
      <object_component id="oc-85e">
         <name>.text</name>
         <load_address>0x12dec</load_address>
         <run_address>0x12dec</run_address>
         <size>0x2c</size>
         <input_file_ref idref="fl-5f"/>
      </object_component>
      <object_component id="oc-6ef">
         <name>.text:_Z21voltage_adc_supercapsv</name>
         <load_address>0x12e18</load_address>
         <run_address>0x12e18</run_address>
         <size>0x2a</size>
         <input_file_ref idref="fl-10"/>
      </object_component>
      <object_component id="oc-945">
         <name>.text:free_list_remove</name>
         <load_address>0x12e42</load_address>
         <run_address>0x12e42</run_address>
         <size>0x2a</size>
         <input_file_ref idref="fl-86"/>
      </object_component>
      <object_component id="oc-83e">
         <name>.text:_Z22convert_adc_to_voltagej</name>
         <load_address>0x12e6c</load_address>
         <run_address>0x12e6c</run_address>
         <size>0x28</size>
         <input_file_ref idref="fl-10"/>
      </object_component>
      <object_component id="oc-838">
         <name>.text:_Z8read_ADCv</name>
         <load_address>0x12e94</load_address>
         <run_address>0x12e94</run_address>
         <size>0x28</size>
         <input_file_ref idref="fl-10"/>
      </object_component>
      <object_component id="oc-540">
         <name>.text:_Z11setup_SMCLKv</name>
         <load_address>0x12ebc</load_address>
         <run_address>0x12ebc</run_address>
         <size>0x26</size>
         <input_file_ref idref="fl-f"/>
      </object_component>
      <object_component id="oc-5c3">
         <name>.text:_Z13activate_NEAsv</name>
         <load_address>0x12ee2</load_address>
         <run_address>0x12ee2</run_address>
         <size>0x26</size>
         <input_file_ref idref="fl-c"/>
      </object_component>
      <object_component id="oc-64f">
         <name>.text:_Z22initialize_adc_generalv</name>
         <load_address>0x12f08</load_address>
         <run_address>0x12f08</run_address>
         <size>0x26</size>
         <input_file_ref idref="fl-f"/>
      </object_component>
      <object_component id="oc-77a">
         <name>.text:_Z25switch_on_charge_cap_flagi</name>
         <load_address>0x12f2e</load_address>
         <run_address>0x12f2e</run_address>
         <size>0x26</size>
         <input_file_ref idref="fl-10"/>
      </object_component>
      <object_component id="oc-78b">
         <name>.text:_Z26switch_off_charge_cap_flagi</name>
         <load_address>0x12f54</load_address>
         <run_address>0x12f54</run_address>
         <size>0x26</size>
         <input_file_ref idref="fl-10"/>
      </object_component>
      <object_component id="oc-691">
         <name>.text:_Z29initialize_heat_resistor_pinsv</name>
         <load_address>0x12f7a</load_address>
         <run_address>0x12f7a</run_address>
         <size>0x24</size>
         <input_file_ref idref="fl-e"/>
      </object_component>
      <object_component id="oc-3e7">
         <name>.text:decompress:ZI:__TI_zero_init_nomemset:__TI_zero_init_nomemset</name>
         <load_address>0x12f9e</load_address>
         <run_address>0x12f9e</run_address>
         <size>0x24</size>
         <input_file_ref idref="fl-58"/>
      </object_component>
      <object_component id="oc-8e2">
         <name>.text</name>
         <load_address>0x12fc2</load_address>
         <run_address>0x12fc2</run_address>
         <size>0x24</size>
         <input_file_ref idref="fl-65"/>
      </object_component>
      <object_component id="oc-9d2">
         <name>.text</name>
         <load_address>0x12fe6</load_address>
         <run_address>0x12fe6</run_address>
         <size>0x24</size>
         <input_file_ref idref="fl-6c"/>
      </object_component>
      <object_component id="oc-67f">
         <name>.text:_Z24initialize_adc_supercapsv</name>
         <load_address>0x1300a</load_address>
         <run_address>0x1300a</run_address>
         <size>0x22</size>
         <input_file_ref idref="fl-10"/>
      </object_component>
      <object_component id="oc-750">
         <name>.text:_Z10uart_writePhj</name>
         <load_address>0x1302c</load_address>
         <run_address>0x1302c</run_address>
         <size>0x1e</size>
         <input_file_ref idref="fl-4"/>
      </object_component>
      <object_component id="oc-709">
         <name>.text:_Z21voltage_adc_bus_sensev</name>
         <load_address>0x1304a</load_address>
         <run_address>0x1304a</run_address>
         <size>0x1e</size>
         <input_file_ref idref="fl-d"/>
      </object_component>
      <object_component id="oc-65b">
         <name>.text:_Z24initialize_adc_bus_sensev</name>
         <load_address>0x13068</load_address>
         <run_address>0x13068</run_address>
         <size>0x1e</size>
         <input_file_ref idref="fl-d"/>
      </object_component>
      <object_component id="oc-4c9">
         <name>.text:_Z12send_messagehPKhh</name>
         <load_address>0x13086</load_address>
         <run_address>0x13086</run_address>
         <size>0x1c</size>
         <input_file_ref idref="fl-2"/>
      </object_component>
      <object_component id="oc-66d">
         <name>.text:_Z13setupTimer_B0v</name>
         <load_address>0x130a2</load_address>
         <run_address>0x130a2</run_address>
         <size>0x1c</size>
         <input_file_ref idref="fl-11"/>
      </object_component>
      <object_component id="oc-679">
         <name>.text:_Z19initialize_capreadyv</name>
         <load_address>0x130be</load_address>
         <run_address>0x130be</run_address>
         <size>0x18</size>
         <input_file_ref idref="fl-10"/>
      </object_component>
      <object_component id="oc-6bc">
         <name>.text:_Z21startTimeoutTimer_TA2v</name>
         <load_address>0x130d6</load_address>
         <run_address>0x130d6</run_address>
         <size>0x18</size>
         <input_file_ref idref="fl-f"/>
      </object_component>
      <object_component id="oc-7e1">
         <name>.text</name>
         <load_address>0x130ee</load_address>
         <run_address>0x130ee</run_address>
         <size>0x18</size>
         <input_file_ref idref="fl-6a"/>
      </object_component>
      <object_component id="oc-93f">
         <name>.text:heap_start</name>
         <load_address>0x13106</load_address>
         <run_address>0x13106</run_address>
         <size>0x16</size>
         <input_file_ref idref="fl-86"/>
      </object_component>
      <object_component id="oc-8f3">
         <name>.text</name>
         <load_address>0x1311c</load_address>
         <run_address>0x1311c</run_address>
         <size>0x16</size>
         <input_file_ref idref="fl-60"/>
      </object_component>
      <object_component id="oc-801">
         <name>.text:_Z18calculate_checksumPK7Message</name>
         <load_address>0x13132</load_address>
         <run_address>0x13132</run_address>
         <size>0x14</size>
         <input_file_ref idref="fl-3"/>
      </object_component>
      <object_component id="oc-73b">
         <name>.text:_Z25calculate_checksum_helperhhPKh</name>
         <load_address>0x13146</load_address>
         <run_address>0x13146</run_address>
         <size>0x14</size>
         <input_file_ref idref="fl-3"/>
      </object_component>
      <object_component id="oc-3c3">
         <name>.text:memcpy</name>
         <load_address>0x1315a</load_address>
         <run_address>0x1315a</run_address>
         <size>0x14</size>
         <input_file_ref idref="fl-87"/>
      </object_component>
      <object_component id="oc-655">
         <name>.text:_Z32initialize_bus_current_sense_pinv</name>
         <load_address>0x1316e</load_address>
         <run_address>0x1316e</run_address>
         <size>0x12</size>
         <input_file_ref idref="fl-d"/>
      </object_component>
      <object_component id="oc-649">
         <name>.text:_Z35initialize_umbilicalcord_detach_pinv</name>
         <load_address>0x13180</load_address>
         <run_address>0x13180</run_address>
         <size>0x12</size>
         <input_file_ref idref="fl-12"/>
      </object_component>
      <object_component id="oc-7c">
         <name>.text:decompress:none:__TI_decompress_none</name>
         <load_address>0x13192</load_address>
         <run_address>0x13192</run_address>
         <size>0x12</size>
         <input_file_ref idref="fl-40"/>
      </object_component>
      <object_component id="oc-91e">
         <name>.text:_Z20stopTimeoutTimer_TA2v</name>
         <load_address>0x131a4</load_address>
         <run_address>0x131a4</run_address>
         <size>0x10</size>
         <input_file_ref idref="fl-f"/>
      </object_component>
      <object_component id="oc-900">
         <name>.text:_Z12is_heater_onv</name>
         <load_address>0x131b4</load_address>
         <run_address>0x131b4</run_address>
         <size>0xe</size>
         <input_file_ref idref="fl-e"/>
      </object_component>
      <object_component id="oc-546">
         <name>.text:_Z14uart_configurev</name>
         <load_address>0x131c2</load_address>
         <run_address>0x131c2</run_address>
         <size>0xe</size>
         <input_file_ref idref="fl-4"/>
      </object_component>
      <object_component id="oc-59f">
         <name>.text:_Z20read_NEAready_statusPVhh</name>
         <load_address>0x131d0</load_address>
         <run_address>0x131d0</run_address>
         <size>0xe</size>
         <input_file_ref idref="fl-c"/>
      </object_component>
      <object_component id="oc-4b4">
         <name>.text:_Z22boot_up_initialisationv</name>
         <load_address>0x131de</load_address>
         <run_address>0x131de</run_address>
         <size>0xe</size>
         <input_file_ref idref="fl-f"/>
      </object_component>
      <object_component id="oc-661">
         <name>.text:_Z23initialize_bus_flag_pinv</name>
         <load_address>0x131ec</load_address>
         <run_address>0x131ec</run_address>
         <size>0xe</size>
         <input_file_ref idref="fl-d"/>
      </object_component>
      <object_component id="oc-727">
         <name>.text:_Z28readout_temperature_sensor_1v</name>
         <load_address>0x131fa</load_address>
         <run_address>0x131fa</run_address>
         <size>0xe</size>
         <input_file_ref idref="fl-11"/>
      </object_component>
      <object_component id="oc-721">
         <name>.text:_Z28readout_temperature_sensor_2v</name>
         <load_address>0x13208</load_address>
         <run_address>0x13208</run_address>
         <size>0xe</size>
         <input_file_ref idref="fl-11"/>
      </object_component>
      <object_component id="oc-584">
         <name>.text:_Z33send_transit_mode_request_messagev</name>
         <load_address>0x13216</load_address>
         <run_address>0x13216</run_address>
         <size>0xe</size>
         <input_file_ref idref="fl-14"/>
      </object_component>
      <object_component id="oc-68b">
         <name>.text:_Z8init_LEDv</name>
         <load_address>0x13224</load_address>
         <run_address>0x13224</run_address>
         <size>0xe</size>
         <input_file_ref idref="fl-f"/>
      </object_component>
      <object_component id="oc-797">
         <name>.text:_Z28switch_on_discharge_cap_flagv</name>
         <load_address>0x13232</load_address>
         <run_address>0x13232</run_address>
         <size>0xc</size>
         <input_file_ref idref="fl-10"/>
      </object_component>
      <object_component id="oc-791">
         <name>.text:_Z29switch_off_discharge_cap_flagv</name>
         <load_address>0x1323e</load_address>
         <run_address>0x1323e</run_address>
         <size>0xc</size>
         <input_file_ref idref="fl-10"/>
      </object_component>
      <object_component id="oc-57e">
         <name>.text:_Z29umbilicalcord_rover_connectedv</name>
         <load_address>0x1324a</load_address>
         <run_address>0x1324a</run_address>
         <size>0xc</size>
         <input_file_ref idref="fl-12"/>
      </object_component>
      <object_component id="oc-5cf">
         <name>.text:_Z23switch_off_bus_flag_pinv</name>
         <load_address>0x13256</load_address>
         <run_address>0x13256</run_address>
         <size>0xa</size>
         <input_file_ref idref="fl-d"/>
      </object_component>
      <object_component id="oc-578">
         <name>.text:_Z34initialize_umbilicalcord_pin_roverv</name>
         <load_address>0x13260</load_address>
         <run_address>0x13260</run_address>
         <size>0xa</size>
         <input_file_ref idref="fl-12"/>
      </object_component>
      <object_component id="oc-811">
         <name>.text:_ZdlPv</name>
         <load_address>0x1326a</load_address>
         <run_address>0x1326a</run_address>
         <size>0xa</size>
         <input_file_ref idref="fl-3e"/>
      </object_component>
      <object_component id="oc-5de">
         <name>.text:_Z16MCU_heaterOn_lowv</name>
         <load_address>0x13274</load_address>
         <run_address>0x13274</run_address>
         <size>0x8</size>
         <input_file_ref idref="fl-e"/>
      </object_component>
      <object_component id="oc-5e4">
         <name>.text:_Z17MCU_heaterOff_lowv</name>
         <load_address>0x1327c</load_address>
         <run_address>0x1327c</run_address>
         <size>0x8</size>
         <input_file_ref idref="fl-e"/>
      </object_component>
      <object_component id="oc-906">
         <name>.text:_Z17MCU_heaterOn_highv</name>
         <load_address>0x13284</load_address>
         <run_address>0x13284</run_address>
         <size>0x8</size>
         <input_file_ref idref="fl-e"/>
      </object_component>
      <object_component id="oc-90c">
         <name>.text:_Z18MCU_heaterOff_highv</name>
         <load_address>0x1328c</load_address>
         <run_address>0x1328c</run_address>
         <size>0x8</size>
         <input_file_ref idref="fl-e"/>
      </object_component>
      <object_component id="oc-4f8">
         <name>.text:abort</name>
         <load_address>0x13294</load_address>
         <run_address>0x13294</run_address>
         <size>0x6</size>
         <input_file_ref idref="fl-82"/>
      </object_component>
      <object_component id="oc-6b1">
         <name>.text:_ZdlPvj</name>
         <load_address>0x1329a</load_address>
         <run_address>0x1329a</run_address>
         <size>0x4</size>
         <input_file_ref idref="fl-3e"/>
      </object_component>
      <object_component id="oc-454">
         <name>.text:_system_pre_init</name>
         <load_address>0x1329e</load_address>
         <run_address>0x1329e</run_address>
         <size>0x4</size>
         <input_file_ref idref="fl-81"/>
      </object_component>
      <object_component id="oc-7c2">
         <name>.text:_nop</name>
         <load_address>0x132a2</load_address>
         <run_address>0x132a2</run_address>
         <size>0x2</size>
         <input_file_ref idref="fl-84"/>
      </object_component>
      <object_component id="oc-61c">
         <name>.text:_system_post_cinit</name>
         <load_address>0x132a4</load_address>
         <run_address>0x132a4</run_address>
         <size>0x2</size>
         <input_file_ref idref="fl-80"/>
      </object_component>
      <object_component id="oc-749">
         <name>.bss:buffer$1</name>
         <uninitialized>true</uninitialized>
         <run_address>0x1c00</run_address>
         <size>0x100</size>
         <input_file_ref idref="fl-2"/>
      </object_component>
      <object_component id="oc-742">
         <name>.bss:temp_buffer$2</name>
         <uninitialized>true</uninitialized>
         <run_address>0x1d00</run_address>
         <size>0x100</size>
         <input_file_ref idref="fl-2"/>
      </object_component>
      <object_component id="oc-97e">
         <name>.bss</name>
         <uninitialized>true</uninitialized>
         <run_address>0x1f00</run_address>
         <size>0x4</size>
         <input_file_ref idref="fl-86"/>
      </object_component>
      <object_component id="oc-4f0">
         <name>.common:transit_state</name>
         <uninitialized>true</uninitialized>
         <run_address>0x1f08</run_address>
         <size>0x2</size>
      </object_component>
      <object_component id="oc-445">
         <name>.common:RX_buffer</name>
         <uninitialized>true</uninitialized>
         <run_address>0x1e00</run_address>
         <size>0x100</size>
      </object_component>
      <object_component id="oc-444">
         <name>.common:message_pointer</name>
         <uninitialized>true</uninitialized>
         <run_address>0x1f06</run_address>
         <size>0x2</size>
      </object_component>
      <object_component id="oc-438">
         <name>.common:UART_state</name>
         <uninitialized>true</uninitialized>
         <run_address>0x1f04</run_address>
         <size>0x2</size>
      </object_component>
      <object_component id="oc-6c2">
         <name>.data</name>
         <load_address>0x1f11</load_address>
         <run_address>0x1f11</run_address>
         <size>0x1</size>
         <input_file_ref idref="fl-2"/>
      </object_component>
      <object_component id="oc-43c">
         <name>.data</name>
         <load_address>0x1f0a</load_address>
         <run_address>0x1f0a</run_address>
         <size>0x7</size>
         <input_file_ref idref="fl-4"/>
      </object_component>
      <object_component id="oc-6d1">
         <name>.data</name>
         <load_address>0x1f1e</load_address>
         <run_address>0x1f1e</run_address>
         <size>0x2</size>
         <input_file_ref idref="fl-b"/>
      </object_component>
      <object_component id="oc-440">
         <name>.data</name>
         <load_address>0x1f1d</load_address>
         <run_address>0x1f1d</run_address>
         <size>0x1</size>
         <input_file_ref idref="fl-f"/>
      </object_component>
      <object_component id="oc-777">
         <name>.data:supercap_functionality</name>
         <load_address>0x1f1a</load_address>
         <run_address>0x1f1a</run_address>
         <size>0x3</size>
         <input_file_ref idref="fl-10"/>
      </object_component>
      <object_component id="oc-59c">
         <name>.data</name>
         <load_address>0x1f20</load_address>
         <run_address>0x1f20</run_address>
         <size>0x2</size>
         <input_file_ref idref="fl-13"/>
      </object_component>
      <object_component id="oc-569">
         <name>.data</name>
         <load_address>0x1f22</load_address>
         <run_address>0x1f22</run_address>
         <size>0x2</size>
         <input_file_ref idref="fl-14"/>
      </object_component>
      <object_component id="oc-5fc">
         <name>.data</name>
         <load_address>0x1f24</load_address>
         <run_address>0x1f24</run_address>
         <size>0x2</size>
         <input_file_ref idref="fl-15"/>
      </object_component>
      <object_component id="oc-5ed">
         <name>.data</name>
         <load_address>0x1f26</load_address>
         <run_address>0x1f26</run_address>
         <size>0x2</size>
         <input_file_ref idref="fl-16"/>
      </object_component>
      <object_component id="oc-5f3">
         <name>.data</name>
         <load_address>0x1f28</load_address>
         <run_address>0x1f28</run_address>
         <size>0x2</size>
         <input_file_ref idref="fl-17"/>
      </object_component>
      <object_component id="oc-60e">
         <name>.data:_lock</name>
         <load_address>0x1f12</load_address>
         <run_address>0x1f12</run_address>
         <size>0x4</size>
         <input_file_ref idref="fl-84"/>
      </object_component>
      <object_component id="oc-617">
         <name>.data:_unlock</name>
         <load_address>0x1f16</load_address>
         <run_address>0x1f16</run_address>
         <size>0x4</size>
         <input_file_ref idref="fl-84"/>
      </object_component>
      <object_component id="oc-3b1">
         <name>.stack</name>
         <uninitialized>true</uninitialized>
         <run_address>0x2360</run_address>
         <size>0x4</size>
         <input_file_ref idref="fl-7c"/>
      </object_component>
      <object_component id="oc-a64">
         <name>.stack</name>
         <uninitialized>true</uninitialized>
         <run_address>0x2360</run_address>
         <size>0x0</size>
      </object_component>
      <object_component id="oc-82">
         <name>.int30</name>
         <load_address>0xffcc</load_address>
         <run_address>0xffcc</run_address>
         <size>0x2</size>
         <input_file_ref idref="fl-41"/>
      </object_component>
      <object_component id="oc-83">
         <name>.int31</name>
         <load_address>0xffce</load_address>
         <run_address>0xffce</run_address>
         <size>0x2</size>
         <input_file_ref idref="fl-43"/>
      </object_component>
      <object_component id="oc-84">
         <name>.int32</name>
         <load_address>0xffd0</load_address>
         <run_address>0xffd0</run_address>
         <size>0x2</size>
         <input_file_ref idref="fl-44"/>
      </object_component>
      <object_component id="oc-85">
         <name>.int33</name>
         <load_address>0xffd2</load_address>
         <run_address>0xffd2</run_address>
         <size>0x2</size>
[...]
      </symbol>
      <symbol id="sm-89a">
         <name>generalStartupTask</name>
         <value>0x1f22</value>
         <object_component_ref idref="oc-569"/>
      </symbol>
      <symbol id="sm-8c9">
         <name>_Z11launch_modev</name>
         <value>0x1228c</value>
         <object_component_ref idref="oc-4ea"/>
      </symbol>
      <symbol id="sm-8ca">
         <name>launchModeTask</name>
         <value>0x1f24</value>
         <object_component_ref idref="oc-5fc"/>
      </symbol>
      <symbol id="sm-8de">
         <name>_Z19pre_deployment_modev</name>
         <value>0x128c4</value>
         <object_component_ref idref="oc-4d8"/>
      </symbol>
      <symbol id="sm-8df">
         <name>preDeploymentModeTask</name>
         <value>0x1f26</value>
         <object_component_ref idref="oc-5ed"/>
      </symbol>
      <symbol id="sm-8f3">
         <name>_Z12transit_modev</name>
         <value>0x1299a</value>
         <object_component_ref idref="oc-4e1"/>
      </symbol>
      <symbol id="sm-8f4">
         <name>transitModeTask</name>
         <value>0x1f28</value>
         <object_component_ref idref="oc-5f3"/>
      </symbol>
      <symbol id="sm-913">
         <name>_ZdlPv</name>
         <value>0x1326a</value>
         <object_component_ref idref="oc-811"/>
      </symbol>
      <symbol id="sm-914">
         <name>_ZdlPvj</name>
         <value>0x1329a</value>
         <object_component_ref idref="oc-6b1"/>
      </symbol>
      <symbol id="sm-937">
         <name>__TI_decompress_lzss</name>
         <value>0x124b8</value>
         <object_component_ref idref="oc-76"/>
      </symbol>
      <symbol id="sm-948">
         <name>__TI_decompress_none</name>
         <value>0x13192</value>
         <object_component_ref idref="oc-7c"/>
      </symbol>
      <symbol id="sm-94b">
         <name>__TI_int30</name>
         <value>0xffcc</value>
         <object_component_ref idref="oc-82"/>
      </symbol>
      <symbol id="sm-953">
         <name>__TI_ISR_TRAP</name>
         <value>0x493c</value>
         <object_component_ref idref="oc-3d0"/>
      </symbol>
      <symbol id="sm-956">
         <name>__TI_int31</name>
         <value>0xffce</value>
         <object_component_ref idref="oc-83"/>
      </symbol>
      <symbol id="sm-959">
         <name>__TI_int32</name>
         <value>0xffd0</value>
         <object_component_ref idref="oc-84"/>
      </symbol>
      <symbol id="sm-95c">
         <name>__TI_int33</name>
         <value>0xffd2</value>
         <object_component_ref idref="oc-85"/>
      </symbol>
      <symbol id="sm-95f">
         <name>__TI_int34</name>
         <value>0xffd4</value>
         <object_component_ref idref="oc-86"/>
      </symbol>
      <symbol id="sm-962">
         <name>__TI_int36</name>
         <value>0xffd8</value>
         <object_component_ref idref="oc-88"/>
      </symbol>
      <symbol id="sm-965">
         <name>__TI_int37</name>
         <value>0xffda</value>
         <object_component_ref idref="oc-89"/>
      </symbol>
      <symbol id="sm-968">
         <name>__TI_int39</name>
         <value>0xffde</value>
         <object_component_ref idref="oc-8b"/>
      </symbol>
      <symbol id="sm-96b">
         <name>__TI_int40</name>
         <value>0xffe0</value>
         <object_component_ref idref="oc-8c"/>
      </symbol>
      <symbol id="sm-96e">
         <name>__TI_int41</name>
         <value>0xffe2</value>
         <object_component_ref idref="oc-8d"/>
      </symbol>
      <symbol id="sm-971">
         <name>__TI_int42</name>
         <value>0xffe4</value>
         <object_component_ref idref="oc-8e"/>
      </symbol>
      <symbol id="sm-974">
         <name>__TI_int44</name>
         <value>0xffe8</value>
         <object_component_ref idref="oc-90"/>
      </symbol>
      <symbol id="sm-977">
         <name>__TI_int45</name>
         <value>0xffea</value>
         <object_component_ref idref="oc-91"/>
      </symbol>
      <symbol id="sm-97a">
         <name>__TI_int46</name>
         <value>0xffec</value>
         <object_component_ref idref="oc-92"/>
      </symbol>
      <symbol id="sm-97d">
         <name>__TI_int47</name>
         <value>0xffee</value>
         <object_component_ref idref="oc-93"/>
      </symbol>
      <symbol id="sm-980">
         <name>__TI_int48</name>
         <value>0xfff0</value>
         <object_component_ref idref="oc-94"/>
      </symbol>
      <symbol id="sm-983">
         <name>__TI_int49</name>
         <value>0xfff2</value>
         <object_component_ref idref="oc-95"/>
      </symbol>
      <symbol id="sm-986">
         <name>__TI_int50</name>
         <value>0xfff4</value>
         <object_component_ref idref="oc-96"/>
      </symbol>
      <symbol id="sm-989">
         <name>__TI_int51</name>
         <value>0xfff6</value>
         <object_component_ref idref="oc-97"/>
      </symbol>
      <symbol id="sm-98c">
         <name>__TI_int52</name>
         <value>0xfff8</value>
         <object_component_ref idref="oc-98"/>
      </symbol>
      <symbol id="sm-98f">
         <name>__TI_int53</name>
         <value>0xfffa</value>
         <object_component_ref idref="oc-99"/>
      </symbol>
      <symbol id="sm-992">
         <name>__TI_int54</name>
         <value>0xfffc</value>
         <object_component_ref idref="oc-9a"/>
      </symbol>
      <symbol id="sm-9a5">
         <name>__TI_zero_init_nomemset</name>
         <value>0x12f9e</value>
         <object_component_ref idref="oc-3e7"/>
      </symbol>
      <symbol id="sm-9b5">
         <name>__mspabi_cmpf</name>
         <value>0x12830</value>
         <object_component_ref idref="oc-6f5"/>
      </symbol>
      <symbol id="sm-9cf">
         <name>__mspabi_cvtdf</name>
         <value>0x11f44</value>
         <object_component_ref idref="oc-96e"/>
      </symbol>
      <symbol id="sm-9dd">
         <name>__mspabi_cvtfd</name>
         <value>0x12674</value>
         <object_component_ref idref="oc-95c"/>
      </symbol>
      <symbol id="sm-a03">
         <name>__mspabi_divd</name>
         <value>0x110b2</value>
         <object_component_ref idref="oc-968"/>
      </symbol>
      <symbol id="sm-a1e">
         <name>__TI_frcdivd</name>
         <value>0x1072a</value>
         <object_component_ref idref="oc-99b"/>
      </symbol>
      <symbol id="sm-a30">
         <name>__mspabi_divf</name>
         <value>0x12322</value>
         <object_component_ref idref="oc-8e7"/>
      </symbol>
      <symbol id="sm-a3c">
         <name>__mspabi_remi</name>
         <value>0x12dec</value>
         <object_component_ref idref="oc-85e"/>
      </symbol>
      <symbol id="sm-a3d">
         <name>__mspabi_divi</name>
         <value>0x12dec</value>
         <object_component_ref idref="oc-85e"/>
      </symbol>
      <symbol id="sm-a47">
         <name>__mspabi_remu</name>
         <value>0x1311c</value>
         <object_component_ref idref="oc-8f3"/>
      </symbol>
      <symbol id="sm-a48">
         <name>__mspabi_divu</name>
         <value>0x1311c</value>
         <object_component_ref idref="oc-8f3"/>
      </symbol>
      <symbol id="sm-a5a">
         <name>__mspabi_fixfi</name>
         <value>0x1260c</value>
         <object_component_ref idref="oc-84a"/>
      </symbol>
      <symbol id="sm-a69">
         <name>__mspabi_fixfu</name>
         <value>0x12954</value>
         <object_component_ref idref="oc-929"/>
      </symbol>
      <symbol id="sm-a76">
         <name>__mspabi_fltif</name>
         <value>0x12c70</value>
         <object_component_ref idref="oc-84f"/>
      </symbol>
      <symbol id="sm-a85">
         <name>__mspabi_fltlif</name>
         <value>0x1287a</value>
         <object_component_ref idref="oc-924"/>
      </symbol>
      <symbol id="sm-a90">
         <name>__mspabi_fltuf</name>
         <value>0x12fc2</value>
         <object_component_ref idref="oc-8e2"/>
      </symbol>
      <symbol id="sm-ab5">
         <name>__mspabi_mpyd</name>
         <value>0x10b92</value>
         <object_component_ref idref="oc-962"/>
      </symbol>
      <symbol id="sm-ac0">
         <name>__TI_frcmpyd</name>
         <value>0x115e2</value>
         <object_component_ref idref="oc-98e"/>
      </symbol>
      <symbol id="sm-ad7">
         <name>__mspabi_mpyf</name>
         <value>0x11dd6</value>
         <object_component_ref idref="oc-859"/>
      </symbol>
      <symbol id="sm-ae0">
         <name>__mspabi_mpyi_f5hw</name>
         <value>0x130ee</value>
         <object_component_ref idref="oc-7e1"/>
      </symbol>
      <symbol id="sm-ae9">
         <name>__mspabi_mpyl_f5hw</name>
         <value>0x12fe6</value>
         <object_component_ref idref="oc-9d2"/>
      </symbol>
      <symbol id="sm-af2">
         <name>__mspabi_mpyll_f5hw</name>
         <value>0x126d8</value>
         <object_component_ref idref="oc-9ba"/>
      </symbol>
      <symbol id="sm-afb">
         <name>__mspabi_mpyull_f5hw</name>
         <value>0x12d94</value>
         <object_component_ref idref="oc-9bf"/>
      </symbol>
      <symbol id="sm-b05">
         <name>__mspabi_slll_9</name>
         <value>0x12af0</value>
         <object_component_ref idref="oc-9a3"/>
      </symbol>
      <symbol id="sm-b06">
         <name>__mspabi_slll_8</name>
         <value>0x12af4</value>
         <object_component_ref idref="oc-9a3"/>
      </symbol>
      <symbol id="sm-b07">
         <name>__mspabi_slll_7</name>
         <value>0x12af8</value>
         <object_component_ref idref="oc-9a3"/>
      </symbol>
      <symbol id="sm-b08">
         <name>__mspabi_slll_6</name>
         <value>0x12afc</value>
         <object_component_ref idref="oc-9a3"/>
      </symbol>
      <symbol id="sm-b09">
         <name>__mspabi_slll_5</name>
         <value>0x12b00</value>
         <object_component_ref idref="oc-9a3"/>
      </symbol>
      <symbol id="sm-b0a">
         <name>__mspabi_slll_4</name>
         <value>0x12b04</value>
         <object_component_ref idref="oc-9a3"/>
      </symbol>
      <symbol id="sm-b0b">
         <name>__mspabi_slll_3</name>
         <value>0x12b08</value>
         <object_component_ref idref="oc-9a3"/>
      </symbol>
      <symbol id="sm-b0c">
         <name>__mspabi_slll_2</name>
         <value>0x12b0c</value>
         <object_component_ref idref="oc-9a3"/>
      </symbol>
      <symbol id="sm-b0d">
         <name>__mspabi_slll_1</name>
         <value>0x12b10</value>
         <object_component_ref idref="oc-9a3"/>
      </symbol>
      <symbol id="sm-b0e">
         <name>__mspabi_slll_15</name>
         <value>0x12ad8</value>
         <object_component_ref idref="oc-9a3"/>
      </symbol>
      <symbol id="sm-b0f">
         <name>__mspabi_slll_14</name>
         <value>0x12adc</value>
         <object_component_ref idref="oc-9a3"/>
      </symbol>
      <symbol id="sm-b10">
         <name>__mspabi_slll_13</name>
         <value>0x12ae0</value>
         <object_component_ref idref="oc-9a3"/>
      </symbol>
      <symbol id="sm-b11">
         <name>__mspabi_slll_12</name>
         <value>0x12ae4</value>
         <object_component_ref idref="oc-9a3"/>
      </symbol>
      <symbol id="sm-b12">
         <name>__mspabi_slll_11</name>
         <value>0x12ae8</value>
         <object_component_ref idref="oc-9a3"/>
      </symbol>
      <symbol id="sm-b13">
         <name>__mspabi_slll_10</name>
         <value>0x12aec</value>
         <object_component_ref idref="oc-9a3"/>
      </symbol>
      <symbol id="sm-b20">
         <name>__mspabi_sllll</name>
         <value>0x12b8e</value>
         <object_component_ref idref="oc-9b4"/>
      </symbol>
      <symbol id="sm-b28">
         <name>__mspabi_sral_15</name>
         <value>0x12a9a</value>
         <object_component_ref idref="oc-983"/>
      </symbol>
      <symbol id="sm-b29">
         <name>__mspabi_sral_14</name>
         <value>0x12a9e</value>
         <object_component_ref idref="oc-983"/>
      </symbol>
      <symbol id="sm-b2a">
         <name>__mspabi_sral_13</name>
         <value>0x12aa2</value>
         <object_component_ref idref="oc-983"/>
      </symbol>
      <symbol id="sm-b2b">
         <name>__mspabi_sral_12</name>
         <value>0x12aa6</value>
         <object_component_ref idref="oc-983"/>
      </symbol>
      <symbol id="sm-b2c">
         <name>__mspabi_sral_11</name>
         <value>0x12aaa</value>
         <object_component_ref idref="oc-983"/>
      </symbol>
      <symbol id="sm-b2d">
         <name>__mspabi_sral_10</name>
         <value>0x12aae</value>
         <object_component_ref idref="oc-983"/>
      </symbol>
      <symbol id="sm-b2e">
         <name>__mspabi_sral_8</name>
         <value>0x12ab6</value>
         <object_component_ref idref="oc-983"/>
      </symbol>
      <symbol id="sm-b2f">
         <name>__mspabi_sral_9</name>
         <value>0x12ab2</value>
         <object_component_ref idref="oc-983"/>
      </symbol>
      <symbol id="sm-b30">
         <name>__mspabi_sral_6</name>
         <value>0x12abe</value>
         <object_component_ref idref="oc-983"/>
      </symbol>
      <symbol id="sm-b31">
         <name>__mspabi_sral_7</name>
         <value>0x12aba</value>
         <object_component_ref idref="oc-983"/>
      </symbol>
      <symbol id="sm-b32">
         <name>__mspabi_sral_4</name>
         <value>0x12ac6</value>
         <object_component_ref idref="oc-983"/>
      </symbol>
      <symbol id="sm-b33">
         <name>__mspabi_sral_5</name>
         <value>0x12ac2</value>
         <object_component_ref idref="oc-983"/>
      </symbol>
      <symbol id="sm-b34">
         <name>__mspabi_sral_2</name>
         <value>0x12ace</value>
         <object_component_ref idref="oc-983"/>
      </symbol>
      <symbol id="sm-b35">
         <name>__mspabi_sral_3</name>
         <value>0x12aca</value>
         <object_component_ref idref="oc-983"/>
      </symbol>
      <symbol id="sm-b36">
         <name>__mspabi_sral_1</name>
         <value>0x12ad2</value>
         <object_component_ref idref="oc-983"/>
      </symbol>
      <symbol id="sm-b3e">
         <name>__mspabi_srll_8</name>
         <value>0x12b32</value>
         <object_component_ref idref="oc-9cd"/>
      </symbol>
      <symbol id="sm-b3f">
         <name>__mspabi_srll_9</name>
         <value>0x12b2e</value>
         <object_component_ref idref="oc-9cd"/>
      </symbol>
      <symbol id="sm-b40">
         <name>__mspabi_srll_6</name>
         <value>0x12b3a</value>
         <object_component_ref idref="oc-9cd"/>
      </symbol>
      <symbol id="sm-b41">
         <name>__mspabi_srll_7</name>
         <value>0x12b36</value>
         <object_component_ref idref="oc-9cd"/>
      </symbol>
      <symbol id="sm-b42">
         <name>__mspabi_srll_4</name>
         <value>0x12b42</value>
         <object_component_ref idref="oc-9cd"/>
      </symbol>
      <symbol id="sm-b43">
         <name>__mspabi_srll_5</name>
         <value>0x12b3e</value>
         <object_component_ref idref="oc-9cd"/>
      </symbol>
      <symbol id="sm-b44">
         <name>__mspabi_srll_2</name>
         <value>0x12b4a</value>
         <object_component_ref idref="oc-9cd"/>
      </symbol>
      <symbol id="sm-b45">
         <name>__mspabi_srll_3</name>
         <value>0x12b46</value>
         <object_component_ref idref="oc-9cd"/>
      </symbol>
      <symbol id="sm-b46">
         <name>__mspabi_srll_1</name>
         <value>0x12b4e</value>
         <object_component_ref idref="oc-9cd"/>
      </symbol>
      <symbol id="sm-b47">
         <name>__mspabi_srll_15</name>
         <value>0x12b16</value>
         <object_component_ref idref="oc-9cd"/>
      </symbol>
      <symbol id="sm-b48">
         <name>__mspabi_srll_14</name>
         <value>0x12b1a</value>
         <object_component_ref idref="oc-9cd"/>
      </symbol>
      <symbol id="sm-b49">
         <name>__mspabi_srll_13</name>
         <value>0x12b1e</value>
         <object_component_ref idref="oc-9cd"/>
      </symbol>
      <symbol id="sm-b4a">
         <name>__mspabi_srll_12</name>
         <value>0x12b22</value>
         <object_component_ref idref="oc-9cd"/>
      </symbol>
      <symbol id="sm-b4b">
         <name>__mspabi_srll_11</name>
         <value>0x12b26</value>
         <object_component_ref idref="oc-9cd"/>
      </symbol>
      <symbol id="sm-b4c">
         <name>__mspabi_srll_10</name>
         <value>0x12b2a</value>
         <object_component_ref idref="oc-9cd"/>
      </symbol>
      <symbol id="sm-b59">
         <name>__mspabi_srlll</name>
         <value>0x12bc8</value>
         <object_component_ref idref="oc-9c4"/>
      </symbol>
      <symbol id="sm-b62">
         <name>__mspabi_subd</name>
         <value>0x12d0a</value>
         <object_component_ref idref="oc-974"/>
      </symbol>
      <symbol id="sm-b9c">
         <name>__mspabi_addd</name>
         <value>0x10000</value>
         <object_component_ref idref="oc-9aa"/>
      </symbol>
      <symbol id="sm-ba9">
         <name>__mspabi_srall</name>
         <value>0x129de</value>
         <object_component_ref idref="oc-9de"/>
      </symbol>
      <symbol id="sm-bc4">
         <name>__mspabi_subf</name>
         <value>0x1188a</value>
         <object_component_ref idref="oc-854"/>
      </symbol>
      <symbol id="sm-bc5">
         <name>__mspabi_addf</name>
         <value>0x11890</value>
         <object_component_ref idref="oc-854"/>
      </symbol>
      <symbol id="sm-bd5">
         <name>_c_int00_noargs_mpu</name>
         <value>0x48fc</value>
         <object_component_ref idref="oc-411"/>
      </symbol>
      <symbol id="sm-bd6">
         <name>_stack</name>
         <value>0x2360</value>
         <object_component_ref idref="oc-3b1"/>
      </symbol>
      <symbol id="sm-bd7">
         <name>_reset_vector</name>
         <value>0xfffe</value>
         <object_component_ref idref="oc-3b4"/>
      </symbol>
      <symbol id="sm-be0">
         <name>__mpu_init</name>
         <value>0x12d68</value>
         <object_component_ref idref="oc-46c"/>
      </symbol>
      <symbol id="sm-c04">
         <name>__TI_auto_init_nobinit_nopinit_hold_wdt</name>
         <value>0x1278e</value>
         <object_component_ref idref="oc-51c"/>
      </symbol>
      <symbol id="sm-c0d">
         <name>_system_post_cinit</name>
         <value>0x132a4</value>
         <object_component_ref idref="oc-61c"/>
      </symbol>
      <symbol id="sm-c16">
         <name>_system_pre_init</name>
         <value>0x1329e</value>
         <object_component_ref idref="oc-454"/>
      </symbol>
      <symbol id="sm-c20">
         <name>C$$EXIT</name>
         <value>0x13294</value>
         <object_component_ref idref="oc-4f8"/>
      </symbol>
      <symbol id="sm-c21">
         <name>abort</name>
         <value>0x13294</value>
         <object_component_ref idref="oc-4f8"/>
      </symbol>
      <symbol id="sm-c38">
         <name>_nop</name>
         <value>0x132a2</value>
         <object_component_ref idref="oc-7c2"/>
      </symbol>
      <symbol id="sm-c39">
         <name>_lock</name>
         <value>0x1f12</value>
         <object_component_ref idref="oc-60e"/>
      </symbol>
      <symbol id="sm-c3a">
         <name>_unlock</name>
         <value>0x1f16</value>
         <object_component_ref idref="oc-617"/>
      </symbol>
      <symbol id="sm-c92">
         <name>_sys_memory</name>
         <value>0x4400</value>
         <object_component_ref idref="oc-3b5"/>
      </symbol>
      <symbol id="sm-c93">
         <name>free</name>
         <value>0x119bc</value>
         <object_component_ref idref="oc-8ce"/>
      </symbol>
      <symbol id="sm-ca1">
         <name>memcpy</name>
         <value>0x1315a</value>
         <object_component_ref idref="oc-3c3"/>
      </symbol>
      <symbol id="sm-ca7">
         <name>_ZSt17__throw_bad_allocv</name>
         <value>0x13294</value>
      </symbol>
   </symbol_table>
   <title>Link successful</title>
</link_info>
