<?xml version="1.0" encoding="ISO-8859-1" ?>
<link_info>
   <banner>MSP430 Linker PC v21.6.1.LTS</banner>
   <copyright>Copyright (c) 2003-2018 Texas Instruments Incorporated</copyright>
   <link_time>0x667a92b1</link_time>
   <link_errors>0x0</link_errors>
   <output_file>rover deployment software system.out</output_file>
   <entry_point>
      <name>_c_int00_noargs_mpu</name>
      <address>0x4926</address>
   </entry_point>
   <input_file_list>
      <input_file id="fl-2">
         <path>.\src\lander_communication\</path>
         <kind>object</kind>
         <file>lander_communication.obj</file>
         <name>lander_communication.obj</name>
      </input_file>
      <input_file id="fl-3">
         <path>.\src\lander_communication\</path>
         <kind>object</kind>
         <file>lander_communication_protocol.obj</file>
         <name>lander_communication_protocol.obj</name>
      </input_file>
      <input_file id="fl-4">
         <path>.\src\lander_communication\</path>
         <kind>object</kind>
         <file>uart_communication.obj</file>
         <name>uart_communication.obj</name>
      </input_file>
      <input_file id="fl-5">
         <path>.\src\lander_communication\learning to use UART\</path>
         <kind>object</kind>
         <file>PinHigh.obj</file>
         <name>PinHigh.obj</name>
      </input_file>
      <input_file id="fl-6">
         <path>.\src\lander_communication\learning to use UART\</path>
         <kind>object</kind>
         <file>SLIP encoding.obj</file>
         <name>SLIP encoding.obj</name>
      </input_file>
      <input_file id="fl-7">
         <path>.\src\lander_communication\learning to use UART\</path>
         <kind>object</kind>
         <file>SLIP retransmission.obj</file>
         <name>SLIP retransmission.obj</name>
      </input_file>
      <input_file id="fl-8">
         <path>.\src\lander_communication\learning to use UART\</path>
         <kind>object</kind>
         <file>UART transmission using buffer.obj</file>
         <name>UART transmission using buffer.obj</name>
      </input_file>
      <input_file id="fl-9">
         <path>.\src\lander_communication\learning to use UART\</path>
         <kind>object</kind>
         <file>UART transmit pin test.obj</file>
         <name>UART transmit pin test.obj</name>
      </input_file>
      <input_file id="fl-a">
         <path>.\src\</path>
         <kind>object</kind>
         <file>main.obj</file>
         <name>main.obj</name>
      </input_file>
      <input_file id="fl-b">
         <path>.\src\system_health\</path>
         <kind>object</kind>
         <file>ECCS.obj</file>
         <name>ECCS.obj</name>
      </input_file>
      <input_file id="fl-c">
         <path>.\src\system_health\</path>
         <kind>object</kind>
         <file>NEA_readout.obj</file>
         <name>NEA_readout.obj</name>
      </input_file>
      <input_file id="fl-d">
         <path>.\src\system_health\</path>
         <kind>object</kind>
         <file>bus_current_readout.obj</file>
         <name>bus_current_readout.obj</name>
      </input_file>
      <input_file id="fl-e">
         <path>.\src\system_health\</path>
         <kind>object</kind>
         <file>heat_resistor_control.obj</file>
         <name>heat_resistor_control.obj</name>
      </input_file>
      <input_file id="fl-f">
         <path>.\src\system_health\</path>
         <kind>object</kind>
         <file>main_system_init.obj</file>
         <name>main_system_init.obj</name>
      </input_file>
      <input_file id="fl-10">
         <path>.\src\system_health\</path>
         <kind>object</kind>
         <file>supercap_readout.obj</file>
         <name>supercap_readout.obj</name>
      </input_file>
      <input_file id="fl-11">
         <path>.\src\system_health\</path>
         <kind>object</kind>
         <file>temp_sensors.obj</file>
         <name>temp_sensors.obj</name>
      </input_file>
      <input_file id="fl-12">
         <path>.\src\system_health\</path>
         <kind>object</kind>
         <file>umbilical_cord.obj</file>
         <name>umbilical_cord.obj</name>
      </input_file>
      <input_file id="fl-13">
         <path>.\src\transit_modes\</path>
         <kind>object</kind>
         <file>deployment_mode.obj</file>
         <name>deployment_mode.obj</name>
      </input_file>
      <input_file id="fl-14">
         <path>.\src\transit_modes\</path>
         <kind>object</kind>
         <file>general_startup.obj</file>
         <name>general_startup.obj</name>
      </input_file>
      <input_file id="fl-15">
         <path>.\src\transit_modes\</path>
         <kind>object</kind>
         <file>launch_mode.obj</file>
         <name>launch_mode.obj</name>
      </input_file>
      <input_file id="fl-16">
         <path>.\src\transit_modes\</path>
         <kind>object</kind>
         <file>pre_deployment_mode.obj</file>
         <name>pre_deployment_mode.obj</name>
      </input_file>
      <input_file id="fl-17">
         <path>.\src\transit_modes\</path>
         <kind>object</kind>
         <file>transit_mode.obj</file>
         <name>transit_mode.obj</name>
      </input_file>
      <input_file id="fl-1e">
         <kind>object</kind>
         <file>&lt;internal&gt;</file>
         <name>&lt;internal&gt;</name>
      </input_file>
      <input_file id="fl-3e">
         <path>C:\ti\ccs1271\ccs\tools\compiler\ti-cgt-msp430_21.6.1.LTS\lib\</path>
         <kind>archive</kind>
         <file>rts430x_lc_rd_eabi.lib</file>
         <name>new.cpp.obj</name>
      </input_file>
      <input_file id="fl-3f">
         <path>C:\ti\ccs1271\ccs\tools\compiler\ti-cgt-msp430_21.6.1.LTS\lib\</path>
         <kind>archive</kind>
         <file>rts430x_lc_rd_eabi.lib</file>
         <name>copy_decompress_lzss.c.obj</name>
      </input_file>
      <input_file id="fl-40">
         <path>C:\ti\ccs1271\ccs\tools\compiler\ti-cgt-msp430_21.6.1.LTS\lib\</path>
         <kind>archive</kind>
         <file>rts430x_lc_rd_eabi.lib</file>
         <name>copy_decompress_none.c.obj</name>
      </input_file>
      <input_file id="fl-41">
         <path>C:\ti\ccs1271\ccs\tools\compiler\ti-cgt-msp430_21.6.1.LTS\lib\</path>
         <kind>archive</kind>
         <file>rts430x_lc_rd_eabi.lib</file>
         <name>int30.asm.obj</name>
      </input_file>
      <input_file id="fl-42">
         <path>C:\ti\ccs1271\ccs\tools\compiler\ti-cgt-msp430_21.6.1.LTS\lib\</path>
         <kind>archive</kind>
         <file>rts430x_lc_rd_eabi.lib</file>
         <name>isr_trap.asm.obj</name>
      </input_file>
      <input_file id="fl-43">
         <path>C:\ti\ccs1271\ccs\tools\compiler\ti-cgt-msp430_21.6.1.LTS\lib\</path>
         <kind>archive</kind>
         <file>rts430x_lc_rd_eabi.lib</file>
         <name>int31.asm.obj</name>
      </input_file>
      <input_file id="fl-44">
         <path>C:\ti\ccs1271\ccs\tools\compiler\ti-cgt-msp430_21.6.1.LTS\lib\</path>
         <kind>archive</kind>
         <file>rts430x_lc_rd_eabi.lib</file>
         <name>int32.asm.obj</name>
      </input_file>
      <input_file id="fl-45">
         <path>C:\ti\ccs1271\ccs\tools\compiler\ti-cgt-msp430_21.6.1.LTS\lib\</path>
         <kind>archive</kind>
         <file>rts430x_lc_rd_eabi.lib</file>
         <name>int33.asm.obj</name>
      </input_file>
      <input_file id="fl-46">
         <path>C:\ti\ccs1271\ccs\tools\compiler\ti-cgt-msp430_21.6.1.LTS\lib\</path>
         <kind>archive</kind>
         <file>rts430x_lc_rd_eabi.lib</file>
         <name>int34.asm.obj</name>
      </input_file>
      <input_file id="fl-47">
         <path>C:\ti\ccs1271\ccs\tools\compiler\ti-cgt-msp430_21.6.1.LTS\lib\</path>
         <kind>archive</kind>
         <file>rts430x_lc_rd_eabi.lib</file>
         <name>int36.asm.obj</name>
      </input_file>
      <input_file id="fl-48">
         <path>C:\ti\ccs1271\ccs\tools\compiler\ti-cgt-msp430_21.6.1.LTS\lib\</path>
         <kind>archive</kind>
         <file>rts430x_lc_rd_eabi.lib</file>
         <name>int37.asm.obj</name>
      </input_file>
      <input_file id="fl-49">
         <path>C:\ti\ccs1271\ccs\tools\compiler\ti-cgt-msp430_21.6.1.LTS\lib\</path>
         <kind>archive</kind>
         <file>rts430x_lc_rd_eabi.lib</file>
         <name>int39.asm.obj</name>
      </input_file>
      <input_file id="fl-4a">
         <path>C:\ti\ccs1271\ccs\tools\compiler\ti-cgt-msp430_21.6.1.LTS\lib\</path>
         <kind>archive</kind>
         <file>rts430x_lc_rd_eabi.lib</file>
         <name>int40.asm.obj</name>
      </input_file>
      <input_file id="fl-4b">
         <path>C:\ti\ccs1271\ccs\tools\compiler\ti-cgt-msp430_21.6.1.LTS\lib\</path>
         <kind>archive</kind>
         <file>rts430x_lc_rd_eabi.lib</file>
         <name>int42.asm.obj</name>
      </input_file>
      <input_file id="fl-4c">
         <path>C:\ti\ccs1271\ccs\tools\compiler\ti-cgt-msp430_21.6.1.LTS\lib\</path>
         <kind>archive</kind>
         <file>rts430x_lc_rd_eabi.lib</file>
         <name>int44.asm.obj</name>
      </input_file>
      <input_file id="fl-4d">
         <path>C:\ti\ccs1271\ccs\tools\compiler\ti-cgt-msp430_21.6.1.LTS\lib\</path>
         <kind>archive</kind>
         <file>rts430x_lc_rd_eabi.lib</file>
         <name>int45.asm.obj</name>
      </input_file>
      <input_file id="fl-4e">
         <path>C:\ti\ccs1271\ccs\tools\compiler\ti-cgt-msp430_21.6.1.LTS\lib\</path>
         <kind>archive</kind>
         <file>rts430x_lc_rd_eabi.lib</file>
         <name>int47.asm.obj</name>
      </input_file>
      <input_file id="fl-4f">
         <path>C:\ti\ccs1271\ccs\tools\compiler\ti-cgt-msp430_21.6.1.LTS\lib\</path>
         <kind>archive</kind>
         <file>rts430x_lc_rd_eabi.lib</file>
         <name>int48.asm.obj</name>
      </input_file>
      <input_file id="fl-50">
         <path>C:\ti\ccs1271\ccs\tools\compiler\ti-cgt-msp430_21.6.1.LTS\lib\</path>
         <kind>archive</kind>
         <file>rts430x_lc_rd_eabi.lib</file>
         <name>int49.asm.obj</name>
      </input_file>
      <input_file id="fl-51">
         <path>C:\ti\ccs1271\ccs\tools\compiler\ti-cgt-msp430_21.6.1.LTS\lib\</path>
         <kind>archive</kind>
         <file>rts430x_lc_rd_eabi.lib</file>
         <name>int50.asm.obj</name>
      </input_file>
      <input_file id="fl-52">
         <path>C:\ti\ccs1271\ccs\tools\compiler\ti-cgt-msp430_21.6.1.LTS\lib\</path>
         <kind>archive</kind>
         <file>rts430x_lc_rd_eabi.lib</file>
         <name>int51.asm.obj</name>
      </input_file>
      <input_file id="fl-53">
         <path>C:\ti\ccs1271\ccs\tools\compiler\ti-cgt-msp430_21.6.1.LTS\lib\</path>
         <kind>archive</kind>
         <file>rts430x_lc_rd_eabi.lib</file>
         <name>int52.asm.obj</name>
      </input_file>
      <input_file id="fl-54">
         <path>C:\ti\ccs1271\ccs\tools\compiler\ti-cgt-msp430_21.6.1.LTS\lib\</path>
         <kind>archive</kind>
         <file>rts430x_lc_rd_eabi.lib</file>
         <name>int53.asm.obj</name>
      </input_file>
      <input_file id="fl-55">
         <path>C:\ti\ccs1271\ccs\tools\compiler\ti-cgt-msp430_21.6.1.LTS\lib\</path>
         <kind>archive</kind>
         <file>rts430x_lc_rd_eabi.lib</file>
         <name>int54.asm.obj</name>
      </input_file>
      <input_file id="fl-56">
         <path>C:\ti\ccs1271\ccs\tools\compiler\ti-cgt-msp430_21.6.1.LTS\lib\</path>
         <kind>archive</kind>
         <file>rts430x_lc_rd_eabi.lib</file>
         <name>copy_zero_init.c.obj</name>
      </input_file>
      <input_file id="fl-57">
         <path>C:\ti\ccs1271\ccs\tools\compiler\ti-cgt-msp430_21.6.1.LTS\lib\</path>
         <kind>archive</kind>
         <file>rts430x_lc_rd_eabi.lib</file>
         <name>cmpd.c.obj</name>
      </input_file>
      <input_file id="fl-58">
         <path>C:\ti\ccs1271\ccs\tools\compiler\ti-cgt-msp430_21.6.1.LTS\lib\</path>
         <kind>archive</kind>
         <file>rts430x_lc_rd_eabi.lib</file>
         <name>fs_cmp.asm.obj</name>
      </input_file>
      <input_file id="fl-59">
         <path>C:\ti\ccs1271\ccs\tools\compiler\ti-cgt-msp430_21.6.1.LTS\lib\</path>
         <kind>archive</kind>
         <file>rts430x_lc_rd_eabi.lib</file>
         <name>cvtdf.c.obj</name>
      </input_file>
      <input_file id="fl-5a">
         <path>C:\ti\ccs1271\ccs\tools\compiler\ti-cgt-msp430_21.6.1.LTS\lib\</path>
         <kind>archive</kind>
         <file>rts430x_lc_rd_eabi.lib</file>
         <name>cvtfd.c.obj</name>
      </input_file>
      <input_file id="fl-5b">
         <path>C:\ti\ccs1271\ccs\tools\compiler\ti-cgt-msp430_21.6.1.LTS\lib\</path>
         <kind>archive</kind>
         <file>rts430x_lc_rd_eabi.lib</file>
         <name>divd.c.obj</name>
      </input_file>
      <input_file id="fl-5c">
         <path>C:\ti\ccs1271\ccs\tools\compiler\ti-cgt-msp430_21.6.1.LTS\lib\</path>
         <kind>archive</kind>
         <file>rts430x_lc_rd_eabi.lib</file>
         <name>frcdivd.c.obj</name>
      </input_file>
      <input_file id="fl-5d">
         <path>C:\ti\ccs1271\ccs\tools\compiler\ti-cgt-msp430_21.6.1.LTS\lib\</path>
         <kind>archive</kind>
         <file>rts430x_lc_rd_eabi.lib</file>
         <name>fs_div.asm.obj</name>
      </input_file>
      <input_file id="fl-5e">
         <path>C:\ti\ccs1271\ccs\tools\compiler\ti-cgt-msp430_21.6.1.LTS\lib\</path>
         <kind>archive</kind>
         <file>rts430x_lc_rd_eabi.lib</file>
         <name>div16s.asm.obj</name>
      </input_file>
      <input_file id="fl-5f">
         <path>C:\ti\ccs1271\ccs\tools\compiler\ti-cgt-msp430_21.6.1.LTS\lib\</path>
         <kind>archive</kind>
         <file>rts430x_lc_rd_eabi.lib</file>
         <name>div16u.asm.obj</name>
      </input_file>
      <input_file id="fl-60">
         <path>C:\ti\ccs1271\ccs\tools\compiler\ti-cgt-msp430_21.6.1.LTS\lib\</path>
         <kind>archive</kind>
         <file>rts430x_lc_rd_eabi.lib</file>
         <name>fs_toi.asm.obj</name>
      </input_file>
      <input_file id="fl-61">
         <path>C:\ti\ccs1271\ccs\tools\compiler\ti-cgt-msp430_21.6.1.LTS\lib\</path>
         <kind>archive</kind>
         <file>rts430x_lc_rd_eabi.lib</file>
         <name>fs_tou.asm.obj</name>
      </input_file>
      <input_file id="fl-62">
         <path>C:\ti\ccs1271\ccs\tools\compiler\ti-cgt-msp430_21.6.1.LTS\lib\</path>
         <kind>archive</kind>
         <file>rts430x_lc_rd_eabi.lib</file>
         <name>fs_itof.asm.obj</name>
      </input_file>
      <input_file id="fl-63">
         <path>C:\ti\ccs1271\ccs\tools\compiler\ti-cgt-msp430_21.6.1.LTS\lib\</path>
         <kind>archive</kind>
         <file>rts430x_lc_rd_eabi.lib</file>
         <name>fs_ltof.asm.obj</name>
      </input_file>
      <input_file id="fl-64">
         <path>C:\ti\ccs1271\ccs\tools\compiler\ti-cgt-msp430_21.6.1.LTS\lib\</path>
         <kind>archive</kind>
         <file>rts430x_lc_rd_eabi.lib</file>
         <name>fs_utof.asm.obj</name>
      </input_file>
      <input_file id="fl-65">
         <path>C:\ti\ccs1271\ccs\tools\compiler\ti-cgt-msp430_21.6.1.LTS\lib\</path>
         <kind>archive</kind>
         <file>rts430x_lc_rd_eabi.lib</file>
         <name>mpyd.c.obj</name>
      </input_file>
      <input_file id="fl-66">
         <path>C:\ti\ccs1271\ccs\tools\compiler\ti-cgt-msp430_21.6.1.LTS\lib\</path>
         <kind>archive</kind>
         <file>rts430x_lc_rd_eabi.lib</file>
         <name>frcmpyd.c.obj</name>
      </input_file>
      <input_file id="fl-67">
         <path>C:\ti\ccs1271\ccs\tools\compiler\ti-cgt-msp430_21.6.1.LTS\lib\</path>
         <kind>archive</kind>
         <file>rts430x_lc_rd_eabi.lib</file>
         <name>fs_mpy.asm.obj</name>
      </input_file>
      <input_file id="fl-68">
         <path>C:\ti\ccs1271\ccs\tools\compiler\ti-cgt-msp430_21.6.1.LTS\lib\</path>
         <kind>archive</kind>
         <file>rts430x_lc_rd_eabi.lib</file>
         <name>mult16.asm.obj</name>
      </input_file>
      <input_file id="fl-69">
         <path>C:\ti\ccs1271\ccs\tools\compiler\ti-cgt-msp430_21.6.1.LTS\lib\</path>
         <kind>archive</kind>
         <file>rts430x_lc_rd_eabi.lib</file>
         <name>mult16_f5hw.asm.obj</name>
      </input_file>
      <input_file id="fl-6a">
         <path>C:\ti\ccs1271\ccs\tools\compiler\ti-cgt-msp430_21.6.1.LTS\lib\</path>
         <kind>archive</kind>
         <file>rts430x_lc_rd_eabi.lib</file>
         <name>mult32.asm.obj</name>
      </input_file>
      <input_file id="fl-6b">
         <path>C:\ti\ccs1271\ccs\tools\compiler\ti-cgt-msp430_21.6.1.LTS\lib\</path>
         <kind>archive</kind>
         <file>rts430x_lc_rd_eabi.lib</file>
         <name>mult32_f5hw.asm.obj</name>
      </input_file>
      <input_file id="fl-6c">
         <path>C:\ti\ccs1271\ccs\tools\compiler\ti-cgt-msp430_21.6.1.LTS\lib\</path>
         <kind>archive</kind>
         <file>rts430x_lc_rd_eabi.lib</file>
         <name>mult64.asm.obj</name>
      </input_file>
      <input_file id="fl-6d">
         <path>C:\ti\ccs1271\ccs\tools\compiler\ti-cgt-msp430_21.6.1.LTS\lib\</path>
         <kind>archive</kind>
         <file>rts430x_lc_rd_eabi.lib</file>
         <name>mult64_f5hw.asm.obj</name>
      </input_file>
      <input_file id="fl-6e">
         <path>C:\ti\ccs1271\ccs\tools\compiler\ti-cgt-msp430_21.6.1.LTS\lib\</path>
         <kind>archive</kind>
         <file>rts430x_lc_rd_eabi.lib</file>
         <name>mult1632_f5hw.asm.obj</name>
      </input_file>
      <input_file id="fl-6f">
         <path>C:\ti\ccs1271\ccs\tools\compiler\ti-cgt-msp430_21.6.1.LTS\lib\</path>
         <kind>archive</kind>
         <file>rts430x_lc_rd_eabi.lib</file>
         <name>mult3264_f5hw.asm.obj</name>
      </input_file>
      <input_file id="fl-70">
         <path>C:\ti\ccs1271\ccs\tools\compiler\ti-cgt-msp430_21.6.1.LTS\lib\</path>
         <kind>archive</kind>
         <file>rts430x_lc_rd_eabi.lib</file>
         <name>mult1632.asm.obj</name>
      </input_file>
      <input_file id="fl-71">
         <path>C:\ti\ccs1271\ccs\tools\compiler\ti-cgt-msp430_21.6.1.LTS\lib\</path>
         <kind>archive</kind>
         <file>rts430x_lc_rd_eabi.lib</file>
         <name>mult3264.asm.obj</name>
      </input_file>
      <input_file id="fl-72">
         <path>C:\ti\ccs1271\ccs\tools\compiler\ti-cgt-msp430_21.6.1.LTS\lib\</path>
         <kind>archive</kind>
         <file>rts430x_lc_rd_eabi.lib</file>
         <name>lsl32.asm.obj</name>
      </input_file>
      <input_file id="fl-73">
         <path>C:\ti\ccs1271\ccs\tools\compiler\ti-cgt-msp430_21.6.1.LTS\lib\</path>
         <kind>archive</kind>
         <file>rts430x_lc_rd_eabi.lib</file>
         <name>lsl64.c.obj</name>
      </input_file>
      <input_file id="fl-74">
         <path>C:\ti\ccs1271\ccs\tools\compiler\ti-cgt-msp430_21.6.1.LTS\lib\</path>
         <kind>archive</kind>
         <file>rts430x_lc_rd_eabi.lib</file>
         <name>asr32.asm.obj</name>
      </input_file>
      <input_file id="fl-75">
         <path>C:\ti\ccs1271\ccs\tools\compiler\ti-cgt-msp430_21.6.1.LTS\lib\</path>
         <kind>archive</kind>
         <file>rts430x_lc_rd_eabi.lib</file>
         <name>lsr32.asm.obj</name>
      </input_file>
      <input_file id="fl-76">
         <path>C:\ti\ccs1271\ccs\tools\compiler\ti-cgt-msp430_21.6.1.LTS\lib\</path>
         <kind>archive</kind>
         <file>rts430x_lc_rd_eabi.lib</file>
         <name>lsr64.c.obj</name>
      </input_file>
      <input_file id="fl-77">
         <path>C:\ti\ccs1271\ccs\tools\compiler\ti-cgt-msp430_21.6.1.LTS\lib\</path>
         <kind>archive</kind>
         <file>rts430x_lc_rd_eabi.lib</file>
         <name>subd.c.obj</name>
      </input_file>
      <input_file id="fl-78">
         <path>C:\ti\ccs1271\ccs\tools\compiler\ti-cgt-msp430_21.6.1.LTS\lib\</path>
         <kind>archive</kind>
         <file>rts430x_lc_rd_eabi.lib</file>
         <name>addd.c.obj</name>
      </input_file>
      <input_file id="fl-79">
         <path>C:\ti\ccs1271\ccs\tools\compiler\ti-cgt-msp430_21.6.1.LTS\lib\</path>
         <kind>archive</kind>
         <file>rts430x_lc_rd_eabi.lib</file>
         <name>asr64.c.obj</name>
      </input_file>
      <input_file id="fl-7a">
         <path>C:\ti\ccs1271\ccs\tools\compiler\ti-cgt-msp430_21.6.1.LTS\lib\</path>
         <kind>archive</kind>
         <file>rts430x_lc_rd_eabi.lib</file>
         <name>fs_add.asm.obj</name>
      </input_file>
      <input_file id="fl-7b">
         <path>C:\ti\ccs1271\ccs\tools\compiler\ti-cgt-msp430_21.6.1.LTS\lib\</path>
         <kind>archive</kind>
         <file>rts430x_lc_rd_eabi.lib</file>
         <name>boot.c.obj</name>
      </input_file>
      <input_file id="fl-7c">
         <path>C:\ti\ccs1271\ccs\ccs_base\msp430\lib\FR59xx\</path>
         <kind>archive</kind>
         <file>MSPMPU_INIT_LIB_CCS_msp430_large_code_restricted_data.lib</file>
         <name>mpu_init.o</name>
      </input_file>
      <input_file id="fl-7d">
         <path>C:\ti\ccs1271\ccs\tools\compiler\ti-cgt-msp430_21.6.1.LTS\lib\</path>
         <kind>archive</kind>
         <file>rts430x_lc_rd_eabi.lib</file>
         <name>args_main.c.obj</name>
      </input_file>
      <input_file id="fl-7e">
         <path>C:\ti\ccs1271\ccs\tools\compiler\ti-cgt-msp430_21.6.1.LTS\lib\</path>
         <kind>archive</kind>
         <file>rts430x_lc_rd_eabi.lib</file>
         <name>autoinit.c.obj</name>
      </input_file>
      <input_file id="fl-7f">
         <path>C:\ti\ccs1271\ccs\tools\compiler\ti-cgt-msp430_21.6.1.LTS\lib\</path>
         <kind>archive</kind>
         <file>rts430x_lc_rd_eabi.lib</file>
         <name>startup.c.obj</name>
      </input_file>
      <input_file id="fl-80">
         <path>C:\ti\ccs1271\ccs\tools\compiler\ti-cgt-msp430_21.6.1.LTS\lib\</path>
         <kind>archive</kind>
         <file>rts430x_lc_rd_eabi.lib</file>
         <name>pre_init.c.obj</name>
      </input_file>
      <input_file id="fl-81">
         <path>C:\ti\ccs1271\ccs\tools\compiler\ti-cgt-msp430_21.6.1.LTS\lib\</path>
         <kind>archive</kind>
         <file>rts430x_lc_rd_eabi.lib</file>
         <name>exit.c.obj</name>
      </input_file>
      <input_file id="fl-82">
         <path>C:\ti\ccs1271\ccs\tools\compiler\ti-cgt-msp430_21.6.1.LTS\lib\</path>
         <kind>archive</kind>
         <file>rts430x_lc_rd_eabi.lib</file>
         <name>exit_gvars.c.obj</name>
      </input_file>
      <input_file id="fl-83">
         <path>C:\ti\ccs1271\ccs\tools\compiler\ti-cgt-msp430_21.6.1.LTS\lib\</path>
         <kind>archive</kind>
         <file>rts430x_lc_rd_eabi.lib</file>
         <name>_lock.c.obj</name>
      </input_file>
      <input_file id="fl-84">
         <path>C:\ti\ccs1271\ccs\tools\compiler\ti-cgt-msp430_21.6.1.LTS\lib\</path>
         <kind>archive</kind>
         <file>rts430x_lc_rd_eabi.lib</file>
         <name>cpy_tbl.c.obj</name>
      </input_file>
      <input_file id="fl-85">
         <path>C:\ti\ccs1271\ccs\tools\compiler\ti-cgt-msp430_21.6.1.LTS\lib\</path>
         <kind>archive</kind>
         <file>rts430x_lc_rd_eabi.lib</file>
         <name>memory.c.obj</name>
      </input_file>
      <input_file id="fl-86">
         <path>C:\ti\ccs1271\ccs\tools\compiler\ti-cgt-msp430_21.6.1.LTS\lib\</path>
         <kind>archive</kind>
         <file>rts430x_lc_rd_eabi.lib</file>
         <name>memcpy.c.obj</name>
      </input_file>
      <input_file id="fl-87">
         <path>C:\ti\ccs1271\ccs\tools\compiler\ti-cgt-msp430_21.6.1.LTS\lib\</path>
         <kind>archive</kind>
         <file>rts430x_lc_rd_eabi.lib</file>
         <name>memset.c.obj</name>
      </input_file>
   </input_file_list>
   <object_component_list>
      <object_component id="oc-3b5">
         <name>.sysmem</name>
         <uninitialized>true</uninitialized>
         <run_address>0x4400</run_address>
         <size>0x8</size>
         <input_file_ref idref="fl-85"/>
      </object_component>
      <object_component id="oc-ad4">
         <name>.sysmem</name>
         <uninitialized>true</uninitialized>
         <run_address>0x4400</run_address>
         <size>0x0</size>
      </object_component>
      <object_component id="oc-ad2">
         <name>.cinit..data.load</name>
         <load_address>0x4f6e</load_address>
         <run_address>0x4f6e</run_address>
         <size>0x15</size>
      </object_component>
      <object_component id="oc-acf">
         <name>__TI_handler_table</name>
         <load_address>0x4f84</load_address>
         <run_address>0x4f84</run_address>
         <size>0xc</size>
      </object_component>
      <object_component id="oc-ad1">
         <name>.cinit..bss.load</name>
         <load_address>0x4f90</load_address>
         <run_address>0x4f90</run_address>
         <size>0x6</size>
      </object_component>
      <object_component id="oc-ad0">
         <name>__TI_cinit_table</name>
         <load_address>0x4f96</load_address>
         <run_address>0x4f96</run_address>
         <size>0x10</size>
      </object_component>
      <object_component id="oc-a60">
         <name>.binit</name>
         <load_address>0x4400</load_address>
         <run_address>0x4400</run_address>
         <size>0x0</size>
      </object_component>
      <object_component id="oc-8cb">
         <name>.const:.string:$P$T0$1</name>
         <load_address>0x4978</load_address>
         <run_address>0x4978</run_address>
         <size>0x2f</size>
         <input_file_ref idref="fl-e"/>
      </object_component>
      <object_component id="oc-8c5">
         <name>.const:.string:$P$T1$2</name>
         <load_address>0x49a8</load_address>
         <run_address>0x49a8</run_address>
         <size>0x2f</size>
         <input_file_ref idref="fl-e"/>
      </object_component>
      <object_component id="oc-8b6">
         <name>.const:.string:$P$T2$3</name>
         <load_address>0x49d8</load_address>
         <run_address>0x49d8</run_address>
         <size>0x2f</size>
         <input_file_ref idref="fl-e"/>
      </object_component>
      <object_component id="oc-8b9">
         <name>.const:.string:$P$T3$4</name>
         <load_address>0x4a08</load_address>
         <run_address>0x4a08</run_address>
         <size>0x2f</size>
         <input_file_ref idref="fl-e"/>
      </object_component>
      <object_component id="oc-705">
         <name>.const:.string:$P$T1$2</name>
         <load_address>0x4a38</load_address>
         <run_address>0x4a38</run_address>
         <size>0x28</size>
         <input_file_ref idref="fl-b"/>
      </object_component>
      <object_component id="oc-711">
         <name>.const:.string:PAYLOAD_SUPERCAP_VOLTAGE_ERROR</name>
         <load_address>0x4a60</load_address>
         <run_address>0x4a60</run_address>
         <size>0x24</size>
         <input_file_ref idref="fl-b"/>
      </object_component>
      <object_component id="oc-71a">
         <name>.const:.string:$P$T0$1</name>
         <load_address>0x4a84</load_address>
         <run_address>0x4a84</run_address>
         <size>0x23</size>
         <input_file_ref idref="fl-b"/>
      </object_component>
      <object_component id="oc-71d">
         <name>.const:.string:PAYLOAD_BUS_SENSE_BROKEN</name>
         <load_address>0x4aa8</load_address>
         <run_address>0x4aa8</run_address>
         <size>0x23</size>
         <input_file_ref idref="fl-b"/>
      </object_component>
      <object_component id="oc-5ec">
         <name>.const:.string:PAYLOAD_POWER_ROVER_OFF</name>
         <load_address>0x4acc</load_address>
         <run_address>0x4acc</run_address>
         <size>0x23</size>
         <input_file_ref idref="fl-13"/>
      </object_component>
      <object_component id="oc-8c8">
         <name>.const:.string:PAYLOAD_TEMP_SENSOR_1_BROKEN</name>
         <load_address>0x4af0</load_address>
         <run_address>0x4af0</run_address>
         <size>0x1f</size>
         <input_file_ref idref="fl-e"/>
      </object_component>
      <object_component id="oc-8bc">
         <name>.const:.string:PAYLOAD_TEMP_SENSOR_2_BROKEN</name>
         <load_address>0x4b10</load_address>
         <run_address>0x4b10</run_address>
         <size>0x1f</size>
         <input_file_ref idref="fl-e"/>
      </object_component>
      <object_component id="oc-7cc">
         <name>.const:.string:PAYLOAD_SUPERCAP1_NOT_READY</name>
         <load_address>0x4b30</load_address>
         <run_address>0x4b30</run_address>
         <size>0x1e</size>
         <input_file_ref idref="fl-10"/>
      </object_component>
      <object_component id="oc-7d8">
         <name>.const:.string:PAYLOAD_SUPERCAP2_NOT_READY</name>
         <load_address>0x4b4e</load_address>
         <run_address>0x4b4e</run_address>
         <size>0x1e</size>
         <input_file_ref idref="fl-10"/>
      </object_component>
      <object_component id="oc-7d2">
         <name>.const:.string:PAYLOAD_SUPERCAP3_NOT_READY</name>
         <load_address>0x4b6c</load_address>
         <run_address>0x4b6c</run_address>
         <size>0x1e</size>
         <input_file_ref idref="fl-10"/>
      </object_component>
      <object_component id="oc-720">
         <name>.const:.string:PAYLOAD_UMBILICAL_NOT_CONNECTED</name>
         <load_address>0x4b8a</load_address>
         <run_address>0x4b8a</run_address>
         <size>0x1d</size>
         <input_file_ref idref="fl-b"/>
      </object_component>
      <object_component id="oc-583">
         <name>.const:.string:PAYLOAD_UMBILICAL_NOT_CONNECTED</name>
         <load_address>0x4ba8</load_address>
         <run_address>0x4ba8</run_address>
         <size>0x1d</size>
         <input_file_ref idref="fl-14"/>
      </object_component>
      <object_component id="oc-616">
         <name>.const:.string:PAYLOAD_UMBILICAL_NOT_CONNECTED</name>
         <load_address>0x4bc6</load_address>
         <run_address>0x4bc6</run_address>
         <size>0x1d</size>
         <input_file_ref idref="fl-15"/>
      </object_component>
      <object_component id="oc-7a4">
         <name>.const:.string:PAYLOAD_UMBILICAL_NOT_CONNECTED</name>
         <load_address>0x4be4</load_address>
         <run_address>0x4be4</run_address>
         <size>0x1d</size>
         <input_file_ref idref="fl-12"/>
      </object_component>
      <object_component id="oc-70e">
         <name>.const:.string:PAYLOAD_SUPERCAP_VOLTAGE_ZERO</name>
         <load_address>0x4c02</load_address>
         <run_address>0x4c02</run_address>
         <size>0x1b</size>
         <input_file_ref idref="fl-b"/>
      </object_component>
      <object_component id="oc-7cf">
         <name>.const:.string:PAYLOAD_SUPERCAP1_READY</name>
         <load_address>0x4c1e</load_address>
         <run_address>0x4c1e</run_address>
         <size>0x1a</size>
         <input_file_ref idref="fl-10"/>
      </object_component>
      <object_component id="oc-7db">
         <name>.const:.string:PAYLOAD_SUPERCAP2_READY</name>
         <load_address>0x4c38</load_address>
         <run_address>0x4c38</run_address>
         <size>0x1a</size>
         <input_file_ref idref="fl-10"/>
      </object_component>
      <object_component id="oc-7d5">
         <name>.const:.string:PAYLOAD_SUPERCAP3_READY</name>
         <load_address>0x4c52</load_address>
         <run_address>0x4c52</run_address>
         <size>0x1a</size>
         <input_file_ref idref="fl-10"/>
      </object_component>
      <object_component id="oc-723">
         <name>.const:.string:PAYLOAD_UMBILICAL_CONNECTED</name>
         <load_address>0x4c6c</load_address>
         <run_address>0x4c6c</run_address>
         <size>0x19</size>
         <input_file_ref idref="fl-b"/>
      </object_component>
      <object_component id="oc-586">
         <name>.const:.string:PAYLOAD_UMBILICAL_CONNECTED</name>
         <load_address>0x4c86</load_address>
         <run_address>0x4c86</run_address>
         <size>0x19</size>
         <input_file_ref idref="fl-14"/>
      </object_component>
      <object_component id="oc-619">
         <name>.const:.string:PAYLOAD_UMBILICAL_CONNECTED</name>
         <load_address>0x4ca0</load_address>
         <run_address>0x4ca0</run_address>
         <size>0x19</size>
         <input_file_ref idref="fl-15"/>
      </object_component>
      <object_component id="oc-7a7">
         <name>.const:.string:PAYLOAD_UMBILICAL_CONNECTED</name>
         <load_address>0x4cba</load_address>
         <run_address>0x4cba</run_address>
         <size>0x19</size>
         <input_file_ref idref="fl-12"/>
      </object_component>
      <object_component id="oc-6f7">
         <name>.const:.string:PAYLOAD_ALL_NEA_READY</name>
         <load_address>0x4cd4</load_address>
         <run_address>0x4cd4</run_address>
         <size>0x17</size>
         <input_file_ref idref="fl-b"/>
      </object_component>
      <object_component id="oc-5d4">
         <name>.const:.string:PAYLOAD_ALL_NEA_READY</name>
         <load_address>0x4cec</load_address>
         <run_address>0x4cec</run_address>
         <size>0x17</size>
         <input_file_ref idref="fl-13"/>
      </object_component>
      <object_component id="oc-5d7">
         <name>.const:.string:PAYLOAD_DEPLOYMENT_COMPLETE</name>
         <load_address>0x4d04</load_address>
         <run_address>0x4d04</run_address>
         <size>0x17</size>
         <input_file_ref idref="fl-13"/>
      </object_component>
      <object_component id="oc-4fc">
         <name>.const:.string:PAYLOAD_LAUNCH_INTEGRATION</name>
         <load_address>0x4d1c</load_address>
         <run_address>0x4d1c</run_address>
         <size>0x13</size>
         <input_file_ref idref="fl-a"/>
      </object_component>
      <object_component id="oc-6df">
         <name>.const:.string:PAYLOAD_NEA1_NOT_READY</name>
         <load_address>0x4d30</load_address>
         <run_address>0x4d30</run_address>
         <size>0x13</size>
         <input_file_ref idref="fl-b"/>
      </object_component>
      <object_component id="oc-8e9">
         <name>.const:.string:PAYLOAD_NEA1_NOT_READY</name>
         <load_address>0x4d44</load_address>
         <run_address>0x4d44</run_address>
         <size>0x13</size>
         <input_file_ref idref="fl-c"/>
      </object_component>
      <object_component id="oc-5bc">
         <name>.const:.string:PAYLOAD_NEA1_NOT_READY</name>
         <load_address>0x4d58</load_address>
         <run_address>0x4d58</run_address>
         <size>0x13</size>
         <input_file_ref idref="fl-13"/>
      </object_component>
      <object_component id="oc-6e5">
         <name>.const:.string:PAYLOAD_NEA2_NOT_READY</name>
         <load_address>0x4d6c</load_address>
         <run_address>0x4d6c</run_address>
         <size>0x13</size>
         <input_file_ref idref="fl-b"/>
      </object_component>
      <object_component id="oc-8ef">
         <name>.const:.string:PAYLOAD_NEA2_NOT_READY</name>
         <load_address>0x4d80</load_address>
         <run_address>0x4d80</run_address>
         <size>0x13</size>
         <input_file_ref idref="fl-c"/>
      </object_component>
      <object_component id="oc-5c2">
         <name>.const:.string:PAYLOAD_NEA2_NOT_READY</name>
         <load_address>0x4d94</load_address>
         <run_address>0x4d94</run_address>
         <size>0x13</size>
         <input_file_ref idref="fl-13"/>
      </object_component>
      <object_component id="oc-6eb">
         <name>.const:.string:PAYLOAD_NEA3_NOT_READY</name>
         <load_address>0x4da8</load_address>
         <run_address>0x4da8</run_address>
         <size>0x13</size>
         <input_file_ref idref="fl-b"/>
      </object_component>
      <object_component id="oc-8f5">
         <name>.const:.string:PAYLOAD_NEA3_NOT_READY</name>
         <load_address>0x4dbc</load_address>
         <run_address>0x4dbc</run_address>
         <size>0x13</size>
         <input_file_ref idref="fl-c"/>
      </object_component>
      <object_component id="oc-5c8">
         <name>.const:.string:PAYLOAD_NEA3_NOT_READY</name>
         <load_address>0x4dd0</load_address>
         <run_address>0x4dd0</run_address>
         <size>0x13</size>
         <input_file_ref idref="fl-13"/>
      </object_component>
      <object_component id="oc-6f1">
         <name>.const:.string:PAYLOAD_NEA4_NOT_READY</name>
         <load_address>0x4de4</load_address>
         <run_address>0x4de4</run_address>
         <size>0x13</size>
         <input_file_ref idref="fl-b"/>
      </object_component>
      <object_component id="oc-8fb">
         <name>.const:.string:PAYLOAD_NEA4_NOT_READY</name>
         <load_address>0x4df8</load_address>
         <run_address>0x4df8</run_address>
         <size>0x13</size>
         <input_file_ref idref="fl-c"/>
      </object_component>
      <object_component id="oc-5ce">
         <name>.const:.string:PAYLOAD_NEA4_NOT_READY</name>
         <load_address>0x4e0c</load_address>
         <run_address>0x4e0c</run_address>
         <size>0x13</size>
         <input_file_ref idref="fl-13"/>
      </object_component>
      <object_component id="oc-56d">
         <name>.const:.string:PAYLOAD_TOO_LARGE</name>
         <load_address>0x4e20</load_address>
         <run_address>0x4e20</run_address>
         <size>0x12</size>
         <input_file_ref idref="fl-2"/>
      </object_component>
      <object_component id="oc-837">
         <name>.const:.string:PAYLOAD_INVALID_CHECKSUM</name>
         <load_address>0x4e32</load_address>
         <run_address>0x4e32</run_address>
         <size>0x11</size>
         <input_file_ref idref="fl-3"/>
      </object_component>
      <object_component id="oc-509">
         <name>.const:.string:PAYLOAD_GENERAL_STARTUP</name>
         <load_address>0x4e44</load_address>
         <run_address>0x4e44</run_address>
         <size>0x10</size>
         <input_file_ref idref="fl-a"/>
      </object_component>
      <object_component id="oc-83a">
         <name>.const:.string:PAYLOAD_INVALID_MESSAGE</name>
         <load_address>0x4e54</load_address>
         <run_address>0x4e54</run_address>
         <size>0x10</size>
         <input_file_ref idref="fl-3"/>
      </object_component>
      <object_component id="oc-6b3">
         <name>.const:.string:PAYLOAD_INVALID_MESSAGE</name>
         <load_address>0x4e64</load_address>
         <run_address>0x4e64</run_address>
         <size>0x10</size>
         <input_file_ref idref="fl-4"/>
      </object_component>
      <object_component id="oc-6e2">
         <name>.const:.string:PAYLOAD_NEA1_READY</name>
         <load_address>0x4e74</load_address>
         <run_address>0x4e74</run_address>
         <size>0xf</size>
         <input_file_ref idref="fl-b"/>
      </object_component>
      <object_component id="oc-8ec">
         <name>.const:.string:PAYLOAD_NEA1_READY</name>
         <load_address>0x4e84</load_address>
         <run_address>0x4e84</run_address>
         <size>0xf</size>
         <input_file_ref idref="fl-c"/>
      </object_component>
      <object_component id="oc-5bf">
         <name>.const:.string:PAYLOAD_NEA1_READY</name>
         <load_address>0x4e94</load_address>
         <run_address>0x4e94</run_address>
         <size>0xf</size>
         <input_file_ref idref="fl-13"/>
      </object_component>
      <object_component id="oc-6e8">
         <name>.const:.string:PAYLOAD_NEA2_READY</name>
         <load_address>0x4ea4</load_address>
         <run_address>0x4ea4</run_address>
         <size>0xf</size>
         <input_file_ref idref="fl-b"/>
      </object_component>
      <object_component id="oc-8f2">
         <name>.const:.string:PAYLOAD_NEA2_READY</name>
         <load_address>0x4eb4</load_address>
         <run_address>0x4eb4</run_address>
         <size>0xf</size>
         <input_file_ref idref="fl-c"/>
      </object_component>
      <object_component id="oc-5c5">
         <name>.const:.string:PAYLOAD_NEA2_READY</name>
         <load_address>0x4ec4</load_address>
         <run_address>0x4ec4</run_address>
         <size>0xf</size>
         <input_file_ref idref="fl-13"/>
      </object_component>
      <object_component id="oc-6ee">
         <name>.const:.string:PAYLOAD_NEA3_READY</name>
         <load_address>0x4ed4</load_address>
         <run_address>0x4ed4</run_address>
         <size>0xf</size>
         <input_file_ref idref="fl-b"/>
      </object_component>
      <object_component id="oc-8f8">
         <name>.const:.string:PAYLOAD_NEA3_READY</name>
         <load_address>0x4ee4</load_address>
         <run_address>0x4ee4</run_address>
         <size>0xf</size>
         <input_file_ref idref="fl-c"/>
      </object_component>
      <object_component id="oc-5cb">
         <name>.const:.string:PAYLOAD_NEA3_READY</name>
         <load_address>0x4ef4</load_address>
         <run_address>0x4ef4</run_address>
         <size>0xf</size>
         <input_file_ref idref="fl-13"/>
      </object_component>
      <object_component id="oc-6f4">
         <name>.const:.string:PAYLOAD_NEA4_READY</name>
         <load_address>0x4f04</load_address>
         <run_address>0x4f04</run_address>
         <size>0xf</size>
         <input_file_ref idref="fl-b"/>
      </object_component>
      <object_component id="oc-8fe">
         <name>.const:.string:PAYLOAD_NEA4_READY</name>
         <load_address>0x4f14</load_address>
         <run_address>0x4f14</run_address>
         <size>0xf</size>
         <input_file_ref idref="fl-c"/>
      </object_component>
      <object_component id="oc-5d1">
         <name>.const:.string:PAYLOAD_NEA4_READY</name>
         <load_address>0x4f24</load_address>
         <run_address>0x4f24</run_address>
         <size>0xf</size>
         <input_file_ref idref="fl-13"/>
      </object_component>
      <object_component id="oc-4ea">
         <name>.const:.string:PAYLOAD_PRE_DEPLOYMENT</name>
         <load_address>0x4f34</load_address>
         <run_address>0x4f34</run_address>
         <size>0xf</size>
         <input_file_ref idref="fl-a"/>
      </object_component>
      <object_component id="oc-4db">
         <name>.const:.string:PAYLOAD_DEPLOYMENT</name>
         <load_address>0x4f44</load_address>
         <run_address>0x4f44</run_address>
         <size>0xb</size>
         <input_file_ref idref="fl-a"/>
      </object_component>
      <object_component id="oc-4f3">
         <name>.const:.string:PAYLOAD_TRANSIT</name>
         <load_address>0x4f50</load_address>
         <run_address>0x4f50</run_address>
         <size>0x8</size>
         <input_file_ref idref="fl-a"/>
      </object_component>
      <object_component id="oc-577">
         <name>.const:.string:PAYLOAD_INIT</name>
         <load_address>0x4f58</load_address>
         <run_address>0x4f58</run_address>
         <size>0x5</size>
         <input_file_ref idref="fl-14"/>
      </object_component>
      <object_component id="oc-613">
         <name>.const:.string:PAYLOAD_INIT</name>
         <load_address>0x4f5e</load_address>
         <run_address>0x4f5e</run_address>
         <size>0x5</size>
         <input_file_ref idref="fl-15"/>
      </object_component>
      <object_component id="oc-834">
         <name>.const:.string:PAYLOAD_ACK</name>
         <load_address>0x4f64</load_address>
         <run_address>0x4f64</run_address>
         <size>0x4</size>
         <input_file_ref idref="fl-3"/>
      </object_component>
      <object_component id="oc-73b">
         <name>.const:.string:PAYLOAD_TRANSIT_MODE</name>
         <load_address>0x4f68</load_address>
         <run_address>0x4f68</run_address>
         <size>0x3</size>
         <input_file_ref idref="fl-14"/>
      </object_component>
      <object_component id="oc-56a">
         <name>.const:.string:PAYLOAD_EMPTY</name>
         <load_address>0x4f6c</load_address>
         <run_address>0x4f6c</run_address>
         <size>0x1</size>
         <input_file_ref idref="fl-2"/>
      </object_component>
      <object_component id="oc-3e7">
         <name>.text:_isr:_Z11USCI_A1_ISRv</name>
         <load_address>0x4800</load_address>
         <run_address>0x4800</run_address>
         <size>0xfc</size>
         <input_file_ref idref="fl-4"/>
      </object_component>
      <object_component id="oc-3ed">
         <name>.text:_isr:_Z9ADC12_ISRv</name>
         <load_address>0x48fc</load_address>
         <run_address>0x48fc</run_address>
         <size>0x2a</size>
         <input_file_ref idref="fl-10"/>
      </object_component>
      <object_component id="oc-41d">
         <name>.text:_isr:_c_int00_noargs_mpu</name>
         <load_address>0x4926</load_address>
         <run_address>0x4926</run_address>
         <size>0x20</size>
         <input_file_ref idref="fl-7b"/>
      </object_component>
      <object_component id="oc-3db">
         <name>.text:_isr:_Z12Timer_A2_ISRv</name>
         <load_address>0x4946</load_address>
         <run_address>0x4946</run_address>
         <size>0x10</size>
         <input_file_ref idref="fl-f"/>
      </object_component>
      <object_component id="oc-3e1">
         <name>.text:_isr:_Z13Timer1_A0_ISRv</name>
         <load_address>0x4956</load_address>
         <run_address>0x4956</run_address>
         <size>0x10</size>
         <input_file_ref idref="fl-4"/>
      </object_component>
      <object_component id="oc-3d5">
         <name>.text:_isr:_Z12Timer_A3_ISRv</name>
         <load_address>0x4966</load_address>
         <run_address>0x4966</run_address>
         <size>0xa</size>
         <input_file_ref idref="fl-f"/>
      </object_component>
      <object_component id="oc-3d0">
         <name>.text:_isr:__TI_ISR_TRAP</name>
         <load_address>0x4970</load_address>
         <run_address>0x4970</run_address>
         <size>0x8</size>
         <input_file_ref idref="fl-42"/>
      </object_component>
      <object_component id="oc-a1a">
         <name>.text:__mspabi_addd</name>
         <load_address>0x10000</load_address>
         <run_address>0x10000</run_address>
         <size>0x72a</size>
         <input_file_ref idref="fl-78"/>
      </object_component>
      <object_component id="oc-a0b">
         <name>.text:__TI_frcdivd</name>
         <load_address>0x1072a</load_address>
         <run_address>0x1072a</run_address>
         <size>0x468</size>
         <input_file_ref idref="fl-5c"/>
      </object_component>
      <object_component id="oc-9e2">
         <name>.text:__mspabi_mpyd</name>
         <load_address>0x10b92</load_address>
         <run_address>0x10b92</run_address>
         <size>0x292</size>
         <input_file_ref idref="fl-65"/>
      </object_component>
      <object_component id="oc-589">
         <name>.text:_Z28RDS_electronics_status_checkv</name>
         <load_address>0x10e24</load_address>
         <run_address>0x10e24</run_address>
         <size>0x28a</size>
         <input_file_ref idref="fl-b"/>
      </object_component>
      <object_component id="oc-9e8">
         <name>.text:__mspabi_divd</name>
         <load_address>0x110ae</load_address>
         <run_address>0x110ae</run_address>
         <size>0x21c</size>
         <input_file_ref idref="fl-5b"/>
      </object_component>
      <object_component id="oc-4e4">
         <name>.text:_Z15deployment_modev</name>
         <load_address>0x112ca</load_address>
         <run_address>0x112ca</run_address>
         <size>0x1a8</size>
         <input_file_ref idref="fl-13"/>
      </object_component>
      <object_component id="oc-726">
         <name>.text:_Z21heat_resistor_controlff</name>
         <load_address>0x11472</load_address>
         <run_address>0x11472</run_address>
         <size>0x1a0</size>
         <input_file_ref idref="fl-e"/>
      </object_component>
      <object_component id="oc-8d1">
         <name>.text:_Z28readout_temperature_sensor_nPVjS0_</name>
         <load_address>0x11612</load_address>
         <run_address>0x11612</run_address>
         <size>0x170</size>
         <input_file_ref idref="fl-11"/>
      </object_component>
      <object_component id="oc-a03">
         <name>.text:__TI_frcmpyd</name>
         <load_address>0x11782</load_address>
         <run_address>0x11782</run_address>
         <size>0x164</size>
         <input_file_ref idref="fl-66"/>
      </object_component>
      <object_component id="oc-88b">
         <name>.text</name>
         <load_address>0x118e6</load_address>
         <run_address>0x118e6</run_address>
         <size>0x132</size>
         <input_file_ref idref="fl-7a"/>
      </object_component>
      <object_component id="oc-708">
         <name>.text:_Z22float_to_uint8_array_2fPh</name>
         <load_address>0x11a18</load_address>
         <run_address>0x11a18</run_address>
         <size>0x126</size>
         <input_file_ref idref="fl-d"/>
      </object_component>
      <object_component id="oc-5ef">
         <name>.text:_Z28check_supercap_functionalityv</name>
         <load_address>0x11b3e</load_address>
         <run_address>0x11b3e</run_address>
         <size>0x102</size>
         <input_file_ref idref="fl-10"/>
      </object_component>
      <object_component id="oc-93e">
         <name>.text:free</name>
         <load_address>0x11c40</load_address>
         <run_address>0x11c40</run_address>
         <size>0xe2</size>
         <input_file_ref idref="fl-85"/>
      </object_component>
      <object_component id="oc-5da">
         <name>.text:_Z13activate_NEAsv</name>
         <load_address>0x11d22</load_address>
         <run_address>0x11d22</run_address>
         <size>0xde</size>
         <input_file_ref idref="fl-c"/>
      </object_component>
      <object_component id="oc-7c6">
         <name>.text:__mspabi_cmpd</name>
         <load_address>0x11e00</load_address>
         <run_address>0x11e00</run_address>
         <size>0xd8</size>
         <input_file_ref idref="fl-57"/>
      </object_component>
      <object_component id="oc-6b6">
         <name>.text:_Z14handle_messagePK7Message</name>
         <load_address>0x11ed8</load_address>
         <run_address>0x11ed8</run_address>
         <size>0xd6</size>
         <input_file_ref idref="fl-3"/>
      </object_component>
      <object_component id="oc-755">
         <name>.text:_Z11slip_encodePKhjPhPj</name>
         <load_address>0x11fae</load_address>
         <run_address>0x11fae</run_address>
         <size>0xc8</size>
         <input_file_ref idref="fl-2"/>
      </object_component>
      <object_component id="oc-9a9">
         <name>.text:_Z24frequency_to_temperaturef</name>
         <load_address>0x12076</load_address>
         <run_address>0x12076</run_address>
         <size>0xbe</size>
         <input_file_ref idref="fl-11"/>
      </object_component>
      <object_component id="oc-890">
         <name>.text</name>
         <load_address>0x12134</load_address>
         <run_address>0x12134</run_address>
         <size>0xb8</size>
         <input_file_ref idref="fl-67"/>
      </object_component>
      <object_component id="oc-570">
         <name>.text:_Z14read_RX_bufferjj</name>
         <load_address>0x121ec</load_address>
         <run_address>0x121ec</run_address>
         <size>0xb6</size>
         <input_file_ref idref="fl-4"/>
      </object_component>
      <object_component id="oc-79d">
         <name>.text:_Z16send_NEA_messageib</name>
         <load_address>0x122a2</load_address>
         <run_address>0x122a2</run_address>
         <size>0xb4</size>
         <input_file_ref idref="fl-c"/>
      </object_component>
      <object_component id="oc-9ee">
         <name>.text:__mspabi_cvtdf</name>
         <load_address>0x12356</load_address>
         <run_address>0x12356</run_address>
         <size>0xb2</size>
         <input_file_ref idref="fl-59"/>
      </object_component>
      <object_component id="oc-74e">
         <name>.text:_Z24convert_message_to_arrayPK7MessagePhS2_</name>
         <load_address>0x12408</load_address>
         <run_address>0x12408</run_address>
         <size>0xa8</size>
         <input_file_ref idref="fl-2"/>
      </object_component>
      <object_component id="oc-46b">
         <name>.text:main</name>
         <load_address>0x124b0</load_address>
         <run_address>0x124b0</run_address>
         <size>0xa8</size>
         <input_file_ref idref="fl-a"/>
      </object_component>
      <object_component id="oc-4d5">
         <name>.text:_Z15general_startupv</name>
         <load_address>0x12558</load_address>
         <run_address>0x12558</run_address>
         <size>0xa4</size>
         <input_file_ref idref="fl-14"/>
      </object_component>
      <object_component id="oc-6ad">
         <name>.text:_Z24convert_array_to_messagePKhjP7Message</name>
         <load_address>0x125fc</load_address>
         <run_address>0x125fc</run_address>
         <size>0xa2</size>
         <input_file_ref idref="fl-2"/>
      </object_component>
      <object_component id="oc-4ff">
         <name>.text:_Z11launch_modev</name>
         <load_address>0x1269e</load_address>
         <run_address>0x1269e</run_address>
         <size>0x9a</size>
         <input_file_ref idref="fl-15"/>
      </object_component>
      <object_component id="oc-959">
         <name>.text</name>
         <load_address>0x12738</load_address>
         <run_address>0x12738</run_address>
         <size>0x90</size>
         <input_file_ref idref="fl-5d"/>
      </object_component>
      <object_component id="oc-6a7">
         <name>.text:_Z11slip_decodePKhjPhPj</name>
         <load_address>0x127c8</load_address>
         <run_address>0x127c8</run_address>
         <size>0x88</size>
         <input_file_ref idref="fl-2"/>
      </object_component>
      <object_component id="oc-4cf">
         <name>.text:_Z21process_received_datav</name>
         <load_address>0x12850</load_address>
         <run_address>0x12850</run_address>
         <size>0x7e</size>
         <input_file_ref idref="fl-2"/>
      </object_component>
      <object_component id="oc-76">
         <name>.text:decompress:lzss:__TI_decompress_lzss</name>
         <load_address>0x128ce</load_address>
         <run_address>0x128ce</run_address>
         <size>0x76</size>
         <input_file_ref idref="fl-3f"/>
      </object_component>
      <object_component id="oc-8b0">
         <name>.text:_Z33heat_resistor_control_two_sensorsff</name>
         <load_address>0x12944</load_address>
         <run_address>0x12944</run_address>
         <size>0x6a</size>
         <input_file_ref idref="fl-e"/>
      </object_component>
      <object_component id="oc-881">
         <name>.text</name>
         <load_address>0x129ae</load_address>
         <run_address>0x129ae</run_address>
         <size>0x68</size>
         <input_file_ref idref="fl-60"/>
      </object_component>
      <object_component id="oc-7c0">
         <name>.text:__mspabi_cvtfd</name>
         <load_address>0x12a16</load_address>
         <run_address>0x12a16</run_address>
         <size>0x64</size>
         <input_file_ref idref="fl-5a"/>
      </object_component>
      <object_component id="oc-a29">
         <name>.text:__mpyll</name>
         <load_address>0x12a7a</load_address>
         <run_address>0x12a7a</run_address>
         <size>0x5c</size>
         <input_file_ref idref="fl-6d"/>
      </object_component>
      <object_component id="oc-5a6">
         <name>.text:_Z14create_messagehPKhh</name>
         <load_address>0x12ad6</load_address>
         <run_address>0x12ad6</run_address>
         <size>0x5a</size>
         <input_file_ref idref="fl-3"/>
      </object_component>
      <object_component id="oc-531">
         <name>.text:__TI_auto_init_nobinit_nopinit_hold_wdt:__TI_auto_init_nobinit_nopinit_hold_wdt</name>
         <load_address>0x12b30</load_address>
         <run_address>0x12b30</run_address>
         <size>0x54</size>
         <input_file_ref idref="fl-7e"/>
      </object_component>
      <object_component id="oc-4ed">
         <name>.text:_Z19pre_deployment_modev</name>
         <load_address>0x12b84</load_address>
         <run_address>0x12b84</run_address>
         <size>0x4e</size>
         <input_file_ref idref="fl-16"/>
      </object_component>
      <object_component id="oc-5e0">
         <name>.text:_Z20detach_umbilicalcordv</name>
         <load_address>0x12bd2</load_address>
         <run_address>0x12bd2</run_address>
         <size>0x4e</size>
         <input_file_ref idref="fl-12"/>
      </object_component>
      <object_component id="oc-4f6">
         <name>.text:_Z12transit_modev</name>
         <load_address>0x12c20</load_address>
         <run_address>0x12c20</run_address>
         <size>0x4a</size>
         <input_file_ref idref="fl-17"/>
      </object_component>
      <object_component id="oc-700">
         <name>.text</name>
         <load_address>0x12c6a</load_address>
         <run_address>0x12c6a</run_address>
         <size>0x4a</size>
         <input_file_ref idref="fl-58"/>
      </object_component>
      <object_component id="oc-999">
         <name>.text</name>
         <load_address>0x12cb4</load_address>
         <run_address>0x12cb4</run_address>
         <size>0x4a</size>
         <input_file_ref idref="fl-63"/>
      </object_component>
      <object_component id="oc-99e">
         <name>.text</name>
         <load_address>0x12cfe</load_address>
         <run_address>0x12cfe</run_address>
         <size>0x46</size>
         <input_file_ref idref="fl-61"/>
      </object_component>
      <object_component id="oc-57a">
         <name>.text:_Z37send_message_and_wait_for_ACK_3_timeshPKhh</name>
         <load_address>0x12d44</load_address>
         <run_address>0x12d44</run_address>
         <size>0x44</size>
         <input_file_ref idref="fl-2"/>
      </object_component>
      <object_component id="oc-a4d">
         <name>.text:__mspabi_srall</name>
         <load_address>0x12d88</load_address>
         <run_address>0x12d88</run_address>
         <size>0x40</size>
         <input_file_ref idref="fl-79"/>
      </object_component>
      <object_component id="oc-678">
         <name>.text:_Z27initialize_temperature_pinsv</name>
         <load_address>0x12dc8</load_address>
         <run_address>0x12dc8</run_address>
         <size>0x3e</size>
         <input_file_ref idref="fl-11"/>
      </object_component>
      <object_component id="oc-8bf">
         <name>.text:_Z32heat_resistor_control_one_sensorf</name>
         <load_address>0x12e06</load_address>
         <run_address>0x12e06</run_address>
         <size>0x3e</size>
         <input_file_ref idref="fl-e"/>
      </object_component>
      <object_component id="oc-90b">
         <name>.text:l_asr_const</name>
         <load_address>0x12e44</load_address>
         <run_address>0x12e44</run_address>
         <size>0x3e</size>
         <input_file_ref idref="fl-74"/>
      </object_component>
      <object_component id="oc-a13">
         <name>.text:l_lsl_const</name>
         <load_address>0x12e82</load_address>
         <run_address>0x12e82</run_address>
         <size>0x3e</size>
         <input_file_ref idref="fl-72"/>
      </object_component>
      <object_component id="oc-a3c">
         <name>.text:l_lsr_const</name>
         <load_address>0x12ec0</load_address>
         <run_address>0x12ec0</run_address>
         <size>0x3e</size>
         <input_file_ref idref="fl-75"/>
      </object_component>
      <object_component id="oc-a23">
         <name>.text:__mspabi_sllll</name>
         <load_address>0x12efe</load_address>
         <run_address>0x12efe</run_address>
         <size>0x3a</size>
         <input_file_ref idref="fl-73"/>
      </object_component>
      <object_component id="oc-a33">
         <name>.text:__mspabi_srlll</name>
         <load_address>0x12f38</load_address>
         <run_address>0x12f38</run_address>
         <size>0x3a</size>
         <input_file_ref idref="fl-76"/>
      </object_component>
      <object_component id="oc-714">
         <name>.text:_Z21voltage_adc_bus_sensev</name>
         <load_address>0x12f72</load_address>
         <run_address>0x12f72</run_address>
         <size>0x38</size>
         <input_file_ref idref="fl-d"/>
      </object_component>
      <object_component id="oc-6fa">
         <name>.text:_Z21voltage_adc_supercapsv</name>
         <load_address>0x12faa</load_address>
         <run_address>0x12faa</run_address>
         <size>0x38</size>
         <input_file_ref idref="fl-10"/>
      </object_component>
      <object_component id="oc-690">
         <name>.text:_Z23initialize_all_nea_pinsv</name>
         <load_address>0x12fe2</load_address>
         <run_address>0x12fe2</run_address>
         <size>0x38</size>
         <input_file_ref idref="fl-c"/>
      </object_component>
      <object_component id="oc-5ac">
         <name>.text:_Z19send_message_structPK7Message</name>
         <load_address>0x1301a</load_address>
         <run_address>0x1301a</run_address>
         <size>0x36</size>
         <input_file_ref idref="fl-2"/>
      </object_component>
      <object_component id="oc-886">
         <name>.text</name>
         <load_address>0x13050</load_address>
         <run_address>0x13050</run_address>
         <size>0x36</size>
         <input_file_ref idref="fl-62"/>
      </object_component>
      <object_component id="oc-684">
         <name>.text:_Z27initialize_charge_cap_flagsv</name>
         <load_address>0x13086</load_address>
         <run_address>0x13086</run_address>
         <size>0x32</size>
         <input_file_ref idref="fl-10"/>
      </object_component>
      <object_component id="oc-563">
         <name>.text:_Z30initialize_all_electronic_pinsv</name>
         <load_address>0x130b8</load_address>
         <run_address>0x130b8</run_address>
         <size>0x32</size>
         <input_file_ref idref="fl-b"/>
      </object_component>
      <object_component id="oc-659">
         <name>.text:_Z9uart_initv</name>
         <load_address>0x130ea</load_address>
         <run_address>0x130ea</run_address>
         <size>0x32</size>
         <input_file_ref idref="fl-4"/>
      </object_component>
      <object_component id="oc-9f4">
         <name>.text:__mspabi_subd</name>
         <load_address>0x1311c</load_address>
         <run_address>0x1311c</run_address>
         <size>0x32</size>
         <input_file_ref idref="fl-77"/>
      </object_component>
      <object_component id="oc-797">
         <name>.text:_Z14activate_NEA_ni</name>
         <load_address>0x1314e</load_address>
         <run_address>0x1314e</run_address>
         <size>0x2c</size>
         <input_file_ref idref="fl-c"/>
      </object_component>
      <object_component id="oc-9a3">
         <name>.text:_Z18calculateFrequencyf</name>
         <load_address>0x1317a</load_address>
         <run_address>0x1317a</run_address>
         <size>0x2c</size>
         <input_file_ref idref="fl-11"/>
      </object_component>
      <object_component id="oc-47d">
         <name>.text:__mpu_init</name>
         <load_address>0x131a6</load_address>
         <run_address>0x131a6</run_address>
         <size>0x2c</size>
         <input_file_ref idref="fl-7c"/>
      </object_component>
      <object_component id="oc-a2e">
         <name>.text:__mpyull</name>
         <load_address>0x131d2</load_address>
         <run_address>0x131d2</run_address>
         <size>0x2c</size>
         <input_file_ref idref="fl-6f"/>
      </object_component>
      <object_component id="oc-9d1">
         <name>.text:free_list_insert</name>
         <load_address>0x131fe</load_address>
         <run_address>0x131fe</run_address>
         <size>0x2c</size>
         <input_file_ref idref="fl-85"/>
      </object_component>
      <object_component id="oc-895">
         <name>.text</name>
         <load_address>0x1322a</load_address>
         <run_address>0x1322a</run_address>
         <size>0x2c</size>
         <input_file_ref idref="fl-5e"/>
      </object_component>
      <object_component id="oc-9cb">
         <name>.text:free_list_remove</name>
         <load_address>0x13256</load_address>
         <run_address>0x13256</run_address>
         <size>0x2a</size>
         <input_file_ref idref="fl-85"/>
      </object_component>
      <object_component id="oc-877">
         <name>.text:_Z22convert_adc_to_voltagej</name>
         <load_address>0x13280</load_address>
         <run_address>0x13280</run_address>
         <size>0x28</size>
         <input_file_ref idref="fl-10"/>
      </object_component>
      <object_component id="oc-557">
         <name>.text:_Z11setup_SMCLKv</name>
         <load_address>0x132a8</load_address>
         <run_address>0x132a8</run_address>
         <size>0x26</size>
         <input_file_ref idref="fl-f"/>
      </object_component>
      <object_component id="oc-666">
         <name>.text:_Z22initialize_adc_generalv</name>
         <load_address>0x132ce</load_address>
         <run_address>0x132ce</run_address>
         <size>0x26</size>
         <input_file_ref idref="fl-f"/>
      </object_component>
      <object_component id="oc-785">
         <name>.text:_Z25switch_on_charge_cap_flagi</name>
         <load_address>0x132f4</load_address>
         <run_address>0x132f4</run_address>
         <size>0x26</size>
         <input_file_ref idref="fl-10"/>
      </object_component>
      <object_component id="oc-7ae">
         <name>.text:_Z26switch_off_charge_cap_flagi</name>
         <load_address>0x1331a</load_address>
         <run_address>0x1331a</run_address>
         <size>0x26</size>
         <input_file_ref idref="fl-10"/>
      </object_component>
      <object_component id="oc-69c">
         <name>.text:_Z29initialize_heat_resistor_pinsv</name>
         <load_address>0x13340</load_address>
         <run_address>0x13340</run_address>
         <size>0x24</size>
         <input_file_ref idref="fl-e"/>
      </object_component>
      <object_component id="oc-3f3">
         <name>.text:decompress:ZI:__TI_zero_init_nomemset:__TI_zero_init_nomemset</name>
         <load_address>0x13364</load_address>
         <run_address>0x13364</run_address>
         <size>0x24</size>
         <input_file_ref idref="fl-56"/>
      </object_component>
      <object_component id="oc-954">
         <name>.text</name>
         <load_address>0x13388</load_address>
         <run_address>0x13388</run_address>
         <size>0x24</size>
         <input_file_ref idref="fl-64"/>
      </object_component>
      <object_component id="oc-a41">
         <name>.text</name>
         <load_address>0x133ac</load_address>
         <run_address>0x133ac</run_address>
         <size>0x24</size>
         <input_file_ref idref="fl-6b"/>
      </object_component>
      <object_component id="oc-75b">
         <name>.text:_Z10uart_writePhj</name>
         <load_address>0x133d0</load_address>
         <run_address>0x133d0</run_address>
         <size>0x1e</size>
         <input_file_ref idref="fl-4"/>
      </object_component>
      <object_component id="oc-78b">
         <name>.text:_Z21startTimeoutTimer_TA3v</name>
         <load_address>0x133ee</load_address>
         <run_address>0x133ee</run_address>
         <size>0x1e</size>
         <input_file_ref idref="fl-f"/>
      </object_component>
      <object_component id="oc-4de">
         <name>.text:_Z12send_messagehPKhh</name>
         <load_address>0x1340c</load_address>
         <run_address>0x1340c</run_address>
         <size>0x1c</size>
         <input_file_ref idref="fl-2"/>
      </object_component>
      <object_component id="oc-67e">
         <name>.text:_Z13setupTimer_B0v</name>
         <load_address>0x13428</load_address>
         <run_address>0x13428</run_address>
         <size>0x1c</size>
         <input_file_ref idref="fl-11"/>
      </object_component>
      <object_component id="oc-68a">
         <name>.text:_Z19initialize_capreadyv</name>
         <load_address>0x13444</load_address>
         <run_address>0x13444</run_address>
         <size>0x18</size>
         <input_file_ref idref="fl-10"/>
      </object_component>
      <object_component id="oc-6c7">
         <name>.text:_Z21startTimeoutTimer_TA2v</name>
         <load_address>0x1345c</load_address>
         <run_address>0x1345c</run_address>
         <size>0x18</size>
         <input_file_ref idref="fl-f"/>
      </object_component>
      <object_component id="oc-810">
         <name>.text</name>
         <load_address>0x13474</load_address>
         <run_address>0x13474</run_address>
         <size>0x18</size>
         <input_file_ref idref="fl-69"/>
      </object_component>
      <object_component id="oc-9c5">
         <name>.text:heap_start</name>
         <load_address>0x1348c</load_address>
         <run_address>0x1348c</run_address>
         <size>0x16</size>
         <input_file_ref idref="fl-85"/>
      </object_component>
      <object_component id="oc-963">
         <name>.text</name>
         <load_address>0x134a2</load_address>
         <run_address>0x134a2</run_address>
         <size>0x16</size>
         <input_file_ref idref="fl-5f"/>
      </object_component>
      <object_component id="oc-82e">
         <name>.text:_Z18calculate_checksumPK7Message</name>
         <load_address>0x134b8</load_address>
         <run_address>0x134b8</run_address>
         <size>0x14</size>
         <input_file_ref idref="fl-3"/>
      </object_component>
      <object_component id="oc-865">
         <name>.text:_Z24initialize_adc_supercapsv</name>
         <load_address>0x134cc</load_address>
         <run_address>0x134cc</run_address>
         <size>0x14</size>
         <input_file_ref idref="fl-10"/>
      </object_component>
      <object_component id="oc-746">
         <name>.text:_Z25calculate_checksum_helperhhPKh</name>
         <load_address>0x134e0</load_address>
         <run_address>0x134e0</run_address>
         <size>0x14</size>
         <input_file_ref idref="fl-3"/>
      </object_component>
      <object_component id="oc-8a1">
         <name>.text:_Z26initialize_adc_bus_currentv</name>
         <load_address>0x134f4</load_address>
         <run_address>0x134f4</run_address>
         <size>0x14</size>
         <input_file_ref idref="fl-d"/>
      </object_component>
      <object_component id="oc-3c3">
         <name>.text:memcpy</name>
         <load_address>0x13508</load_address>
         <run_address>0x13508</run_address>
         <size>0x14</size>
         <input_file_ref idref="fl-86"/>
      </object_component>
      <object_component id="oc-86b">
         <name>.text:_Z20enable_interrupt_adcv</name>
         <load_address>0x1351c</load_address>
         <run_address>0x1351c</run_address>
         <size>0x12</size>
         <input_file_ref idref="fl-10"/>
      </object_component>
      <object_component id="oc-871">
         <name>.text:_Z21disable_interrupt_adcv</name>
         <load_address>0x1352e</load_address>
         <run_address>0x1352e</run_address>
         <size>0x12</size>
         <input_file_ref idref="fl-10"/>
      </object_component>
      <object_component id="oc-66c">
         <name>.text:_Z32initialize_bus_current_sense_pinv</name>
         <load_address>0x13540</load_address>
         <run_address>0x13540</run_address>
         <size>0x12</size>
         <input_file_ref idref="fl-d"/>
      </object_component>
      <object_component id="oc-660">
         <name>.text:_Z35initialize_umbilicalcord_detach_pinv</name>
         <load_address>0x13552</load_address>
         <run_address>0x13552</run_address>
         <size>0x12</size>
         <input_file_ref idref="fl-12"/>
      </object_component>
      <object_component id="oc-7c">
         <name>.text:decompress:none:__TI_decompress_none</name>
         <load_address>0x13564</load_address>
         <run_address>0x13564</run_address>
         <size>0x12</size>
         <input_file_ref idref="fl-40"/>
      </object_component>
      <object_component id="oc-993">
         <name>.text:_Z20stopTimeoutTimer_TA2v</name>
         <load_address>0x13576</load_address>
         <run_address>0x13576</run_address>
         <size>0x10</size>
         <input_file_ref idref="fl-f"/>
      </object_component>
      <object_component id="oc-971">
         <name>.text:_Z12is_heater_onv</name>
         <load_address>0x13586</load_address>
         <run_address>0x13586</run_address>
         <size>0xe</size>
         <input_file_ref idref="fl-e"/>
      </object_component>
      <object_component id="oc-55d">
         <name>.text:_Z14uart_configurev</name>
         <load_address>0x13594</load_address>
         <run_address>0x13594</run_address>
         <size>0xe</size>
         <input_file_ref idref="fl-4"/>
      </object_component>
      <object_component id="oc-5b6">
         <name>.text:_Z20read_NEAready_statusPVhh</name>
         <load_address>0x135a2</load_address>
         <run_address>0x135a2</run_address>
         <size>0xe</size>
         <input_file_ref idref="fl-c"/>
      </object_component>
      <object_component id="oc-791">
         <name>.text:_Z20stopTimeoutTimer_TA3v</name>
         <load_address>0x135b0</load_address>
         <run_address>0x135b0</run_address>
         <size>0xe</size>
         <input_file_ref idref="fl-f"/>
      </object_component>
      <object_component id="oc-4c9">
         <name>.text:_Z22boot_up_initialisationv</name>
         <load_address>0x135be</load_address>
         <run_address>0x135be</run_address>
         <size>0xe</size>
         <input_file_ref idref="fl-f"/>
      </object_component>
      <object_component id="oc-672">
         <name>.text:_Z23initialize_bus_flag_pinv</name>
         <load_address>0x135cc</load_address>
         <run_address>0x135cc</run_address>
         <size>0xe</size>
         <input_file_ref idref="fl-d"/>
      </object_component>
      <object_component id="oc-732">
         <name>.text:_Z28readout_temperature_sensor_1v</name>
         <load_address>0x135da</load_address>
         <run_address>0x135da</run_address>
         <size>0xe</size>
         <input_file_ref idref="fl-11"/>
      </object_component>
      <object_component id="oc-72c">
         <name>.text:_Z28readout_temperature_sensor_2v</name>
         <load_address>0x135e8</load_address>
         <run_address>0x135e8</run_address>
         <size>0xe</size>
         <input_file_ref idref="fl-11"/>
      </object_component>
      <object_component id="oc-59b">
         <name>.text:_Z33send_transit_mode_request_messagev</name>
         <load_address>0x135f6</load_address>
         <run_address>0x135f6</run_address>
         <size>0xe</size>
         <input_file_ref idref="fl-14"/>
      </object_component>
      <object_component id="oc-696">
         <name>.text:_Z8init_LEDv</name>
         <load_address>0x13604</load_address>
         <run_address>0x13604</run_address>
         <size>0xe</size>
         <input_file_ref idref="fl-f"/>
      </object_component>
      <object_component id="oc-7ba">
         <name>.text:_Z28switch_on_discharge_cap_flagv</name>
         <load_address>0x13612</load_address>
         <run_address>0x13612</run_address>
         <size>0xc</size>
         <input_file_ref idref="fl-10"/>
      </object_component>
      <object_component id="oc-7b4">
         <name>.text:_Z29switch_off_discharge_cap_flagv</name>
         <load_address>0x1361e</load_address>
         <run_address>0x1361e</run_address>
         <size>0xc</size>
         <input_file_ref idref="fl-10"/>
      </object_component>
      <object_component id="oc-595">
         <name>.text:_Z29umbilicalcord_rover_connectedv</name>
         <load_address>0x1362a</load_address>
         <run_address>0x1362a</run_address>
         <size>0xc</size>
         <input_file_ref idref="fl-12"/>
      </object_component>
      <object_component id="oc-5e6">
         <name>.text:_Z23switch_off_bus_flag_pinv</name>
         <load_address>0x13636</load_address>
         <run_address>0x13636</run_address>
         <size>0xa</size>
         <input_file_ref idref="fl-d"/>
      </object_component>
      <object_component id="oc-58f">
         <name>.text:_Z34initialize_umbilicalcord_pin_roverv</name>
         <load_address>0x13640</load_address>
         <run_address>0x13640</run_address>
         <size>0xa</size>
         <input_file_ref idref="fl-12"/>
      </object_component>
      <object_component id="oc-83e">
         <name>.text:_ZdlPv</name>
         <load_address>0x1364a</load_address>
         <run_address>0x1364a</run_address>
         <size>0xa</size>
         <input_file_ref idref="fl-3e"/>
      </object_component>
      <object_component id="oc-5f5">
         <name>.text:_Z16MCU_heaterOn_lowv</name>
         <load_address>0x13654</load_address>
         <run_address>0x13654</run_address>
         <size>0x8</size>
         <input_file_ref idref="fl-e"/>
      </object_component>
      <object_component id="oc-5fb">
         <name>.text:_Z17MCU_heaterOff_lowv</name>
         <load_address>0x1365c</load_address>
         <run_address>0x1365c</run_address>
         <size>0x8</size>
         <input_file_ref idref="fl-e"/>
      </object_component>
      <object_component id="oc-977">
         <name>.text:_Z17MCU_heaterOn_highv</name>
         <load_address>0x13664</load_address>
         <run_address>0x13664</run_address>
         <size>0x8</size>
         <input_file_ref idref="fl-e"/>
      </object_component>
      <object_component id="oc-97d">
         <name>.text:_Z18MCU_heaterOff_highv</name>
         <load_address>0x1366c</load_address>
         <run_address>0x1366c</run_address>
         <size>0x8</size>
         <input_file_ref idref="fl-e"/>
      </object_component>
      <object_component id="oc-50d">
         <name>.text:abort</name>
         <load_address>0x13674</load_address>
         <run_address>0x13674</run_address>
         <size>0x6</size>
         <input_file_ref idref="fl-81"/>
      </object_component>
      <object_component id="oc-6bc">
         <name>.text:_ZdlPvj</name>
         <load_address>0x1367a</load_address>
         <run_address>0x1367a</run_address>
         <size>0x4</size>
         <input_file_ref idref="fl-3e"/>
      </object_component>
      <object_component id="oc-465">
         <name>.text:_system_pre_init</name>
         <load_address>0x1367e</load_address>
         <run_address>0x1367e</run_address>
         <size>0x4</size>
         <input_file_ref idref="fl-80"/>
      </object_component>
      <object_component id="oc-7f1">
         <name>.text:_nop</name>
         <load_address>0x13682</load_address>
         <run_address>0x13682</run_address>
         <size>0x2</size>
         <input_file_ref idref="fl-83"/>
      </object_component>
      <object_component id="oc-633">
         <name>.text:_system_post_cinit</name>
         <load_address>0x13684</load_address>
         <run_address>0x13684</run_address>
         <size>0x2</size>
         <input_file_ref idref="fl-7f"/>
      </object_component>
      <object_component id="oc-754">
         <name>.bss:buffer$1</name>
         <uninitialized>true</uninitialized>
         <run_address>0x1c00</run_address>
         <size>0x100</size>
         <input_file_ref idref="fl-2"/>
      </object_component>
      <object_component id="oc-74d">
         <name>.bss:temp_buffer$2</name>
         <uninitialized>true</uninitialized>
         <run_address>0x1d00</run_address>
         <size>0x100</size>
         <input_file_ref idref="fl-2"/>
      </object_component>
      <object_component id="oc-9fe">
         <name>.bss</name>
         <uninitialized>true</uninitialized>
         <run_address>0x1f00</run_address>
         <size>0x4</size>
         <input_file_ref idref="fl-85"/>
      </object_component>
      <object_component id="oc-505">
         <name>.common:transit_state</name>
         <uninitialized>true</uninitialized>
         <run_address>0x1f08</run_address>
         <size>0x2</size>
      </object_component>
      <object_component id="oc-452">
         <name>.common:RX_buffer</name>
         <uninitialized>true</uninitialized>
         <run_address>0x1e00</run_address>
         <size>0x100</size>
      </object_component>
      <object_component id="oc-451">
         <name>.common:message_pointer</name>
         <uninitialized>true</uninitialized>
         <run_address>0x1f06</run_address>
[...]
      </symbol>
      <symbol id="sm-93b">
         <name>_Z15general_startupv</name>
         <value>0x12558</value>
         <object_component_ref idref="oc-4d5"/>
      </symbol>
      <symbol id="sm-93c">
         <name>generalStartupTask</name>
         <value>0x1f2a</value>
         <object_component_ref idref="oc-580"/>
      </symbol>
      <symbol id="sm-96b">
         <name>_Z11launch_modev</name>
         <value>0x1269e</value>
         <object_component_ref idref="oc-4ff"/>
      </symbol>
      <symbol id="sm-96c">
         <name>launchModeTask</name>
         <value>0x1f2c</value>
         <object_component_ref idref="oc-610"/>
      </symbol>
      <symbol id="sm-980">
         <name>_Z19pre_deployment_modev</name>
         <value>0x12b84</value>
         <object_component_ref idref="oc-4ed"/>
      </symbol>
      <symbol id="sm-981">
         <name>preDeploymentModeTask</name>
         <value>0x1f2e</value>
         <object_component_ref idref="oc-604"/>
      </symbol>
      <symbol id="sm-995">
         <name>_Z12transit_modev</name>
         <value>0x12c20</value>
         <object_component_ref idref="oc-4f6"/>
      </symbol>
      <symbol id="sm-996">
         <name>transitModeTask</name>
         <value>0x1f30</value>
         <object_component_ref idref="oc-60a"/>
      </symbol>
      <symbol id="sm-9b5">
         <name>_ZdlPv</name>
         <value>0x1364a</value>
         <object_component_ref idref="oc-83e"/>
      </symbol>
      <symbol id="sm-9b6">
         <name>_ZdlPvj</name>
         <value>0x1367a</value>
         <object_component_ref idref="oc-6bc"/>
      </symbol>
      <symbol id="sm-9d9">
         <name>__TI_decompress_lzss</name>
         <value>0x128ce</value>
         <object_component_ref idref="oc-76"/>
      </symbol>
      <symbol id="sm-9ea">
         <name>__TI_decompress_none</name>
         <value>0x13564</value>
         <object_component_ref idref="oc-7c"/>
      </symbol>
      <symbol id="sm-9ed">
         <name>__TI_int30</name>
         <value>0xffcc</value>
         <object_component_ref idref="oc-82"/>
      </symbol>
      <symbol id="sm-9f5">
         <name>__TI_ISR_TRAP</name>
         <value>0x4970</value>
         <object_component_ref idref="oc-3d0"/>
      </symbol>
      <symbol id="sm-9f8">
         <name>__TI_int31</name>
         <value>0xffce</value>
         <object_component_ref idref="oc-83"/>
      </symbol>
      <symbol id="sm-9fb">
         <name>__TI_int32</name>
         <value>0xffd0</value>
         <object_component_ref idref="oc-84"/>
      </symbol>
      <symbol id="sm-9fe">
         <name>__TI_int33</name>
         <value>0xffd2</value>
         <object_component_ref idref="oc-85"/>
      </symbol>
      <symbol id="sm-a01">
         <name>__TI_int34</name>
         <value>0xffd4</value>
         <object_component_ref idref="oc-86"/>
      </symbol>
      <symbol id="sm-a04">
         <name>__TI_int36</name>
         <value>0xffd8</value>
         <object_component_ref idref="oc-88"/>
      </symbol>
      <symbol id="sm-a07">
         <name>__TI_int37</name>
         <value>0xffda</value>
         <object_component_ref idref="oc-89"/>
      </symbol>
      <symbol id="sm-a0a">
         <name>__TI_int39</name>
         <value>0xffde</value>
         <object_component_ref idref="oc-8b"/>
      </symbol>
      <symbol id="sm-a0d">
         <name>__TI_int40</name>
         <value>0xffe0</value>
         <object_component_ref idref="oc-8c"/>
      </symbol>
      <symbol id="sm-a10">
         <name>__TI_int42</name>
         <value>0xffe4</value>
         <object_component_ref idref="oc-8e"/>
      </symbol>
      <symbol id="sm-a13">
         <name>__TI_int44</name>
         <value>0xffe8</value>
         <object_component_ref idref="oc-90"/>
      </symbol>
      <symbol id="sm-a16">
         <name>__TI_int45</name>
         <value>0xffea</value>
         <object_component_ref idref="oc-91"/>
      </symbol>
      <symbol id="sm-a19">
         <name>__TI_int47</name>
         <value>0xffee</value>
         <object_component_ref idref="oc-93"/>
      </symbol>
      <symbol id="sm-a1c">
         <name>__TI_int48</name>
         <value>0xfff0</value>
         <object_component_ref idref="oc-94"/>
      </symbol>
      <symbol id="sm-a1f">
         <name>__TI_int49</name>
         <value>0xfff2</value>
         <object_component_ref idref="oc-95"/>
      </symbol>
      <symbol id="sm-a22">
         <name>__TI_int50</name>
         <value>0xfff4</value>
         <object_component_ref idref="oc-96"/>
      </symbol>
      <symbol id="sm-a25">
         <name>__TI_int51</name>
         <value>0xfff6</value>
         <object_component_ref idref="oc-97"/>
      </symbol>
      <symbol id="sm-a28">
         <name>__TI_int52</name>
         <value>0xfff8</value>
         <object_component_ref idref="oc-98"/>
      </symbol>
      <symbol id="sm-a2b">
         <name>__TI_int53</name>
         <value>0xfffa</value>
         <object_component_ref idref="oc-99"/>
      </symbol>
      <symbol id="sm-a2e">
         <name>__TI_int54</name>
         <value>0xfffc</value>
         <object_component_ref idref="oc-9a"/>
      </symbol>
      <symbol id="sm-a41">
         <name>__TI_zero_init_nomemset</name>
         <value>0x13364</value>
         <object_component_ref idref="oc-3f3"/>
      </symbol>
      <symbol id="sm-a60">
         <name>__mspabi_cmpd</name>
         <value>0x11e00</value>
         <object_component_ref idref="oc-7c6"/>
      </symbol>
      <symbol id="sm-a70">
         <name>__mspabi_cmpf</name>
         <value>0x12c6a</value>
         <object_component_ref idref="oc-700"/>
      </symbol>
      <symbol id="sm-a8a">
         <name>__mspabi_cvtdf</name>
         <value>0x12356</value>
         <object_component_ref idref="oc-9ee"/>
      </symbol>
      <symbol id="sm-a98">
         <name>__mspabi_cvtfd</name>
         <value>0x12a16</value>
         <object_component_ref idref="oc-7c0"/>
      </symbol>
      <symbol id="sm-ab9">
         <name>__mspabi_divd</name>
         <value>0x110ae</value>
         <object_component_ref idref="oc-9e8"/>
      </symbol>
      <symbol id="sm-ad4">
         <name>__TI_frcdivd</name>
         <value>0x1072a</value>
         <object_component_ref idref="oc-a0b"/>
      </symbol>
      <symbol id="sm-ae6">
         <name>__mspabi_divf</name>
         <value>0x12738</value>
         <object_component_ref idref="oc-959"/>
      </symbol>
      <symbol id="sm-af2">
         <name>__mspabi_remi</name>
         <value>0x1322a</value>
         <object_component_ref idref="oc-895"/>
      </symbol>
      <symbol id="sm-af3">
         <name>__mspabi_divi</name>
         <value>0x1322a</value>
         <object_component_ref idref="oc-895"/>
      </symbol>
      <symbol id="sm-afd">
         <name>__mspabi_remu</name>
         <value>0x134a2</value>
         <object_component_ref idref="oc-963"/>
      </symbol>
      <symbol id="sm-afe">
         <name>__mspabi_divu</name>
         <value>0x134a2</value>
         <object_component_ref idref="oc-963"/>
      </symbol>
      <symbol id="sm-b10">
         <name>__mspabi_fixfi</name>
         <value>0x129ae</value>
         <object_component_ref idref="oc-881"/>
      </symbol>
      <symbol id="sm-b1f">
         <name>__mspabi_fixfu</name>
         <value>0x12cfe</value>
         <object_component_ref idref="oc-99e"/>
      </symbol>
      <symbol id="sm-b2c">
         <name>__mspabi_fltif</name>
         <value>0x13050</value>
         <object_component_ref idref="oc-886"/>
      </symbol>
      <symbol id="sm-b3b">
         <name>__mspabi_fltlif</name>
         <value>0x12cb4</value>
         <object_component_ref idref="oc-999"/>
      </symbol>
      <symbol id="sm-b46">
         <name>__mspabi_fltuf</name>
         <value>0x13388</value>
         <object_component_ref idref="oc-954"/>
      </symbol>
      <symbol id="sm-b6b">
         <name>__mspabi_mpyd</name>
         <value>0x10b92</value>
         <object_component_ref idref="oc-9e2"/>
      </symbol>
      <symbol id="sm-b76">
         <name>__TI_frcmpyd</name>
         <value>0x11782</value>
         <object_component_ref idref="oc-a03"/>
      </symbol>
      <symbol id="sm-b8d">
         <name>__mspabi_mpyf</name>
         <value>0x12134</value>
         <object_component_ref idref="oc-890"/>
      </symbol>
      <symbol id="sm-b96">
         <name>__mspabi_mpyi_f5hw</name>
         <value>0x13474</value>
         <object_component_ref idref="oc-810"/>
      </symbol>
      <symbol id="sm-b9f">
         <name>__mspabi_mpyl_f5hw</name>
         <value>0x133ac</value>
         <object_component_ref idref="oc-a41"/>
      </symbol>
      <symbol id="sm-ba8">
         <name>__mspabi_mpyll_f5hw</name>
         <value>0x12a7a</value>
         <object_component_ref idref="oc-a29"/>
      </symbol>
      <symbol id="sm-bb1">
         <name>__mspabi_mpyull_f5hw</name>
         <value>0x131d2</value>
         <object_component_ref idref="oc-a2e"/>
      </symbol>
      <symbol id="sm-bbb">
         <name>__mspabi_slll_9</name>
         <value>0x12e9a</value>
         <object_component_ref idref="oc-a13"/>
      </symbol>
      <symbol id="sm-bbc">
         <name>__mspabi_slll_8</name>
         <value>0x12e9e</value>
         <object_component_ref idref="oc-a13"/>
      </symbol>
      <symbol id="sm-bbd">
         <name>__mspabi_slll_7</name>
         <value>0x12ea2</value>
         <object_component_ref idref="oc-a13"/>
      </symbol>
      <symbol id="sm-bbe">
         <name>__mspabi_slll_6</name>
         <value>0x12ea6</value>
         <object_component_ref idref="oc-a13"/>
      </symbol>
      <symbol id="sm-bbf">
         <name>__mspabi_slll_5</name>
         <value>0x12eaa</value>
         <object_component_ref idref="oc-a13"/>
      </symbol>
      <symbol id="sm-bc0">
         <name>__mspabi_slll_4</name>
         <value>0x12eae</value>
         <object_component_ref idref="oc-a13"/>
      </symbol>
      <symbol id="sm-bc1">
         <name>__mspabi_slll_3</name>
         <value>0x12eb2</value>
         <object_component_ref idref="oc-a13"/>
      </symbol>
      <symbol id="sm-bc2">
         <name>__mspabi_slll_2</name>
         <value>0x12eb6</value>
         <object_component_ref idref="oc-a13"/>
      </symbol>
      <symbol id="sm-bc3">
         <name>__mspabi_slll_1</name>
         <value>0x12eba</value>
         <object_component_ref idref="oc-a13"/>
      </symbol>
      <symbol id="sm-bc4">
         <name>__mspabi_slll_15</name>
         <value>0x12e82</value>
         <object_component_ref idref="oc-a13"/>
      </symbol>
      <symbol id="sm-bc5">
         <name>__mspabi_slll_14</name>
         <value>0x12e86</value>
         <object_component_ref idref="oc-a13"/>
      </symbol>
      <symbol id="sm-bc6">
         <name>__mspabi_slll_13</name>
         <value>0x12e8a</value>
         <object_component_ref idref="oc-a13"/>
      </symbol>
      <symbol id="sm-bc7">
         <name>__mspabi_slll_12</name>
         <value>0x12e8e</value>
         <object_component_ref idref="oc-a13"/>
      </symbol>
      <symbol id="sm-bc8">
         <name>__mspabi_slll_11</name>
         <value>0x12e92</value>
         <object_component_ref idref="oc-a13"/>
      </symbol>
      <symbol id="sm-bc9">
         <name>__mspabi_slll_10</name>
         <value>0x12e96</value>
         <object_component_ref idref="oc-a13"/>
      </symbol>
      <symbol id="sm-bd6">
         <name>__mspabi_sllll</name>
         <value>0x12efe</value>
         <object_component_ref idref="oc-a23"/>
      </symbol>
      <symbol id="sm-bde">
         <name>__mspabi_sral_15</name>
         <value>0x12e44</value>
         <object_component_ref idref="oc-90b"/>
      </symbol>
      <symbol id="sm-bdf">
         <name>__mspabi_sral_14</name>
         <value>0x12e48</value>
         <object_component_ref idref="oc-90b"/>
      </symbol>
      <symbol id="sm-be0">
         <name>__mspabi_sral_13</name>
         <value>0x12e4c</value>
         <object_component_ref idref="oc-90b"/>
      </symbol>
      <symbol id="sm-be1">
         <name>__mspabi_sral_12</name>
         <value>0x12e50</value>
         <object_component_ref idref="oc-90b"/>
      </symbol>
      <symbol id="sm-be2">
         <name>__mspabi_sral_11</name>
         <value>0x12e54</value>
         <object_component_ref idref="oc-90b"/>
      </symbol>
      <symbol id="sm-be3">
         <name>__mspabi_sral_10</name>
         <value>0x12e58</value>
         <object_component_ref idref="oc-90b"/>
      </symbol>
      <symbol id="sm-be4">
         <name>__mspabi_sral_8</name>
         <value>0x12e60</value>
         <object_component_ref idref="oc-90b"/>
      </symbol>
      <symbol id="sm-be5">
         <name>__mspabi_sral_9</name>
         <value>0x12e5c</value>
         <object_component_ref idref="oc-90b"/>
      </symbol>
      <symbol id="sm-be6">
         <name>__mspabi_sral_6</name>
         <value>0x12e68</value>
         <object_component_ref idref="oc-90b"/>
      </symbol>
      <symbol id="sm-be7">
         <name>__mspabi_sral_7</name>
         <value>0x12e64</value>
         <object_component_ref idref="oc-90b"/>
      </symbol>
      <symbol id="sm-be8">
         <name>__mspabi_sral_4</name>
         <value>0x12e70</value>
         <object_component_ref idref="oc-90b"/>
      </symbol>
      <symbol id="sm-be9">
         <name>__mspabi_sral_5</name>
         <value>0x12e6c</value>
         <object_component_ref idref="oc-90b"/>
      </symbol>
      <symbol id="sm-bea">
         <name>__mspabi_sral_2</name>
         <value>0x12e78</value>
         <object_component_ref idref="oc-90b"/>
      </symbol>
      <symbol id="sm-beb">
         <name>__mspabi_sral_3</name>
         <value>0x12e74</value>
         <object_component_ref idref="oc-90b"/>
      </symbol>
      <symbol id="sm-bec">
         <name>__mspabi_sral_1</name>
         <value>0x12e7c</value>
         <object_component_ref idref="oc-90b"/>
      </symbol>
      <symbol id="sm-bf4">
         <name>__mspabi_srll_8</name>
         <value>0x12edc</value>
         <object_component_ref idref="oc-a3c"/>
      </symbol>
      <symbol id="sm-bf5">
         <name>__mspabi_srll_9</name>
         <value>0x12ed8</value>
         <object_component_ref idref="oc-a3c"/>
      </symbol>
      <symbol id="sm-bf6">
         <name>__mspabi_srll_6</name>
         <value>0x12ee4</value>
         <object_component_ref idref="oc-a3c"/>
      </symbol>
      <symbol id="sm-bf7">
         <name>__mspabi_srll_7</name>
         <value>0x12ee0</value>
         <object_component_ref idref="oc-a3c"/>
      </symbol>
      <symbol id="sm-bf8">
         <name>__mspabi_srll_4</name>
         <value>0x12eec</value>
         <object_component_ref idref="oc-a3c"/>
      </symbol>
      <symbol id="sm-bf9">
         <name>__mspabi_srll_5</name>
         <value>0x12ee8</value>
         <object_component_ref idref="oc-a3c"/>
      </symbol>
      <symbol id="sm-bfa">
         <name>__mspabi_srll_2</name>
         <value>0x12ef4</value>
         <object_component_ref idref="oc-a3c"/>
      </symbol>
      <symbol id="sm-bfb">
         <name>__mspabi_srll_3</name>
         <value>0x12ef0</value>
         <object_component_ref idref="oc-a3c"/>
      </symbol>
      <symbol id="sm-bfc">
         <name>__mspabi_srll_1</name>
         <value>0x12ef8</value>
         <object_component_ref idref="oc-a3c"/>
      </symbol>
      <symbol id="sm-bfd">
         <name>__mspabi_srll_15</name>
         <value>0x12ec0</value>
         <object_component_ref idref="oc-a3c"/>
      </symbol>
      <symbol id="sm-bfe">
         <name>__mspabi_srll_14</name>
         <value>0x12ec4</value>
         <object_component_ref idref="oc-a3c"/>
      </symbol>
      <symbol id="sm-bff">
         <name>__mspabi_srll_13</name>
         <value>0x12ec8</value>
         <object_component_ref idref="oc-a3c"/>
      </symbol>
      <symbol id="sm-c00">
         <name>__mspabi_srll_12</name>
         <value>0x12ecc</value>
         <object_component_ref idref="oc-a3c"/>
      </symbol>
      <symbol id="sm-c01">
         <name>__mspabi_srll_11</name>
         <value>0x12ed0</value>
         <object_component_ref idref="oc-a3c"/>
      </symbol>
      <symbol id="sm-c02">
         <name>__mspabi_srll_10</name>
         <value>0x12ed4</value>
         <object_component_ref idref="oc-a3c"/>
      </symbol>
      <symbol id="sm-c0f">
         <name>__mspabi_srlll</name>
         <value>0x12f38</value>
         <object_component_ref idref="oc-a33"/>
      </symbol>
      <symbol id="sm-c18">
         <name>__mspabi_subd</name>
         <value>0x1311c</value>
         <object_component_ref idref="oc-9f4"/>
      </symbol>
      <symbol id="sm-c52">
         <name>__mspabi_addd</name>
         <value>0x10000</value>
         <object_component_ref idref="oc-a1a"/>
      </symbol>
      <symbol id="sm-c5f">
         <name>__mspabi_srall</name>
         <value>0x12d88</value>
         <object_component_ref idref="oc-a4d"/>
      </symbol>
      <symbol id="sm-c7a">
         <name>__mspabi_subf</name>
         <value>0x118e6</value>
         <object_component_ref idref="oc-88b"/>
      </symbol>
      <symbol id="sm-c7b">
         <name>__mspabi_addf</name>
         <value>0x118ec</value>
         <object_component_ref idref="oc-88b"/>
      </symbol>
      <symbol id="sm-c8b">
         <name>_c_int00_noargs_mpu</name>
         <value>0x4926</value>
         <object_component_ref idref="oc-41d"/>
      </symbol>
      <symbol id="sm-c8c">
         <name>_stack</name>
         <value>0x2360</value>
         <object_component_ref idref="oc-3b1"/>
      </symbol>
      <symbol id="sm-c8d">
         <name>_reset_vector</name>
         <value>0xfffe</value>
         <object_component_ref idref="oc-3b4"/>
      </symbol>
      <symbol id="sm-c96">
         <name>__mpu_init</name>
         <value>0x131a6</value>
         <object_component_ref idref="oc-47d"/>
      </symbol>
      <symbol id="sm-cba">
         <name>__TI_auto_init_nobinit_nopinit_hold_wdt</name>
         <value>0x12b30</value>
         <object_component_ref idref="oc-531"/>
      </symbol>
      <symbol id="sm-cc3">
         <name>_system_post_cinit</name>
         <value>0x13684</value>
         <object_component_ref idref="oc-633"/>
      </symbol>
      <symbol id="sm-ccc">
         <name>_system_pre_init</name>
         <value>0x1367e</value>
         <object_component_ref idref="oc-465"/>
      </symbol>
      <symbol id="sm-cd6">
         <name>C$$EXIT</name>
         <value>0x13674</value>
         <object_component_ref idref="oc-50d"/>
      </symbol>
      <symbol id="sm-cd7">
         <name>abort</name>
         <value>0x13674</value>
         <object_component_ref idref="oc-50d"/>
      </symbol>
      <symbol id="sm-cee">
         <name>_nop</name>
         <value>0x13682</value>
         <object_component_ref idref="oc-7f1"/>
      </symbol>
      <symbol id="sm-cef">
         <name>_lock</name>
         <value>0x1f12</value>
         <object_component_ref idref="oc-625"/>
      </symbol>
      <symbol id="sm-cf0">
         <name>_unlock</name>
         <value>0x1f16</value>
         <object_component_ref idref="oc-62e"/>
      </symbol>
      <symbol id="sm-d48">
         <name>_sys_memory</name>
         <value>0x4400</value>
         <object_component_ref idref="oc-3b5"/>
      </symbol>
      <symbol id="sm-d49">
         <name>free</name>
         <value>0x11c40</value>
         <object_component_ref idref="oc-93e"/>
      </symbol>
      <symbol id="sm-d57">
         <name>memcpy</name>
         <value>0x13508</value>
         <object_component_ref idref="oc-3c3"/>
      </symbol>
      <symbol id="sm-d5d">
         <name>_ZSt17__throw_bad_allocv</name>
         <value>0x13674</value>
      </symbol>
   </symbol_table>
   <title>Link successful</title>
</link_info>
